
> rest-express@1.0.1 check
> tsc

client/src/App.tsx(14,22): error TS1261: Already included file name 'C:/Sviluppo/PULSE-ERP/PULSE-ERP/client/src/pages/WhatsApp.tsx' differs from file name 'C:/Sviluppo/PULSE-ERP/PULSE-ERP/client/src/pages/Whatsapp.tsx' only in casing.
  The file is in the program because:
    Imported via "@/pages/WhatsApp" from file 'C:/Sviluppo/PULSE-ERP/PULSE-ERP/client/src/App.tsx'
    Matched by include pattern 'client/src/**/*' in 'C:/Sviluppo/PULSE-ERP/PULSE-ERP/tsconfig.json'
client/src/App.tsx(185,13): error TS2322: Type 'string | null' is not assignable to type 'string | undefined'.
  Type 'null' is not assignable to type 'string | undefined'.
client/src/components/AnalysisLayouts.tsx(4,20): error TS2724: '"lucide-react"' has no exported member named 'Modal'. Did you mean 'Medal'?
client/src/components/layout/AppLayout.tsx(659,74): error TS2345: Argument of type 'string' is not assignable to parameter of type 'FontFamily'.
client/src/pages/Anagrafica.tsx(407,24): error TS2304: Cannot find name 'ITALIAN_BANKS'.
client/src/pages/Anagrafica.tsx(1313,18): error TS2345: Argument of type '{ nome: string; cognome: string; codiceFiscale: string; email: string; telefono: string; cellulare: string; indirizzo: string; citta: string; cap: string; provincia: string; ruolo: string; reparto: string; ... 9 more ...; comuneNascita: string; }' is not assignable to parameter of type 'SetStateAction<{ nome: string; cognome: string; codiceFiscale: string; email: string; emailPrivata: string; emailCedolini: string; telefono: string; cellulare: string; indirizzo: string; citta: string; cap: string; ... 36 more ...; responsabileId: string; }>'.
  Type '{ nome: string; cognome: string; codiceFiscale: string; email: string; telefono: string; cellulare: string; indirizzo: string; citta: string; cap: string; provincia: string; ruolo: string; reparto: string; ... 9 more ...; comuneNascita: string; }' is missing the following properties from type '{ nome: string; cognome: string; codiceFiscale: string; email: string; emailPrivata: string; emailCedolini: string; telefono: string; cellulare: string; indirizzo: string; citta: string; cap: string; ... 36 more ...; responsabileId: string; }': emailPrivata, emailCedolini, dataFinePeriodoProva, banca, and 22 more.
client/src/pages/Anagrafica.tsx(3250,42): error TS2339: Property 'portaleAbilitato' does not exist on type '{ ragioneSociale: string; partitaIva: string; codiceFiscale: string; email: string; pec: string; telefono: string; cellulare: string; indirizzo: string; citta: string; cap: string; provincia: string; ... 9 more ...; tags: string; }'.
client/src/pages/Anagrafica.tsx(3251,67): error TS2353: Object literal may only specify known properties, and 'portaleAbilitato' does not exist in type 'SetStateAction<{ ragioneSociale: string; partitaIva: string; codiceFiscale: string; email: string; pec: string; telefono: string; cellulare: string; indirizzo: string; citta: string; cap: string; provincia: string; ... 9 more ...; tags: string; }>'.
client/src/pages/Anagrafica.tsx(3256,28): error TS2339: Property 'portaleAbilitato' does not exist on type '{ ragioneSociale: string; partitaIva: string; codiceFiscale: string; email: string; pec: string; telefono: string; cellulare: string; indirizzo: string; citta: string; cap: string; provincia: string; ... 9 more ...; tags: string; }'.
client/src/pages/Anagrafica.tsx(3262,42): error TS2339: Property 'portaleUsername' does not exist on type '{ ragioneSociale: string; partitaIva: string; codiceFiscale: string; email: string; pec: string; telefono: string; cellulare: string; indirizzo: string; citta: string; cap: string; provincia: string; ... 9 more ...; tags: string; }'.
client/src/pages/Anagrafica.tsx(3263,69): error TS2353: Object literal may only specify known properties, and 'portaleUsername' does not exist in type 'SetStateAction<{ ragioneSociale: string; partitaIva: string; codiceFiscale: string; email: string; pec: string; telefono: string; cellulare: string; indirizzo: string; citta: string; cap: string; provincia: string; ... 9 more ...; tags: string; }>'.
client/src/pages/Anagrafica.tsx(3272,42): error TS2339: Property 'portalePassword' does not exist on type '{ ragioneSociale: string; partitaIva: string; codiceFiscale: string; email: string; pec: string; telefono: string; cellulare: string; indirizzo: string; citta: string; cap: string; provincia: string; ... 9 more ...; tags: string; }'.
client/src/pages/Anagrafica.tsx(3273,69): error TS2353: Object literal may only specify known properties, and 'portalePassword' does not exist in type 'SetStateAction<{ ragioneSociale: string; partitaIva: string; codiceFiscale: string; email: string; pec: string; telefono: string; cellulare: string; indirizzo: string; citta: string; cap: string; provincia: string; ... 9 more ...; tags: string; }>'.
client/src/pages/Archivio.tsx(1273,60): error TS2345: Argument of type '([category, docs]: [string, any[]]) => JSX.Element' is not assignable to parameter of type '(value: [string, unknown], index: number, array: [string, unknown][]) => Element'.
  Types of parameters '__0' and 'value' are incompatible.
    Type '[string, unknown]' is not assignable to type '[string, any[]]'.
      Type at position 1 in source is not compatible with type at position 1 in target.
        Type 'unknown' is not assignable to type 'any[]'.
client/src/pages/CatalogoArticoli.tsx(171,28): error TS18046: 'articoli' is of type 'unknown'.
client/src/pages/CatalogoArticoli.tsx(178,25): error TS18046: 'articoli' is of type 'unknown'.
client/src/pages/CatalogoArticoli.tsx(202,50): error TS18046: 'articoli' is of type 'unknown'.
client/src/pages/CatalogoArticoli.tsx(214,50): error TS18046: 'categorie' is of type 'unknown'.
client/src/pages/CatalogoArticoli.tsx(249,20): error TS18046: 'categorie' is of type 'unknown'.
client/src/pages/CatalogoArticoli.tsx(300,28): error TS18046: 'categorie' is of type 'unknown'.
client/src/pages/CatalogoArticoli.tsx(469,22): error TS18046: 'categorie' is of type 'unknown'.
client/src/pages/Cedolini.tsx(188,20): error TS2802: Type 'Set<number>' can only be iterated through when using the '--downlevelIteration' flag or with a '--target' of 'es2015' or higher.
client/src/pages/CourierPage.tsx(221,17): error TS2322: Type '(data: { firma: string; nomeFirmatario: string; }) => Promise<void>' is not assignable to type '(signature: string, name: string) => void'.
  Types of parameters 'data' and 'signature' are incompatible.
    Type 'string' is not assignable to type '{ firma: string; nomeFirmatario: string; }'.
client/src/pages/CRM.tsx(497,109): error TS2339: Property 'statistiche' does not exist on type '{}'.
client/src/pages/CRM.tsx(501,108): error TS2339: Property 'statistiche' does not exist on type '{}'.
client/src/pages/CRM.tsx(505,110): error TS2339: Property 'statistiche' does not exist on type '{}'.
client/src/pages/CRM.tsx(509,79): error TS2339: Property 'statistiche' does not exist on type '{}'.
client/src/pages/CRM.tsx(540,147): error TS2339: Property 'statistiche' does not exist on type '{}'.
client/src/pages/CRM.tsx(541,149): error TS2339: Property 'statistiche' does not exist on type '{}'.
client/src/pages/CRM.tsx(542,150): error TS2339: Property 'statistiche' does not exist on type '{}'.
client/src/pages/CRM.tsx(556,42): error TS2339: Property 'fatture' does not exist on type '{}'.
client/src/pages/CRM.tsx(571,32): error TS18046: 'clienteDashboard' is of type 'unknown'.
client/src/pages/CRM.tsx(605,51): error TS18046: 'clienteDashboard' is of type 'unknown'.
client/src/pages/CRM.tsx(608,51): error TS18046: 'clienteDashboard' is of type 'unknown'.
client/src/pages/CRM.tsx(624,42): error TS2339: Property 'preventivi' does not exist on type '{}'.
client/src/pages/CRM.tsx(638,32): error TS18046: 'clienteDashboard' is of type 'unknown'.
client/src/pages/CRM.tsx(658,51): error TS18046: 'clienteDashboard' is of type 'unknown'.
client/src/pages/CRM.tsx(679,42): error TS2339: Property 'referenti' does not exist on type '{}'.
client/src/pages/CRM.tsx(681,28): error TS18046: 'clienteDashboard' is of type 'unknown'.
client/src/pages/CRM.tsx(721,67): error TS2339: Property 'totaleClienti' does not exist on type '{}'.
client/src/pages/CRM.tsx(725,82): error TS2339: Property 'clientiAttivi' does not exist on type '{}'.
client/src/pages/CRM.tsx(729,83): error TS2339: Property 'clientiVIP' does not exist on type '{}'.
client/src/pages/CRM.tsx(733,96): error TS2339: Property 'fatturatoTotaleAnno' does not exist on type '{}'.
client/src/pages/CRM.tsx(743,36): error TS2339: Property 'topClienti' does not exist on type '{}'.
client/src/pages/CRM.tsx(759,34): error TS2339: Property 'clientiInattivi' does not exist on type '{}'.
client/src/pages/CRM.tsx(761,38): error TS2339: Property 'clientiInattivi' does not exist on type '{}'.
client/src/pages/Dashboard.tsx(765,73): error TS2322: Type '(id: string, data: any) => void' is not assignable to type 'MouseEventHandler<HTMLButtonElement>'.
  Target signature provides too few arguments. Expected 2 or more, but got 1.
client/src/pages/Documents.tsx(6,16): error TS2322: Type '{ children: Element; title: string; }' is not assignable to type 'IntrinsicAttributes & { children: ReactNode; }'.
  Property 'title' does not exist on type 'IntrinsicAttributes & { children: ReactNode; }'.
client/src/pages/DocumentsContent.tsx(1266,27): error TS2802: Type 'Set<string>' can only be iterated through when using the '--downlevelIteration' flag or with a '--target' of 'es2015' or higher.
client/src/pages/EmailContent.tsx(440,23): error TS7006: Parameter 'prev' implicitly has an 'any' type.
client/src/pages/EmailContent.tsx(2087,105): error TS2322: Type 'string | null' is not assignable to type 'string'.
  Type 'null' is not assignable to type 'string'.
client/src/pages/EmailContent.tsx(2090,93): error TS2304: Cannot find name 'handleConvertToTask'.
client/src/pages/EmailContent.tsx(2093,96): error TS2322: Type 'string | null' is not assignable to type 'string'.
  Type 'null' is not assignable to type 'string'.
client/src/pages/Finanza.tsx(1805,47): error TS18048: 'importoFattura' is possibly 'undefined'.
client/src/pages/Finanza.tsx(1834,17): error TS2345: Argument of type 'number | undefined' is not assignable to parameter of type 'number'.
  Type 'undefined' is not assignable to type 'number'.
client/src/pages/Finanza.tsx(1834,36): error TS18048: 'importoFattura' is possibly 'undefined'.
client/src/pages/Finanza.tsx(1837,40): error TS18048: 'importoFattura' is possibly 'undefined'.
client/src/pages/Finanza.tsx(1849,53): error TS18048: 'importoFattura' is possibly 'undefined'.
client/src/pages/Finanza.tsx(1873,55): error TS18048: 'importoFattura' is possibly 'undefined'.
client/src/pages/Finanza.tsx(2552,20): error TS2339: Property 'salesOrderId' does not exist on type '{ id?: string | undefined; numero?: string | undefined; stato?: string | undefined; dataEmissione?: string | undefined; dataTrasporto?: string | undefined; oraTrasporto?: string | undefined; ... 31 more ...; lines?: DdtLine[] | undefined; }'.
client/src/pages/Finanza.tsx(2552,49): error TS2339: Property 'salesOrderId' does not exist on type '{ id?: string | undefined; numero?: string | undefined; stato?: string | undefined; dataEmissione?: string | undefined; dataTrasporto?: string | undefined; oraTrasporto?: string | undefined; ... 31 more ...; lines?: DdtLine[] | undefined; }'.
client/src/pages/Finanza.tsx(2555,35): error TS2322: Type 'null' is not assignable to type 'string | undefined'.
client/src/pages/Finanza.tsx(2556,34): error TS2322: Type 'null' is not assignable to type 'string | undefined'.
client/src/pages/Finanza.tsx(5740,37): error TS2607: JSX element class does not support attributes because it does not have a 'props' property.
client/src/pages/Finanza.tsx(5740,38): error TS2786: 'Image' cannot be used as a JSX component.
  Its type 'new (width?: number | undefined, height?: number | undefined) => HTMLImageElement' is not a valid JSX element type.
    Type 'new (width?: number | undefined, height?: number | undefined) => HTMLImageElement' is not assignable to type 'new (props: any, context: any) => Component<any, any, any>'.
      Type 'HTMLImageElement' is missing the following properties from type 'Component<any, any, any>': context, setState, forceUpdate, render, and 2 more.
client/src/pages/Finanza.tsx(6769,69): error TS2339: Property 'invoiceId' does not exist on type 'FinanceTransaction'.
client/src/pages/Finanza.tsx(7509,15): error TS2322: Type 'string | null' is not assignable to type 'string | undefined'.
  Type 'null' is not assignable to type 'string | undefined'.
client/src/pages/Finanza.tsx(7511,15): error TS2322: Type 'string | null' is not assignable to type 'string | undefined'.
  Type 'null' is not assignable to type 'string | undefined'.
client/src/pages/Finanza.tsx(7512,15): error TS2322: Type 'string | null' is not assignable to type 'string | undefined'.
  Type 'null' is not assignable to type 'string | undefined'.
client/src/pages/Finanza.tsx(7513,15): error TS2322: Type 'string | null' is not assignable to type 'string | undefined'.
  Type 'null' is not assignable to type 'string | undefined'.
client/src/pages/Finanza.tsx(7514,15): error TS2322: Type 'string | null' is not assignable to type 'string | undefined'.
  Type 'null' is not assignable to type 'string | undefined'.
client/src/pages/Finanza.tsx(7518,15): error TS2322: Type 'string | null' is not assignable to type 'string | undefined'.
  Type 'null' is not assignable to type 'string | undefined'.
client/src/pages/Finanza.tsx(7519,15): error TS2322: Type 'string | null' is not assignable to type 'string | undefined'.
  Type 'null' is not assignable to type 'string | undefined'.
client/src/pages/Finanza.tsx(7520,15): error TS2322: Type 'string | null' is not assignable to type 'string | undefined'.
  Type 'null' is not assignable to type 'string | undefined'.
client/src/pages/Finanza.tsx(7521,15): error TS2322: Type 'string | null' is not assignable to type 'string | undefined'.
  Type 'null' is not assignable to type 'string | undefined'.
client/src/pages/Finanza.tsx(7522,15): error TS2322: Type 'string | null' is not assignable to type 'string | undefined'.
  Type 'null' is not assignable to type 'string | undefined'.
client/src/pages/Finanza.tsx(7523,15): error TS2322: Type 'string | null' is not assignable to type 'string | undefined'.
  Type 'null' is not assignable to type 'string | undefined'.
client/src/pages/HRManager.tsx(3042,23): error TS2802: Type 'Set<any>' can only be iterated through when using the '--downlevelIteration' flag or with a '--target' of 'es2015' or higher.
client/src/pages/HRManager.tsx(3043,21): error TS2802: Type 'Set<any>' can only be iterated through when using the '--downlevelIteration' flag or with a '--target' of 'es2015' or higher.
client/src/pages/InternalProjectView.tsx(209,13): error TS2322: Type '{ progress: number; title: any; compact: boolean; }' is not assignable to type 'IntrinsicAttributes & MountainProgressProps'.
  Property 'progress' does not exist on type 'IntrinsicAttributes & MountainProgressProps'.
client/src/pages/PortaleTimbratura.tsx(334,60): error TS2552: Cannot find name 'getLocation'. Did you mean 'setLocation'?
client/src/pages/Produzione.tsx(2861,43): error TS7006: Parameter 'order' implicitly has an 'any' type.
client/src/pages/PulseKeep.tsx(870,15): error TS2322: Type 'null' is not assignable to type 'string | undefined'.
client/src/pages/PulseKeep.tsx(1361,45): error TS2801: This condition will always return true since this 'Promise<boolean>' is always defined.
client/src/pages/PulseKeep.tsx(1361,53): error TS2345: Argument of type 'string' is not assignable to parameter of type 'ConfirmOptions'.
client/src/pages/PulseKeep.tsx(1568,109): error TS2552: Cannot find name 'softDeleteMutation'. Did you mean 'deleteMutation'?
client/src/pages/SocialMarketing.tsx(804,36): error TS2345: Argument of type '{ titolo: string; tipo: string; piattaforma: string; contenuto: string; stato: string; dataPubblicazione: string; oraPubblicazione: string; campagnaId: string | null; hashtags: string[]; }' is not assignable to parameter of type 'Partial<SocialContenuto>'.
  Types of property 'campagnaId' are incompatible.
    Type 'string | null' is not assignable to type 'string | undefined'.
      Type 'null' is not assignable to type 'string | undefined'.
client/src/pages/StaffPortal.tsx(296,56): error TS2802: Type 'Uint8Array' can only be iterated through when using the '--downlevelIteration' flag or with a '--target' of 'es2015' or higher.
client/src/pages/StaffPortal.tsx(300,53): error TS2802: Type 'Uint8Array' can only be iterated through when using the '--downlevelIteration' flag or with a '--target' of 'es2015' or higher.
client/src/pages/ToDoListContent.tsx(1083,19): error TS2339: Property 'googleCalendarEventId' does not exist on type 'PersonalTodo'.
client/src/pages/Users.tsx(5,92): error TS2440: Import declaration conflicts with local declaration of 'Users'.
client/src/pages/Users.tsx(225,35): error TS2322: Type '{ className: string; }' is not assignable to type 'IntrinsicAttributes'.
  Property 'className' does not exist on type 'IntrinsicAttributes'.
server/documentCollaboration.ts(4,38): error TS7016: Could not find a declaration file for module 'cookie'. 'C:/Sviluppo/PULSE-ERP/PULSE-ERP/node_modules/cookie/index.js' implicitly has an 'any' type.
  Try `npm i --save-dev @types/cookie` if it exists or add a new declaration (.d.ts) file containing `declare module 'cookie';`
server/documentCollaboration.ts(53,28): error TS2802: Type 'MapIterator<[WebSocket, { documentId: string; odId: string; userId: string; canEdit: boolean; }]>' can only be iterated through when using the '--downlevelIteration' flag or with a '--target' of 'es2015' or higher.
server/documentCollaboration.ts(267,36): error TS2802: Type 'MapIterator<[string, DocumentSession]>' can only be iterated through when using the '--downlevelIteration' flag or with a '--target' of 'es2015' or higher.
server/emailService.ts(1258,23): error TS2802: Type 'MapIterator<string>' can only be iterated through when using the '--downlevelIteration' flag or with a '--target' of 'es2015' or higher.
server/emailService.ts(1268,16): error TS2304: Cannot find name 'EmailCredentials'.
server/routes.ts(2,8): error TS2300: Duplicate identifier 'path'.
server/routes.ts(3,8): error TS2300: Duplicate identifier 'fs'.
server/routes.ts(55,8): error TS2300: Duplicate identifier 'path'.
server/routes.ts(56,8): error TS2300: Duplicate identifier 'fs'.
server/routes.ts(283,38): error TS2802: Type 'MapIterator<[string, number]>' can only be iterated through when using the '--downlevelIteration' flag or with a '--target' of 'es2015' or higher.
server/routes.ts(525,39): error TS2551: Property 'parseOfficeAsync' does not exist on type 'typeof OfficeParser'. Did you mean 'parseOffice'?
server/routes.ts(561,38): error TS2802: Type 'ArrayIterator<[number, unknown]>' can only be iterated through when using the '--downlevelIteration' flag or with a '--target' of 'es2015' or higher.
server/routes.ts(848,21): error TS2339: Property 'deleteSetting' does not exist on type 'DatabaseStorage'.
server/routes.ts(879,21): error TS2339: Property 'setSetting' does not exist on type 'DatabaseStorage'.
server/routes.ts(880,21): error TS2339: Property 'setSetting' does not exist on type 'DatabaseStorage'.
server/routes.ts(981,59): error TS2345: Argument of type '{ contactId: string; content: any; type: string; }' is not assignable to parameter of type '{ timestamp: string; contactId: string; direction: string; status?: string | null | undefined; type?: string | null | undefined; content?: string | null | undefined; mediaUrl?: string | null | undefined; whatsappId?: string | ... 1 more ... | undefined; isDeleted?: number | ... 1 more ... | undefined; }'.
  Type '{ contactId: string; content: any; type: string; }' is missing the following properties from type '{ timestamp: string; contactId: string; direction: string; status?: string | null | undefined; type?: string | null | undefined; content?: string | null | undefined; mediaUrl?: string | null | undefined; whatsappId?: string | ... 1 more ... | undefined; isDeleted?: number | ... 1 more ... | undefined; }': timestamp, direction
server/routes.ts(1377,11): error TS2353: Object literal may only specify known properties, and 'userName' does not exist in type '{ userId: string; action: string; entityType: string; entityId?: string | null | undefined; entityTitle?: string | null | undefined; details?: string | null | undefined; }'.
server/routes.ts(1479,13): error TS2353: Object literal may only specify known properties, and 'link' does not exist in type '{ message: string; type: string; userId: string; title: string; resourceType?: string | null | undefined; resourceId?: string | null | undefined; fromUserId?: string | null | undefined; read?: number | undefined; }'.
server/routes.ts(1755,9): error TS2769: No overload matches this call.
  Overload 1 of 2, '(insertProjectDocument: { projectId: string; documentId: string; }): Promise<{ id: string; projectId: string; addedAt: string | null; documentId: string; }>', gave the following error.
    Object literal may only specify known properties, and 'addedAt' does not exist in type '{ projectId: string; documentId: string; }'.
  Overload 2 of 2, '(data: { projectId: string; documentId: string; }): Promise<{ id: string; projectId: string; addedAt: string | null; documentId: string; }>', gave the following error.
    Object literal may only specify known properties, and 'addedAt' does not exist in type '{ projectId: string; documentId: string; }'.
server/routes.ts(1804,9): error TS2322: Type 'Date' is not assignable to type 'string'.
server/routes.ts(1841,25): error TS2339: Property 'userId' does not exist on type 'Session & Partial<SessionData>'.
server/routes.ts(2042,33): error TS2339: Property 'description' does not exist on type '{ id: string; title: string; priority: string | null; startDate: string | null; dueDate: string | null; createdAt: string | null; done: boolean; projectId: string | null; tag: string | null; assignedTo: string | null; estimatedHours: number | null; actualHours: number | null; }'.
server/routes.ts(2062,11): error TS2353: Object literal may only specify known properties, and 'userName' does not exist in type '{ userId: string; action: string; entityType: string; entityId?: string | null | undefined; entityTitle?: string | null | undefined; details?: string | null | undefined; }'.
server/routes.ts(2092,11): error TS2353: Object literal may only specify known properties, and 'userName' does not exist in type '{ userId: string; action: string; entityType: string; entityId?: string | null | undefined; entityTitle?: string | null | undefined; details?: string | null | undefined; }'.
server/routes.ts(2273,58): error TS2345: Argument of type '{ password: string; emailAddress: string; imapHost: string; smtpHost: string; imapPort?: number | undefined; imapSecure?: boolean | undefined; smtpPort?: number | undefined; smtpSecure?: boolean | undefined; displayName?: string | ... 1 more ... | undefined; signature?: string | ... 1 more ... | undefined; isActive?...' is not assignable to parameter of type '{ password: string; emailAddress: string; imapHost: string; smtpHost: string; imapPort?: number | undefined; imapSecure?: boolean | undefined; smtpPort?: number | undefined; smtpSecure?: boolean | undefined; displayName?: string | ... 1 more ... | undefined; signature?: string | ... 1 more ... | undefined; isActive?...'.
  Property 'userId' is missing in type '{ password: string; emailAddress: string; imapHost: string; smtpHost: string; imapPort?: number | undefined; imapSecure?: boolean | undefined; smtpPort?: number | undefined; smtpSecure?: boolean | undefined; displayName?: string | ... 1 more ... | undefined; signature?: string | ... 1 more ... | undefined; isActive?...' but required in type '{ userId: string; }'.
server/routes.ts(2397,23): error TS2304: Cannot find name 'UserEmailConfig'.
server/routes.ts(2471,13): error TS2353: Object literal may only specify known properties, and 'bodyHtml' does not exist in type '{ id: string; userId?: string | null | undefined; uid?: number | undefined; messageId?: string | null | undefined; folder?: string | undefined; accountId?: string | null | undefined; fromAddress?: string | ... 1 more ... | undefined; ... 8 more ...; receivedAt?: string | ... 1 more ... | undefined; }'.
server/routes.ts(2636,23): error TS2304: Cannot find name 'UserEmailConfig'.
server/routes.ts(2716,36): error TS2551: Property 'attachments' does not exist on type 'EmailMessage'. Did you mean 'hasAttachments'?
server/routes.ts(2717,13): error TS2322: Type 'Date' is not assignable to type 'string'.
server/routes.ts(2738,9): error TS2322: Type 'Date' is not assignable to type 'string'.
server/routes.ts(2811,19): error TS2304: Cannot find name 'UserEmailConfig'.
server/routes.ts(3690,9): error TS2322: Type 'string[]' is not assignable to type 'string'.
server/routes.ts(3878,9): error TS2322: Type 'Date' is not assignable to type 'string'.
server/routes.ts(3930,54): error TS2322: Type 'Date' is not assignable to type 'string'.
server/routes.ts(4019,9): error TS2322: Type 'boolean' is not assignable to type 'number'.
server/routes.ts(4096,9): error TS2322: Type 'Date' is not assignable to type 'string'.
server/routes.ts(4097,9): error TS2322: Type 'Date' is not assignable to type 'string'.
server/routes.ts(4256,9): error TS2322: Type 'Date' is not assignable to type 'string'.
server/routes.ts(4318,9): error TS2322: Type 'Date' is not assignable to type 'string'.
server/routes.ts(4360,9): error TS2322: Type 'Date' is not assignable to type 'string'.
server/routes.ts(4423,9): error TS2322: Type 'Date' is not assignable to type 'string'.
server/routes.ts(4605,9): error TS2353: Object literal may only specify known properties, and 'lastMessageAt' does not exist in type 'Partial<{ name: string; type?: string | undefined; projectId?: string | null | undefined; createdBy?: string | null | undefined; color?: string | null | undefined; unreadCount?: number | undefined; ... 5 more ...; taskId?: string | ... 1 more ... | undefined; }>'.
server/routes.ts(4704,9): error TS2322: Type 'boolean' is not assignable to type 'number'.
server/routes.ts(4705,9): error TS2322: Type 'Date | null' is not assignable to type 'string | null | undefined'.
  Type 'Date' is not assignable to type 'string'.
server/routes.ts(4841,11): error TS2353: Object literal may only specify known properties, and 'lastMessageAt' does not exist in type 'Partial<{ name: string; type?: string | undefined; projectId?: string | null | undefined; createdBy?: string | null | undefined; color?: string | null | undefined; unreadCount?: number | undefined; ... 5 more ...; taskId?: string | ... 1 more ... | undefined; }>'.
server/routes.ts(5232,35): error TS2345: Argument of type '{ fromAddress: string; fromName: string; toAddress: string; subject: string; preview: string; body: string; unread: true; }' is not assignable to parameter of type '{ id: string; userId?: string | null | undefined; uid?: number | undefined; messageId?: string | null | undefined; folder?: string | undefined; accountId?: string | null | undefined; fromAddress?: string | ... 1 more ... | undefined; ... 8 more ...; receivedAt?: string | ... 1 more ... | undefined; }'.
  Property 'id' is missing in type '{ fromAddress: string; fromName: string; toAddress: string; subject: string; preview: string; body: string; unread: true; }' but required in type '{ id: string; userId?: string | null | undefined; uid?: number | undefined; messageId?: string | null | undefined; folder?: string | undefined; accountId?: string | null | undefined; fromAddress?: string | ... 1 more ... | undefined; ... 8 more ...; receivedAt?: string | ... 1 more ... | undefined; }'.
server/routes.ts(5233,35): error TS2345: Argument of type '{ fromAddress: string; fromName: string; toAddress: string; subject: string; preview: string; body: string; unread: false; }' is not assignable to parameter of type '{ id: string; userId?: string | null | undefined; uid?: number | undefined; messageId?: string | null | undefined; folder?: string | undefined; accountId?: string | null | undefined; fromAddress?: string | ... 1 more ... | undefined; ... 8 more ...; receivedAt?: string | ... 1 more ... | undefined; }'.
  Property 'id' is missing in type '{ fromAddress: string; fromName: string; toAddress: string; subject: string; preview: string; body: string; unread: false; }' but required in type '{ id: string; userId?: string | null | undefined; uid?: number | undefined; messageId?: string | null | undefined; folder?: string | undefined; accountId?: string | null | undefined; fromAddress?: string | ... 1 more ... | undefined; ... 8 more ...; receivedAt?: string | ... 1 more ... | undefined; }'.
server/routes.ts(5234,35): error TS2345: Argument of type '{ fromAddress: string; fromName: string; toAddress: string; subject: string; preview: string; body: string; unread: true; }' is not assignable to parameter of type '{ id: string; userId?: string | null | undefined; uid?: number | undefined; messageId?: string | null | undefined; folder?: string | undefined; accountId?: string | null | undefined; fromAddress?: string | ... 1 more ... | undefined; ... 8 more ...; receivedAt?: string | ... 1 more ... | undefined; }'.
  Property 'id' is missing in type '{ fromAddress: string; fromName: string; toAddress: string; subject: string; preview: string; body: string; unread: true; }' but required in type '{ id: string; userId?: string | null | undefined; uid?: number | undefined; messageId?: string | null | undefined; folder?: string | undefined; accountId?: string | null | undefined; fromAddress?: string | ... 1 more ... | undefined; ... 8 more ...; receivedAt?: string | ... 1 more ... | undefined; }'.
server/routes.ts(5235,35): error TS2345: Argument of type '{ fromAddress: string; fromName: string; toAddress: string; subject: string; preview: string; body: string; unread: false; }' is not assignable to parameter of type '{ id: string; userId?: string | null | undefined; uid?: number | undefined; messageId?: string | null | undefined; folder?: string | undefined; accountId?: string | null | undefined; fromAddress?: string | ... 1 more ... | undefined; ... 8 more ...; receivedAt?: string | ... 1 more ... | undefined; }'.
  Property 'id' is missing in type '{ fromAddress: string; fromName: string; toAddress: string; subject: string; preview: string; body: string; unread: false; }' but required in type '{ id: string; userId?: string | null | undefined; uid?: number | undefined; messageId?: string | null | undefined; folder?: string | undefined; accountId?: string | null | undefined; fromAddress?: string | ... 1 more ... | undefined; ... 8 more ...; receivedAt?: string | ... 1 more ... | undefined; }'.
server/routes.ts(5236,35): error TS2345: Argument of type '{ fromAddress: string; fromName: string; toAddress: string; subject: string; preview: string; body: string; unread: false; }' is not assignable to parameter of type '{ id: string; userId?: string | null | undefined; uid?: number | undefined; messageId?: string | null | undefined; folder?: string | undefined; accountId?: string | null | undefined; fromAddress?: string | ... 1 more ... | undefined; ... 8 more ...; receivedAt?: string | ... 1 more ... | undefined; }'.
  Property 'id' is missing in type '{ fromAddress: string; fromName: string; toAddress: string; subject: string; preview: string; body: string; unread: false; }' but required in type '{ id: string; userId?: string | null | undefined; uid?: number | undefined; messageId?: string | null | undefined; folder?: string | undefined; accountId?: string | null | undefined; fromAddress?: string | ... 1 more ... | undefined; ... 8 more ...; receivedAt?: string | ... 1 more ... | undefined; }'.
server/routes.ts(5251,115): error TS2322: Type 'boolean' is not assignable to type 'number'.
server/routes.ts(5252,138): error TS2322: Type 'boolean' is not assignable to type 'number'.
server/routes.ts(5253,109): error TS2322: Type 'boolean' is not assignable to type 'number'.
server/routes.ts(5376,13): error TS2353: Object literal may only specify known properties, and 'link' does not exist in type '{ message: string; type: string; userId: string; title: string; resourceType?: string | null | undefined; resourceId?: string | null | undefined; fromUserId?: string | null | undefined; read?: number | undefined; }'.
server/routes.ts(5631,35): error TS2551: Property 'createTodoTimeEntry' does not exist on type 'DatabaseStorage'. Did you mean 'createTimeEntry'?
server/routes.ts(5650,35): error TS2551: Property 'updateTodoTimeEntry' does not exist on type 'DatabaseStorage'. Did you mean 'updateTimeEntry'?
server/routes.ts(6462,38): error TS2551: Property 'getProjectComments' does not exist on type 'DatabaseStorage'. Did you mean 'getProjectDocuments'?
server/routes.ts(6474,37): error TS2339: Property 'createProjectComment' does not exist on type 'DatabaseStorage'.
server/routes.ts(6508,21): error TS2339: Property 'deleteProjectComment' does not exist on type 'DatabaseStorage'.
server/routes.ts(6554,40): error TS2551: Property 'createSharedLink' does not exist on type 'DatabaseStorage'. Did you mean 'createShareLink'?
server/routes.ts(6573,35): error TS2551: Property 'getSharedLinks' does not exist on type 'DatabaseStorage'. Did you mean 'getAllShareLinks'?
server/routes.ts(6583,21): error TS2551: Property 'deleteSharedLink' does not exist on type 'DatabaseStorage'. Did you mean 'deleteShareLink'?
server/routes.ts(6595,34): error TS2551: Property 'getSharedLinkByToken' does not exist on type 'DatabaseStorage'. Did you mean 'getShareLinkByToken'?
server/routes.ts(6625,42): error TS2339: Property 'getTeamAvailability' does not exist on type 'DatabaseStorage'.
server/routes.ts(6639,42): error TS2339: Property 'createTeamAvailability' does not exist on type 'DatabaseStorage'.
server/routes.ts(6662,42): error TS2339: Property 'updateTeamAvailability' does not exist on type 'DatabaseStorage'.
server/routes.ts(6672,21): error TS2339: Property 'deleteTeamAvailability' does not exist on type 'DatabaseStorage'.
server/routes.ts(6844,65): error TS2304: Cannot find name 'invoiceLines'.
server/routes.ts(6845,63): error TS2304: Cannot find name 'quoteLines'.
server/routes.ts(6846,61): error TS2304: Cannot find name 'ddtLines'.
server/routes.ts(6847,68): error TS2304: Cannot find name 'spedizioniRighe'.
server/routes.ts(6848,71): error TS2304: Cannot find name 'warehouseMovements'.
server/routes.ts(6851,69): error TS2304: Cannot find name 'invoiceReminders'.
server/routes.ts(6852,66): error TS2304: Cannot find name 'projectEmails'.
server/routes.ts(6853,69): error TS2304: Cannot find name 'projectDocuments'.
server/routes.ts(6854,68): error TS2304: Cannot find name 'projectComments'.
server/routes.ts(6855,65): error TS2304: Cannot find name 'taskComments'.
server/routes.ts(6856,61): error TS2304: Cannot find name 'subtasks'.
server/routes.ts(6857,64): error TS2304: Cannot find name 'timeEntries'.
server/routes.ts(6858,67): error TS2304: Cannot find name 'documentShares'.
server/routes.ts(6859,69): error TS2304: Cannot find name 'documentComments'.
server/routes.ts(6860,71): error TS2304: Cannot find name 'whiteboardElements'.
server/routes.ts(6865,61): error TS2304: Cannot find name 'crmLeads'.
server/routes.ts(6869,79): error TS2304: Cannot find name 'indirizziSpedizioneClienti'.
server/routes.ts(6870,71): error TS2304: Cannot find name 'clientPortalTokens'.
server/routes.ts(6875,56): error TS2304: Cannot find name 'ddt'.
server/routes.ts(6876,63): error TS2304: Cannot find name 'spedizioni'.
server/routes.ts(6879,58): error TS2304: Cannot find name 'tasks'.
server/routes.ts(6881,59): error TS2304: Cannot find name 'emails'.
server/routes.ts(6882,62): error TS2304: Cannot find name 'documents'.
server/routes.ts(6883,70): error TS2304: Cannot find name 'archivedDocuments'.
server/routes.ts(6884,67): error TS2304: Cannot find name 'archiveFolders'.
server/routes.ts(6888,72): error TS2304: Cannot find name 'anagraficaPersonale'.
server/routes.ts(6892,70): error TS2304: Cannot find name 'warehouseProducts'.
server/routes.ts(6893,72): error TS2304: Cannot find name 'warehouseCategories'.
server/routes.ts(6894,74): error TS2304: Cannot find name 'warehouseCodeCounters'.
server/routes.ts(6897,61): error TS2304: Cannot find name 'corrieri'.
server/routes.ts(6900,65): error TS2304: Cannot find name 'chatMessages'.
server/routes.ts(6901,65): error TS2304: Cannot find name 'chatChannels'.
server/routes.ts(6902,69): error TS2304: Cannot find name 'telegramMessages'.
server/routes.ts(6903,66): error TS2304: Cannot find name 'telegramChats'.
server/routes.ts(6904,69): error TS2304: Cannot find name 'whatsappMessages'.
server/routes.ts(6905,69): error TS2304: Cannot find name 'whatsappContacts'.
server/routes.ts(6908,62): error TS2304: Cannot find name 'keepNotes'.
server/routes.ts(6909,63): error TS2304: Cannot find name 'keepLabels'.
server/routes.ts(6910,70): error TS2304: Cannot find name 'keepNoteTemplates'.
server/routes.ts(6913,64): error TS2304: Cannot find name 'whiteboards'.
server/routes.ts(6914,66): error TS2304: Cannot find name 'personalTodos'.
server/routes.ts(6915,66): error TS2304: Cannot find name 'todoTemplates'.
server/routes.ts(6916,66): error TS2304: Cannot find name 'notifications'.
server/routes.ts(6917,65): error TS2304: Cannot find name 'activityFeed'.
server/routes.ts(6918,64): error TS2304: Cannot find name 'sharedLinks'.
server/routes.ts(6919,69): error TS2304: Cannot find name 'teamAvailability'.
server/routes.ts(6922,68): error TS2304: Cannot find name 'invoiceCounters'.
server/routes.ts(6928,39): error TS2339: Property 'rowCount' does not exist on type 'RunResult'.
server/routes.ts(6929,36): error TS2339: Property 'rowCount' does not exist on type 'RunResult'.
server/routes.ts(7250,41): error TS2345: Argument of type 'any' is not assignable to parameter of type 'never'.
server/routes.ts(7255,28): error TS2802: Type 'string | never[]' can only be iterated through when using the '--downlevelIteration' flag or with a '--target' of 'es2015' or higher.
server/routes.ts(7283,57): error TS2339: Property 'filter' does not exist on type 'string | never[]'.
  Property 'filter' does not exist on type 'string'.
server/routes.ts(7283,64): error TS7006: Parameter 'c' implicitly has an 'any' type.
server/routes.ts(7319,54): error TS2345: Argument of type 'any' is not assignable to parameter of type 'never'.
server/routes.ts(7410,61): error TS2345: Argument of type '{ whiteboardId: string; type: string; x: number; y: number; width: number; height: number; content: string; color: string; fontSize: number; fontWeight: string; borderWidth: number; borderColor: string; zIndex: number; locked: boolean; }' is not assignable to parameter of type '{ type: string; whiteboardId: string; createdBy?: string | null | undefined; color?: string | null | undefined; content?: string | null | undefined; x?: number | undefined; y?: number | undefined; ... 10 more ...; locked?: number | ... 1 more ... | undefined; }'.
  Types of property 'locked' are incompatible.
    Type 'boolean' is not assignable to type 'number'.
server/routes.ts(7758,9): error TS2322: Type 'Date' is not assignable to type 'string'.
server/routes.ts(7778,11): error TS2322: Type 'Date | undefined' is not assignable to type 'string | SQL<unknown> | SQLiteColumn<ColumnBaseConfig<ColumnDataType, string>, {}, {}> | undefined'.
  Type 'Date' is not assignable to type 'string | SQL<unknown> | SQLiteColumn<ColumnBaseConfig<ColumnDataType, string>, {}, {}> | undefined'.
server/routes.ts(7916,9): error TS2322: Type 'Date' is not assignable to type 'string'.
server/routes.ts(7933,9): error TS2322: Type 'Date' is not assignable to type 'string'.
server/routes.ts(8009,9): error TS2322: Type 'Date' is not assignable to type 'string'.
server/routes.ts(8026,9): error TS2322: Type 'Date' is not assignable to type 'string'.
server/routes.ts(8142,9): error TS2322: Type 'boolean' is not assignable to type 'number'.
server/routes.ts(8143,9): error TS2322: Type 'Date' is not assignable to type 'string'.
server/routes.ts(8264,61): error TS2353: Object literal may only specify known properties, and 'portalLastAccess' does not exist in type 'Partial<{ nome: string; cognome: string; email?: string | null | undefined; codiceFiscale?: string | null | undefined; indirizzo?: string | null | undefined; citta?: string | null | undefined; ... 46 more ...; responsabileId?: string | ... 1 more ... | undefined; }>'.
server/routes.ts(8301,61): error TS2353: Object literal may only specify known properties, and 'portalLastAccess' does not exist in type 'Partial<{ nome: string; cognome: string; email?: string | null | undefined; codiceFiscale?: string | null | undefined; indirizzo?: string | null | undefined; citta?: string | null | undefined; ... 46 more ...; responsabileId?: string | ... 1 more ... | undefined; }>'.
server/routes.ts(8392,9): error TS2322: Type 'boolean' is not assignable to type 'number'.
server/routes.ts(8452,9): error TS2353: Object literal may only specify known properties, and 'portalLastAccess' does not exist in type 'Partial<{ nome: string; cognome: string; email?: string | null | undefined; codiceFiscale?: string | null | undefined; indirizzo?: string | null | undefined; citta?: string | null | undefined; ... 46 more ...; responsabileId?: string | ... 1 more ... | undefined; }>'.
server/routes.ts(8522,9): error TS2322: Type 'boolean' is not assignable to type 'number'.
server/routes.ts(8854,44): error TS2304: Cannot find name 'appSettings'.
server/routes.ts(8854,66): error TS2304: Cannot find name 'appSettings'.
server/routes.ts(8870,49): error TS2304: Cannot find name 'appSettings'.
server/routes.ts(8870,71): error TS2304: Cannot find name 'appSettings'.
server/routes.ts(8873,25): error TS2304: Cannot find name 'appSettings'.
server/routes.ts(8875,21): error TS2304: Cannot find name 'appSettings'.
server/routes.ts(8877,25): error TS2304: Cannot find name 'appSettings'.
server/routes.ts(8926,56): error TS2304: Cannot find name 'appSettings'.
server/routes.ts(8926,78): error TS2304: Cannot find name 'appSettings'.
server/routes.ts(9134,67): error TS2322: Type 'boolean' is not assignable to type 'number'.
server/routes.ts(9955,11): error TS2322: Type 'Date' is not assignable to type 'string | SQL<unknown> | SQLiteColumn<ColumnBaseConfig<ColumnDataType, string>, {}, {}> | null | undefined'.
server/routes.ts(9957,11): error TS2322: Type 'Date' is not assignable to type 'string | SQL<unknown> | SQLiteColumn<ColumnBaseConfig<ColumnDataType, string>, {}, {}> | null | undefined'.
server/routes.ts(11330,43): error TS2304: Cannot find name 'ddtCounters'.
server/routes.ts(11330,65): error TS2304: Cannot find name 'ddtCounters'.
server/routes.ts(11347,25): error TS2304: Cannot find name 'ddtCounters'.
server/routes.ts(11527,9): error TS2769: No overload matches this call.
  Overload 1 of 2, '(data: { ragioneSociale: string; numero: string; dataEmissione: string; projectId?: string | null | undefined; partitaIva?: string | null | undefined; codiceFiscale?: string | null | undefined; ... 21 more ...; createdBy?: string | ... 1 more ... | undefined; }): Promise<...>', gave the following error.
    Object literal may only specify known properties, and 'email' does not exist in type '{ ragioneSociale: string; numero: string; dataEmissione: string; projectId?: string | null | undefined; partitaIva?: string | null | undefined; codiceFiscale?: string | null | undefined; ... 21 more ...; createdBy?: string | ... 1 more ... | undefined; }'.
  Overload 2 of 2, '(insertInvoice: { ragioneSociale: string; numero: string; dataEmissione: string; projectId?: string | null | undefined; partitaIva?: string | null | undefined; codiceFiscale?: string | null | undefined; ... 21 more ...; createdBy?: string | ... 1 more ... | undefined; }): Promise<...>', gave the following error.
    Object literal may only specify known properties, and 'email' does not exist in type '{ ragioneSociale: string; numero: string; dataEmissione: string; projectId?: string | null | undefined; partitaIva?: string | null | undefined; codiceFiscale?: string | null | undefined; ... 21 more ...; createdBy?: string | ... 1 more ... | undefined; }'.
server/routes.ts(11683,42): error TS2551: Property 'getDdtList' does not exist on type 'DatabaseStorage'. Did you mean 'getDdts'?
server/routes.ts(11684,56): error TS7006: Parameter 'd' implicitly has an 'any' type.
server/routes.ts(11946,15): error TS2322: Type 'boolean' is not assignable to type 'number'.
server/routes.ts(11976,62): error TS2339: Property 'data' does not exist on type '{ id: string; createdAt: string | null; projectId: string | null; updatedAt: string | null; ragioneSociale: string; partitaIva: string | null; codiceFiscale: string | null; indirizzo: string | null; ... 22 more ...; createdBy: string | null; }'.
server/routes.ts(12044,13): error TS2322: Type 'boolean' is not assignable to type 'number'.
server/routes.ts(12083,64): error TS2339: Property 'data' does not exist on type '{ id: string; createdAt: string | null; projectId: string | null; updatedAt: string | null; ragioneSociale: string; partitaIva: string | null; codiceFiscale: string | null; indirizzo: string | null; ... 22 more ...; createdBy: string | null; }'.
server/routes.ts(12129,13): error TS2322: Type 'boolean' is not assignable to type 'number'.
server/routes.ts(12323,9): error TS2322: Type 'Date | null' is not assignable to type 'string | null | undefined'.
  Type 'Date' is not assignable to type 'string'.
server/routes.ts(12326,9): error TS2322: Type 'boolean' is not assignable to type 'number'.
server/routes.ts(12434,11): error TS2322: Type 'boolean' is not assignable to type 'number'.
server/routes.ts(12991,34): error TS2802: Type 'Map<string, { data: string; importo: number; tipo: string; descrizione: string; }>' can only be iterated through when using the '--downlevelIteration' flag or with a '--target' of 'es2015' or higher.
server/routes.ts(13129,13): error TS2322: Type 'boolean' is not assignable to type 'number'.
server/routes.ts(13612,11): error TS2322: Type 'boolean' is not assignable to type 'number'.
server/routes.ts(13995,54): error TS2554: Expected 0 arguments, but got 1.
server/routes.ts(13996,24): error TS2339: Property 'components' does not exist on type '{ id: string; createdAt: string | null; updatedAt: string | null; note: string | null; nome: string; descrizione: string | null; createdBy: string | null; costo: string | null; prodottoFinito: string; versione: string | null; tempoLavorazione: number | null; attiva: number; }[]'.
server/routes.ts(13996,42): error TS2339: Property 'components' does not exist on type '{ id: string; createdAt: string | null; updatedAt: string | null; note: string | null; nome: string; descrizione: string | null; createdBy: string | null; costo: string | null; prodottoFinito: string; versione: string | null; tempoLavorazione: number | null; attiva: number; }[]'.
server/routes.ts(13997,34): error TS2339: Property 'components' does not exist on type '{ id: string; createdAt: string | null; updatedAt: string | null; note: string | null; nome: string; descrizione: string | null; createdBy: string | null; costo: string | null; prodottoFinito: string; versione: string | null; tempoLavorazione: number | null; attiva: number; }[]'.
server/routes.ts(14011,34): error TS2339: Property 'components' does not exist on type '{ id: string; createdAt: string | null; updatedAt: string | null; note: string | null; nome: string; descrizione: string | null; createdBy: string | null; costo: string | null; prodottoFinito: string; versione: string | null; tempoLavorazione: number | null; attiva: number; }[]'.
server/routes.ts(14187,22): error TS2339: Property 'clienteNome' does not exist on type '{ id: string; data: string; createdAt: string | null; updatedAt: string | null; stato: string; clienteId: string | null; numero: string; dataConsegnaEffettiva: string | null; createdBy: string | null; ... 27 more ...; dataNotificaConsegna: string | null; }'.
server/routes.ts(14192,20): error TS2339: Property 'colli' does not exist on type '{ id: string; data: string; createdAt: string | null; updatedAt: string | null; stato: string; clienteId: string | null; numero: string; dataConsegnaEffettiva: string | null; createdBy: string | null; ... 27 more ...; dataNotificaConsegna: string | null; }'.
server/routes.ts(14193,19): error TS2339: Property 'peso' does not exist on type '{ id: string; data: string; createdAt: string | null; updatedAt: string | null; stato: string; clienteId: string | null; numero: string; dataConsegnaEffettiva: string | null; createdBy: string | null; ... 27 more ...; dataNotificaConsegna: string | null; }'.
server/routes.ts(14223,22): error TS1252: Function declarations are not allowed inside blocks in strict mode when targeting 'ES5'. Modules are automatically in strict mode.
server/routes.ts(14285,76): error TS2551: Property 'cittaOperativa' does not exist on type '{ id: string; email: string | null; createdAt: string | null; updatedAt: string | null; ragioneSociale: string; partitaIva: string | null; codiceFiscale: string | null; telefono: string | null; ... 21 more ...; coloreAziendale: string | null; }'. Did you mean 'cittaOperativo'?
server/routes.ts(14287,84): error TS2551: Property 'cittaOperativa' does not exist on type '{ id: string; email: string | null; createdAt: string | null; updatedAt: string | null; ragioneSociale: string; partitaIva: string | null; codiceFiscale: string | null; telefono: string | null; ... 21 more ...; coloreAziendale: string | null; }'. Did you mean 'cittaOperativo'?
server/routes.ts(14288,26): error TS2339: Property 'indirizzo' does not exist on type '{ id: string; email: string | null; createdAt: string | null; updatedAt: string | null; ragioneSociale: string; partitaIva: string | null; codiceFiscale: string | null; telefono: string | null; ... 21 more ...; coloreAziendale: string | null; }'.
server/routes.ts(14288,49): error TS2339: Property 'cap' does not exist on type '{ id: string; email: string | null; createdAt: string | null; updatedAt: string | null; ragioneSociale: string; partitaIva: string | null; codiceFiscale: string | null; telefono: string | null; ... 21 more ...; coloreAziendale: string | null; }'.
server/routes.ts(14288,66): error TS2339: Property 'citta' does not exist on type '{ id: string; email: string | null; createdAt: string | null; updatedAt: string | null; ragioneSociale: string; partitaIva: string | null; codiceFiscale: string | null; telefono: string | null; ... 21 more ...; coloreAziendale: string | null; }'.
server/routes.ts(14291,26): error TS2551: Property 'cittaOperativa' does not exist on type '{ id: string; email: string | null; createdAt: string | null; updatedAt: string | null; ragioneSociale: string; partitaIva: string | null; codiceFiscale: string | null; telefono: string | null; ... 21 more ...; coloreAziendale: string | null; }'. Did you mean 'cittaOperativo'?
server/routes.ts(14292,26): error TS2339: Property 'citta' does not exist on type '{ id: string; email: string | null; createdAt: string | null; updatedAt: string | null; ragioneSociale: string; partitaIva: string | null; codiceFiscale: string | null; telefono: string | null; ... 21 more ...; coloreAziendale: string | null; }'.
server/routes.ts(14541,9): error TS2322: Type 'Date' is not assignable to type 'string'.
server/routes.ts(14582,27): error TS2304: Cannot find name 'nodemailer'.
server/routes.ts(14624,9): error TS2322: Type 'boolean' is not assignable to type 'number'.
server/routes.ts(14625,9): error TS2322: Type 'Date' is not assignable to type 'string'.
server/routes.ts(14658,27): error TS2304: Cannot find name 'nodemailer'.
server/routes.ts(14697,9): error TS2322: Type 'boolean' is not assignable to type 'number'.
server/routes.ts(14698,9): error TS2322: Type 'Date' is not assignable to type 'string'.
server/routes.ts(14724,38): error TS2769: No overload matches this call.
  Overload 1 of 2, '(value: { id: string | SQL<unknown> | Placeholder<string, any>; spedizioneId: string | SQL<unknown> | Placeholder<string, any>; token: string | SQL<unknown> | Placeholder<...>; expiresAt: string | ... 1 more ... | Placeholder<...>; createdAt?: string | ... 3 more ... | undefined; pin?: string | ... 3 more ... | undefined; usedAt?: string | ... 3 more ... | undefined; }): SQLiteInsertBase<...>', gave the following error.
    Type 'Date' is not assignable to type 'string | SQL<unknown> | Placeholder<string, any>'.
  Overload 2 of 2, '(values: { id: string | SQL<unknown> | Placeholder<string, any>; spedizioneId: string | SQL<unknown> | Placeholder<string, any>; token: string | SQL<unknown> | Placeholder<...>; expiresAt: string | ... 1 more ... | Placeholder<...>; createdAt?: string | ... 3 more ... | undefined; pin?: string | ... 3 more ... | undefined; usedAt?: string | ... 3 more ... | undefined; }[]): SQLiteInsertBase<...>', gave the following error.
    Object literal may only specify known properties, and 'spedizioneId' does not exist in type '{ id: string | SQL<unknown> | Placeholder<string, any>; spedizioneId: string | SQL<unknown> | Placeholder<string, any>; token: string | SQL<unknown> | Placeholder<...>; expiresAt: string | ... 1 more ... | Placeholder<...>; createdAt?: string | ... 3 more ... | undefined; pin?: string | ... 3 more ... | undefined; u...'.
server/routes.ts(14756,11): error TS2365: Operator '>' cannot be applied to types 'Date' and 'string'.
server/routes.ts(14817,11): error TS2365: Operator '>' cannot be applied to types 'Date' and 'string'.
server/routes.ts(14824,9): error TS2322: Type 'Date' is not assignable to type 'string'.
server/routes.ts(14830,16): error TS2322: Type 'Date' is not assignable to type 'string | SQL<unknown> | SQLiteColumn<ColumnBaseConfig<ColumnDataType, string>, {}, {}> | null | undefined'.
server/routes.ts(15125,18): error TS2322: Type 'false' is not assignable to type 'number | SQL<unknown> | SQLiteColumn<ColumnBaseConfig<ColumnDataType, string>, {}, {}> | undefined'.
server/routes.ts(15135,9): error TS2769: No overload matches this call.
  Overload 2 of 2, '(values: { id: string | SQL<unknown> | Placeholder<string, any>; clienteId: string | SQL<unknown> | Placeholder<string, any>; token: string | SQL<unknown> | Placeholder<...>; ... 9 more ...; ultimaAttivita?: string | ... 3 more ... | undefined; }[]): SQLiteInsertBase<...>', gave the following error.
    Object literal may only specify known properties, and 'clienteId' does not exist in type '{ id: string | SQL<unknown> | Placeholder<string, any>; clienteId: string | SQL<unknown> | Placeholder<string, any>; token: string | SQL<unknown> | Placeholder<string, any>; ... 9 more ...; ultimaAttivita?: string | ... 3 more ... | undefined; }[]'.
server/routes.ts(15175,16): error TS2322: Type 'false' is not assignable to type 'number | SQL<unknown> | SQLiteColumn<ColumnBaseConfig<ColumnDataType, string>, {}, {}> | undefined'.
server/routes.ts(15192,16): error TS2769: No overload matches this call.
  Overload 1 of 3, '(left: SQLiteColumn<{ name: "attivo"; tableName: "customer_portal_tokens"; dataType: "number"; columnType: "SQLiteInteger"; data: number; driverParam: number; notNull: true; hasDefault: true; isPrimaryKey: false; ... 5 more ...; generated: undefined; }, {}, {}>, right: number | SQLWrapper): SQL<...>', gave the following error.
    Argument of type 'boolean' is not assignable to parameter of type 'number | SQLWrapper'.
  Overload 2 of 3, '(left: Aliased<boolean>, right: boolean | SQLWrapper): SQL<unknown>', gave the following error.
    Argument of type 'SQLiteColumn<{ name: "attivo"; tableName: "customer_portal_tokens"; dataType: "number"; columnType: "SQLiteInteger"; data: number; driverParam: number; notNull: true; hasDefault: true; isPrimaryKey: false; ... 5 more ...; generated: undefined; }, {}, {}>' is not assignable to parameter of type 'Aliased<boolean>'.
      Type 'SQLiteColumn<{ name: "attivo"; tableName: "customer_portal_tokens"; dataType: "number"; columnType: "SQLiteInteger"; data: number; driverParam: number; notNull: true; hasDefault: true; isPrimaryKey: false; ... 5 more ...; generated: undefined; }, {}, {}>' is missing the following properties from type 'Aliased<boolean>': sql, fieldAlias
  Overload 3 of 3, '(left: never, right: unknown): SQL<unknown>', gave the following error.
    Argument of type 'SQLiteColumn<{ name: "attivo"; tableName: "customer_portal_tokens"; dataType: "number"; columnType: "SQLiteInteger"; data: number; driverParam: number; notNull: true; hasDefault: true; isPrimaryKey: false; ... 5 more ...; generated: undefined; }, {}, {}>' is not assignable to parameter of type 'never'.
server/routes.ts(15198,30): error TS2802: Type 'Set<string>' can only be iterated through when using the '--downlevelIteration' flag or with a '--target' of 'es2015' or higher.
server/routes.ts(15255,16): error TS2769: No overload matches this call.
  Overload 1 of 3, '(left: SQLiteColumn<{ name: "portale_abilitato"; tableName: "anagrafica_fornitori"; dataType: "number"; columnType: "SQLiteInteger"; data: number; driverParam: number; notNull: false; hasDefault: true; ... 6 more ...; generated: undefined; }, {}, {}>, right: number | SQLWrapper): SQL<...>', gave the following error.
    Argument of type 'boolean' is not assignable to parameter of type 'number | SQLWrapper'.
  Overload 2 of 3, '(left: Aliased<boolean>, right: boolean | SQLWrapper): SQL<unknown>', gave the following error.
    Argument of type 'SQLiteColumn<{ name: "portale_abilitato"; tableName: "anagrafica_fornitori"; dataType: "number"; columnType: "SQLiteInteger"; data: number; driverParam: number; notNull: false; hasDefault: true; isPrimaryKey: false; ... 5 more ...; generated: undefined; }, {}, {}>' is not assignable to parameter of type 'Aliased<boolean>'.
      Type 'SQLiteColumn<{ name: "portale_abilitato"; tableName: "anagrafica_fornitori"; dataType: "number"; columnType: "SQLiteInteger"; data: number; driverParam: number; notNull: false; hasDefault: true; isPrimaryKey: false; ... 5 more ...; generated: undefined; }, {}, {}>' is missing the following properties from type 'Aliased<boolean>': sql, fieldAlias
  Overload 3 of 3, '(left: never, right: unknown): SQL<unknown>', gave the following error.
    Argument of type 'SQLiteColumn<{ name: "portale_abilitato"; tableName: "anagrafica_fornitori"; dataType: "number"; columnType: "SQLiteInteger"; data: number; driverParam: number; notNull: false; hasDefault: true; isPrimaryKey: false; ... 5 more ...; generated: undefined; }, {}, {}>' is not assignable to parameter of type 'never'.
server/routes.ts(15260,47): error TS2339: Property 'nome' does not exist on type '{ id: string; ragioneSociale: string; partitaIva: string | null; codiceFiscale: string | null; indirizzo: string | null; citta: string | null; cap: string | null; provincia: string | null; ... 19 more ...; updatedAt: string | null; }'.
server/routes.ts(15286,16): error TS2769: No overload matches this call.
  Overload 1 of 3, '(left: SQLiteColumn<{ name: "portale_abilitato"; tableName: "anagrafica_clienti"; dataType: "number"; columnType: "SQLiteInteger"; data: number; driverParam: number; notNull: false; hasDefault: true; isPrimaryKey: false; ... 5 more ...; generated: undefined; }, {}, {}>, right: number | SQLWrapper): SQL<...>', gave the following error.
    Argument of type 'boolean' is not assignable to parameter of type 'number | SQLWrapper'.
  Overload 2 of 3, '(left: Aliased<boolean>, right: boolean | SQLWrapper): SQL<unknown>', gave the following error.
    Argument of type 'SQLiteColumn<{ name: "portale_abilitato"; tableName: "anagrafica_clienti"; dataType: "number"; columnType: "SQLiteInteger"; data: number; driverParam: number; notNull: false; hasDefault: true; isPrimaryKey: false; ... 5 more ...; generated: undefined; }, {}, {}>' is not assignable to parameter of type 'Aliased<boolean>'.
      Type 'SQLiteColumn<{ name: "portale_abilitato"; tableName: "anagrafica_clienti"; dataType: "number"; columnType: "SQLiteInteger"; data: number; driverParam: number; notNull: false; hasDefault: true; isPrimaryKey: false; ... 5 more ...; generated: undefined; }, {}, {}>' is missing the following properties from type 'Aliased<boolean>': sql, fieldAlias
  Overload 3 of 3, '(left: never, right: unknown): SQL<unknown>', gave the following error.
    Argument of type 'SQLiteColumn<{ name: "portale_abilitato"; tableName: "anagrafica_clienti"; dataType: "number"; columnType: "SQLiteInteger"; data: number; driverParam: number; notNull: false; hasDefault: true; isPrimaryKey: false; ... 5 more ...; generated: undefined; }, {}, {}>' is not assignable to parameter of type 'never'.
server/routes.ts(15387,11): error TS2322: Type 'Date' is not assignable to type 'string | SQL<unknown> | SQLiteColumn<ColumnBaseConfig<ColumnDataType, string>, {}, {}> | null | undefined'.
server/routes.ts(15390,11): error TS2322: Type 'true' is not assignable to type 'number | SQL<unknown> | SQLiteColumn<ColumnBaseConfig<ColumnDataType, string>, {}, {}> | null | undefined'.
server/routes.ts(15391,11): error TS2322: Type 'Date' is not assignable to type 'string | SQL<unknown> | SQLiteColumn<ColumnBaseConfig<ColumnDataType, string>, {}, {}> | null | undefined'.
server/routes.ts(15503,11): error TS2322: Type 'Date' is not assignable to type 'string | SQL<unknown> | SQLiteColumn<ColumnBaseConfig<ColumnDataType, string>, {}, {}> | null | undefined'.
server/routes.ts(15506,11): error TS2322: Type 'true' is not assignable to type 'number | SQL<unknown> | SQLiteColumn<ColumnBaseConfig<ColumnDataType, string>, {}, {}> | null | undefined'.
server/routes.ts(15507,11): error TS2322: Type 'Date' is not assignable to type 'string | SQL<unknown> | SQLiteColumn<ColumnBaseConfig<ColumnDataType, string>, {}, {}> | null | undefined'.
server/routes.ts(15695,13): error TS2769: No overload matches this call.
  Overload 2 of 2, '(values: { id: string | SQL<unknown> | Placeholder<string, any>; nome: string | SQL<unknown> | Placeholder<string, any>; codice: string | SQL<unknown> | Placeholder<string, any>; ... 19 more ...; visibile?: number | ... 3 more ... | undefined; }[]): SQLiteInsertBase<...>', gave the following error.
    Object literal may only specify known properties, and 'codice' does not exist in type '{ id: string | SQL<unknown> | Placeholder<string, any>; nome: string | SQL<unknown> | Placeholder<string, any>; codice: string | SQL<unknown> | Placeholder<string, any>; ... 19 more ...; visibile?: number | ... 3 more ... | undefined; }[]'.
server/routes.ts(15866,46): error TS2322: Type 'Date' is not assignable to type 'string | SQL<unknown> | SQLiteColumn<ColumnBaseConfig<ColumnDataType, string>, {}, {}> | null | undefined'.
server/routes.ts(15880,20): error TS2769: No overload matches this call.
  Overload 1 of 3, '(left: SQLiteColumn<{ name: "attivo"; tableName: "catalog_articles"; dataType: "number"; columnType: "SQLiteInteger"; data: number; driverParam: number; notNull: false; hasDefault: true; isPrimaryKey: false; ... 5 more ...; generated: undefined; }, {}, {}>, right: number | SQLWrapper): SQL<...>', gave the following error.
    Argument of type 'boolean' is not assignable to parameter of type 'number | SQLWrapper'.
  Overload 2 of 3, '(left: Aliased<boolean>, right: boolean | SQLWrapper): SQL<unknown>', gave the following error.
    Argument of type 'SQLiteColumn<{ name: "attivo"; tableName: "catalog_articles"; dataType: "number"; columnType: "SQLiteInteger"; data: number; driverParam: number; notNull: false; hasDefault: true; isPrimaryKey: false; ... 5 more ...; generated: undefined; }, {}, {}>' is not assignable to parameter of type 'Aliased<boolean>'.
      Type 'SQLiteColumn<{ name: "attivo"; tableName: "catalog_articles"; dataType: "number"; columnType: "SQLiteInteger"; data: number; driverParam: number; notNull: false; hasDefault: true; isPrimaryKey: false; ... 5 more ...; generated: undefined; }, {}, {}>' is missing the following properties from type 'Aliased<boolean>': sql, fieldAlias
  Overload 3 of 3, '(left: never, right: unknown): SQL<unknown>', gave the following error.
    Argument of type 'SQLiteColumn<{ name: "attivo"; tableName: "catalog_articles"; dataType: "number"; columnType: "SQLiteInteger"; data: number; driverParam: number; notNull: false; hasDefault: true; isPrimaryKey: false; ... 5 more ...; generated: undefined; }, {}, {}>' is not assignable to parameter of type 'never'.
server/routes.ts(15880,54): error TS2769: No overload matches this call.
  Overload 1 of 3, '(left: SQLiteColumn<{ name: "visibile"; tableName: "catalog_articles"; dataType: "number"; columnType: "SQLiteInteger"; data: number; driverParam: number; notNull: false; hasDefault: true; isPrimaryKey: false; ... 5 more ...; generated: undefined; }, {}, {}>, right: number | SQLWrapper): SQL<...>', gave the following error.
    Argument of type 'boolean' is not assignable to parameter of type 'number | SQLWrapper'.
  Overload 2 of 3, '(left: Aliased<boolean>, right: boolean | SQLWrapper): SQL<unknown>', gave the following error.
    Argument of type 'SQLiteColumn<{ name: "visibile"; tableName: "catalog_articles"; dataType: "number"; columnType: "SQLiteInteger"; data: number; driverParam: number; notNull: false; hasDefault: true; isPrimaryKey: false; ... 5 more ...; generated: undefined; }, {}, {}>' is not assignable to parameter of type 'Aliased<boolean>'.
      Type 'SQLiteColumn<{ name: "visibile"; tableName: "catalog_articles"; dataType: "number"; columnType: "SQLiteInteger"; data: number; driverParam: number; notNull: false; hasDefault: true; isPrimaryKey: false; ... 5 more ...; generated: undefined; }, {}, {}>' is missing the following properties from type 'Aliased<boolean>': sql, fieldAlias
  Overload 3 of 3, '(left: never, right: unknown): SQL<unknown>', gave the following error.
    Argument of type 'SQLiteColumn<{ name: "visibile"; tableName: "catalog_articles"; dataType: "number"; columnType: "SQLiteInteger"; data: number; driverParam: number; notNull: false; hasDefault: true; isPrimaryKey: false; ... 5 more ...; generated: undefined; }, {}, {}>' is not assignable to parameter of type 'never'.
server/routes.ts(15890,73): error TS2769: No overload matches this call.
  Overload 1 of 3, '(left: SQLiteColumn<{ name: "attivo"; tableName: "catalog_categories"; dataType: "number"; columnType: "SQLiteInteger"; data: number; driverParam: number; notNull: false; hasDefault: true; isPrimaryKey: false; ... 5 more ...; generated: undefined; }, {}, {}>, right: number | SQLWrapper): SQL<...>', gave the following error.
    Argument of type 'boolean' is not assignable to parameter of type 'number | SQLWrapper'.
  Overload 2 of 3, '(left: Aliased<boolean>, right: boolean | SQLWrapper): SQL<unknown>', gave the following error.
    Argument of type 'SQLiteColumn<{ name: "attivo"; tableName: "catalog_categories"; dataType: "number"; columnType: "SQLiteInteger"; data: number; driverParam: number; notNull: false; hasDefault: true; isPrimaryKey: false; ... 5 more ...; generated: undefined; }, {}, {}>' is not assignable to parameter of type 'Aliased<boolean>'.
      Type 'SQLiteColumn<{ name: "attivo"; tableName: "catalog_categories"; dataType: "number"; columnType: "SQLiteInteger"; data: number; driverParam: number; notNull: false; hasDefault: true; isPrimaryKey: false; ... 5 more ...; generated: undefined; }, {}, {}>' is missing the following properties from type 'Aliased<boolean>': sql, fieldAlias
  Overload 3 of 3, '(left: never, right: unknown): SQL<unknown>', gave the following error.
    Argument of type 'SQLiteColumn<{ name: "attivo"; tableName: "catalog_categories"; dataType: "number"; columnType: "SQLiteInteger"; data: number; driverParam: number; notNull: false; hasDefault: true; isPrimaryKey: false; ... 5 more ...; generated: undefined; }, {}, {}>' is not assignable to parameter of type 'never'.
server/routes.ts(16353,44): error TS2304: Cannot find name 'existing'.
server/routes.ts(16441,44): error TS2339: Property 'googleLocationId' does not exist on type '{ id: string; accountId: string | null; locationId: string | null; nomeAttivita: string; indirizzo: string | null; telefono: string | null; sitoWeb: string | null; categoria: string | null; ... 7 more ...; updatedAt: string | null; }'.
server/routes.ts(16465,66): error TS2339: Property 'get' does not exist on type 'Resource$Accounts$Locations'.
server/routes.ts(16483,11): error TS2353: Object literal may only specify known properties, and 'googleLocationId' does not exist in type '{ id?: string | SQL<unknown> | SQLiteColumn<ColumnBaseConfig<ColumnDataType, string>, {}, {}> | undefined; nomeAttivita?: string | SQL<...> | SQLiteColumn<...> | undefined; ... 13 more ...; lastSync?: string | ... 3 more ... | undefined; }'.
server/routes.ts(16491,66): error TS2339: Property 'reviews' does not exist on type 'Resource$Accounts$Locations'.
server/routes.ts(17165,16): error TS2769: No overload matches this call.
  Overload 1 of 3, '(left: SQLiteColumn<{ name: "archiviato"; tableName: "maintenance_alerts"; dataType: "number"; columnType: "SQLiteInteger"; data: number; driverParam: number; notNull: false; hasDefault: true; isPrimaryKey: false; ... 5 more ...; generated: undefined; }, {}, {}>, right: number | SQLWrapper): SQL<...>', gave the following error.
    Argument of type 'boolean' is not assignable to parameter of type 'number | SQLWrapper'.
  Overload 2 of 3, '(left: Aliased<boolean>, right: boolean | SQLWrapper): SQL<unknown>', gave the following error.
    Argument of type 'SQLiteColumn<{ name: "archiviato"; tableName: "maintenance_alerts"; dataType: "number"; columnType: "SQLiteInteger"; data: number; driverParam: number; notNull: false; hasDefault: true; isPrimaryKey: false; ... 5 more ...; generated: undefined; }, {}, {}>' is not assignable to parameter of type 'Aliased<boolean>'.
      Type 'SQLiteColumn<{ name: "archiviato"; tableName: "maintenance_alerts"; dataType: "number"; columnType: "SQLiteInteger"; data: number; driverParam: number; notNull: false; hasDefault: true; isPrimaryKey: false; ... 5 more ...; generated: undefined; }, {}, {}>' is missing the following properties from type 'Aliased<boolean>': sql, fieldAlias
  Overload 3 of 3, '(left: never, right: unknown): SQL<unknown>', gave the following error.
    Argument of type 'SQLiteColumn<{ name: "archiviato"; tableName: "maintenance_alerts"; dataType: "number"; columnType: "SQLiteInteger"; data: number; driverParam: number; notNull: false; hasDefault: true; isPrimaryKey: false; ... 5 more ...; generated: undefined; }, {}, {}>' is not assignable to parameter of type 'never'.
server/routes.ts(17264,54): error TS2339: Property 'default' does not exist on type 'typeof import("C:/Sviluppo/PULSE-ERP/PULSE-ERP/node_modules/pdf-parse/dist/pdf-parse/esm/index")'.
server/routes.ts(17384,54): error TS2339: Property 'default' does not exist on type 'typeof import("C:/Sviluppo/PULSE-ERP/PULSE-ERP/node_modules/pdf-parse/dist/pdf-parse/esm/index")'.
server/routes.ts(17995,11): error TS2353: Object literal may only specify known properties, and 'color' does not exist in type '{ whiteboardId: string; type: string; x: number; y: number; width: number; height: number; content: string; zIndex: number; createdBy: any; }'.
server/routes.ts(18105,27): error TS2339: Property 'user' does not exist on type 'Request<ParamsDictionary, any, any, ParsedQs, Record<string, any>>'.
server/routes.ts(18107,97): error TS2339: Property 'user' does not exist on type 'Request<ParamsDictionary, any, any, ParsedQs, Record<string, any>>'.
server/routes.ts(18171,14): error TS2339: Property 'user' does not exist on type 'Request<ParamsDictionary, any, any, ParsedQs, Record<string, any>>'.
server/routes.ts(18172,14): error TS2339: Property 'user' does not exist on type 'Request<ParamsDictionary, any, any, ParsedQs, Record<string, any>>'.
server/routes.ts(18400,35): error TS2339: Property 'getSetting' does not exist on type 'DatabaseStorage'.
server/routes.ts(18407,19): error TS2339: Property 'setSetting' does not exist on type 'DatabaseStorage'.
server/routes.ts(18470,9): error TS2345: Argument of type 'number | undefined' is not assignable to parameter of type 'number'.
  Type 'undefined' is not assignable to type 'number'.
server/routes.ts(18478,9): error TS2353: Object literal may only specify known properties, and 'nextRun' does not exist in type '{ name: string; frequency: string; createdBy?: string | null | undefined; dayOfWeek?: number | null | undefined; dayOfMonth?: number | null | undefined; hour?: number | undefined; minute?: number | undefined; enabled?: number | undefined; retentionDays?: number | undefined; }'.
server/routes.ts(18553,21): error TS18046: 'countResult' is of type 'unknown'.
server/routes.ts(18596,23): error TS18046: 'countResult' is of type 'unknown'.
server/routes.ts(18622,27): error TS18046: 'row' is of type 'unknown'.
server/routes.ts(18625,25): error TS18046: 'countResult' is of type 'unknown'.
server/routes.ts(19067,36): error TS2551: Property 'getTimbrature' does not exist on type 'DatabaseStorage'. Did you mean 'getAllTimbrature'?
server/routes.ts(19090,36): error TS2551: Property 'updateTimbratura' does not exist on type 'DatabaseStorage'. Did you mean 'createTimbratura'?
server/routes.ts(19110,36): error TS2339: Property 'getTurni' does not exist on type 'DatabaseStorage'.
server/routes.ts(19129,36): error TS2551: Property 'getRichiesteAssenza' does not exist on type 'DatabaseStorage'. Did you mean 'getAllRichiesteAssenza'?
server/routes.ts(19179,37): error TS2339: Property 'getSetting' does not exist on type 'DatabaseStorage'.
server/routes.ts(19190,21): error TS2339: Property 'setSetting' does not exist on type 'DatabaseStorage'.
server/routes.ts(19209,41): error TS2339: Property 'getSetting' does not exist on type 'DatabaseStorage'.
server/storage.ts(101,25): error TS2724: '"@shared/schema"' has no exported member named 'OfficeDocument'. Did you mean 'officeDocuments'?
server/storage.ts(101,46): error TS2724: '"@shared/schema"' has no exported member named 'InsertOfficeDocument'. Did you mean 'InsertDocument'?
server/storage.ts(263,54): error TS2304: Cannot find name 'IndirizzoSpedizione'.
server/storage.ts(264,40): error TS2552: Cannot find name 'InsertIndirizzoSpedizione'. Did you mean 'InsertIndirizzoSpedizioneCliente'?
server/storage.ts(264,76): error TS2304: Cannot find name 'IndirizzoSpedizione'.
server/storage.ts(265,60): error TS2552: Cannot find name 'InsertIndirizzoSpedizione'. Did you mean 'InsertIndirizzoSpedizioneCliente'?
server/storage.ts(265,97): error TS2304: Cannot find name 'IndirizzoSpedizione'.
server/storage.ts(477,14): error TS2420: Class 'DatabaseStorage' incorrectly implements interface 'IStorage'.
  Type 'DatabaseStorage' is missing the following properties from type 'IStorage': getSetting, setSetting, deleteSetting, getTimbrature, and 6 more.
server/storage.ts(555,53): error TS2769: No overload matches this call.
  Overload 1 of 2, '(value: { id: string | SQL<unknown> | Placeholder<string, any>; title: string | SQL<unknown> | Placeholder<string, any>; status?: string | SQL<unknown> | Placeholder<string, any> | undefined; ... 11 more ...; isPublic?: boolean | ... 3 more ... | undefined; }): SQLiteInsertBase<...>', gave the following error.
    Argument of type '{ id: `${string}-${string}-${string}-${string}-${string}`; createdAt: string; files: string | { [x: number]: string; length: number; toString: () => string; toLocaleString: { (): string; (locales: string | string[], options?: Intl.NumberFormatOptions & Intl.DateTimeFormatOptions): string; }; ... 37 more ...; readonl...' is not assignable to parameter of type '{ id: string | SQL<unknown> | Placeholder<string, any>; title: string | SQL<unknown> | Placeholder<string, any>; status?: string | SQL<unknown> | Placeholder<string, any> | undefined; ... 11 more ...; isPublic?: boolean | ... 3 more ... | undefined; }'.
      Types of property 'teamMembers' are incompatible.
        Type 'string | { [x: number]: string; length: number; toString: () => string; toLocaleString: { (): string; (locales: string | string[], options?: (NumberFormatOptions & DateTimeFormatOptions) | undefined): string; }; ... 37 more ...; readonly [Symbol.unscopables]: { ...; }; }' is not assignable to type 'string[] | SQL<unknown> | Placeholder<string, any> | null | undefined'.
          Type 'string' is not assignable to type 'string[] | SQL<unknown> | Placeholder<string, any> | null | undefined'.
  Overload 2 of 2, '(values: { id: string | SQL<unknown> | Placeholder<string, any>; title: string | SQL<unknown> | Placeholder<string, any>; status?: string | SQL<unknown> | Placeholder<string, any> | undefined; ... 11 more ...; isPublic?: boolean | ... 3 more ... | undefined; }[]): SQLiteInsertBase<...>', gave the following error.
    Argument of type '{ id: `${string}-${string}-${string}-${string}-${string}`; createdAt: string; files: string | { [x: number]: string; length: number; toString: () => string; toLocaleString: { (): string; (locales: string | string[], options?: Intl.NumberFormatOptions & Intl.DateTimeFormatOptions): string; }; ... 37 more ...; readonl...' is not assignable to parameter of type '{ id: string | SQL<unknown> | Placeholder<string, any>; title: string | SQL<unknown> | Placeholder<string, any>; status?: string | SQL<unknown> | Placeholder<string, any> | undefined; ... 11 more ...; isPublic?: boolean | ... 3 more ... | undefined; }[]'.
      Type '{ id: `${string}-${string}-${string}-${string}-${string}`; createdAt: string; files: string | { [x: number]: string; length: number; toString: () => string; toLocaleString: { (): string; (locales: string | string[], options?: (NumberFormatOptions & DateTimeFormatOptions) | undefined): string; }; ... 37 more ...; rea...' is missing the following properties from type '{ id: string | SQL<unknown> | Placeholder<string, any>; title: string | SQL<unknown> | Placeholder<string, any>; status?: string | SQL<unknown> | Placeholder<string, any> | undefined; ... 11 more ...; isPublic?: boolean | ... 3 more ... | undefined; }[]': length, pop, push, concat, and 35 more.
server/storage.ts(560,50): error TS2345: Argument of type 'Partial<{ title: string; status?: string | undefined; priority?: string | undefined; startDate?: string | null | undefined; dueDate?: string | null | undefined; teamMembers?: { [x: number]: string; ... 40 more ...; readonly [Symbol.unscopables]: { ...; }; } | null | undefined; ... 6 more ...; isPublic?: boolean | .....' is not assignable to parameter of type '{ id?: string | SQL<unknown> | SQLiteColumn<ColumnBaseConfig<ColumnDataType, string>, {}, {}> | undefined; title?: string | SQL<...> | SQLiteColumn<...> | undefined; ... 12 more ...; isPublic?: boolean | ... 3 more ... | undefined; }'.
  Types of property 'teamMembers' are incompatible.
    Type '{ [x: number]: string; length: number; toString: () => string; toLocaleString: { (): string; (locales: string | string[], options?: (NumberFormatOptions & DateTimeFormatOptions) | undefined): string; }; ... 37 more ...; readonly [Symbol.unscopables]: { ...; }; } | null | undefined' is not assignable to type 'string[] | SQL<unknown> | SQLiteColumn<ColumnBaseConfig<ColumnDataType, string>, {}, {}> | null | undefined'.
      Type '{ [x: number]: string; length: number; toString: () => string; toLocaleString: { (): string; (locales: string | string[], options?: (NumberFormatOptions & DateTimeFormatOptions) | undefined): string; }; ... 37 more ...; readonly [Symbol.unscopables]: { ...; }; }' is not assignable to type 'string[] | SQL<unknown> | SQLiteColumn<ColumnBaseConfig<ColumnDataType, string>, {}, {}> | null | undefined'.
        Type '{ [x: number]: string; length: number; toString: () => string; toLocaleString: { (): string; (locales: string | string[], options?: (NumberFormatOptions & DateTimeFormatOptions) | undefined): string; }; ... 37 more ...; readonly [Symbol.unscopables]: { ...; }; }' is not assignable to type 'string[]'.
          The types returned by 'pop()' are incompatible between these types.
            Type 'unknown' is not assignable to type 'string | undefined'.
server/storage.ts(582,58): error TS2769: No overload matches this call.
  Overload 1 of 2, '(value: { id: string | SQL<unknown> | Placeholder<string, any>; userId: string | SQL<unknown> | Placeholder<string, any>; projectId: string | SQL<unknown> | Placeholder<...>; sharedById?: string | ... 3 more ... | undefined; permission?: string | ... 2 more ... | undefined; sharedAt?: string | ... 3 more ... | undefined; }): SQLiteInsertBase<...>', gave the following error.
    Argument of type '{ userId: string; projectId: string; sharedById?: string | null | undefined; permission?: string | undefined; }' is not assignable to parameter of type '{ id: string | SQL<unknown> | Placeholder<string, any>; userId: string | SQL<unknown> | Placeholder<string, any>; projectId: string | SQL<unknown> | Placeholder<string, any>; sharedById?: string | ... 3 more ... | undefined; permission?: string | ... 2 more ... | undefined; sharedAt?: string | ... 3 more ... | undef...'.
      Property 'id' is missing in type '{ userId: string; projectId: string; sharedById?: string | null | undefined; permission?: string | undefined; }' but required in type '{ id: string | SQL<unknown> | Placeholder<string, any>; userId: string | SQL<unknown> | Placeholder<string, any>; projectId: string | SQL<unknown> | Placeholder<string, any>; sharedById?: string | ... 3 more ... | undefined; permission?: string | ... 2 more ... | undefined; sharedAt?: string | ... 3 more ... | undef...'.
  Overload 2 of 2, '(values: { id: string | SQL<unknown> | Placeholder<string, any>; userId: string | SQL<unknown> | Placeholder<string, any>; projectId: string | SQL<unknown> | Placeholder<...>; sharedById?: string | ... 3 more ... | undefined; permission?: string | ... 2 more ... | undefined; sharedAt?: string | ... 3 more ... | undefined; }[]): SQLiteInsertBase<...>', gave the following error.
    Argument of type '{ userId: string; projectId: string; sharedById?: string | null | undefined; permission?: string | undefined; }' is not assignable to parameter of type '{ id: string | SQL<unknown> | Placeholder<string, any>; userId: string | SQL<unknown> | Placeholder<string, any>; projectId: string | SQL<unknown> | Placeholder<string, any>; sharedById?: string | ... 3 more ... | undefined; permission?: string | ... 2 more ... | undefined; sharedAt?: string | ... 3 more ... | undef...'.
      Type '{ userId: string; projectId: string; sharedById?: string | null | undefined; permission?: string | undefined; }' is missing the following properties from type '{ id: string | SQL<unknown> | Placeholder<string, any>; userId: string | SQL<unknown> | Placeholder<string, any>; projectId: string | SQL<unknown> | Placeholder<string, any>; sharedById?: string | ... 3 more ... | undefined; permission?: string | ... 2 more ... | undefined; sharedAt?: string | ... 3 more ... | undef...': length, pop, push, concat, and 35 more.
server/storage.ts(698,5): error TS2322: Type '{ id: string; projectId: string; emailId: string; emailSubject: string; emailFrom: string; emailPreview: string | null; emailDate: string | null; addedAt: string | null; projectTitle: string | null; }[]' is not assignable to type '({ id: string; projectId: string; emailId: string; emailSubject: string; emailFrom: string; emailPreview: string | null; emailDate: string | null; addedAt: string | null; } & { projectTitle?: string | undefined; })[]'.
  Type '{ id: string; projectId: string; emailId: string; emailSubject: string; emailFrom: string; emailPreview: string | null; emailDate: string | null; addedAt: string | null; projectTitle: string | null; }' is not assignable to type '{ id: string; projectId: string; emailId: string; emailSubject: string; emailFrom: string; emailPreview: string | null; emailDate: string | null; addedAt: string | null; } & { projectTitle?: string | undefined; }'.
    Type '{ id: string; projectId: string; emailId: string; emailSubject: string; emailFrom: string; emailPreview: string | null; emailDate: string | null; addedAt: string | null; projectTitle: string | null; }' is not assignable to type '{ projectTitle?: string | undefined; }'.
      Types of property 'projectTitle' are incompatible.
        Type 'string | null' is not assignable to type 'string | undefined'.
          Type 'null' is not assignable to type 'string | undefined'.
server/storage.ts(707,59): error TS2769: No overload matches this call.
  Overload 1 of 2, '(value: { id: string | SQL<unknown> | Placeholder<string, any>; name: string | SQL<unknown> | Placeholder<string, any>; userId?: string | SQL<unknown> | Placeholder<string, any> | null | undefined; createdAt?: string | ... 3 more ... | undefined; color?: string | ... 2 more ... | undefined; }): SQLiteInsertBase<...>', gave the following error.
    Argument of type '{ name: string; userId?: string | null | undefined; color?: string | undefined; }' is not assignable to parameter of type '{ id: string | SQL<unknown> | Placeholder<string, any>; name: string | SQL<unknown> | Placeholder<string, any>; userId?: string | SQL<unknown> | Placeholder<string, any> | null | undefined; createdAt?: string | ... 3 more ... | undefined; color?: string | ... 2 more ... | undefined; }'.
      Property 'id' is missing in type '{ name: string; userId?: string | null | undefined; color?: string | undefined; }' but required in type '{ id: string | SQL<unknown> | Placeholder<string, any>; name: string | SQL<unknown> | Placeholder<string, any>; userId?: string | SQL<unknown> | Placeholder<string, any> | null | undefined; createdAt?: string | ... 3 more ... | undefined; color?: string | ... 2 more ... | undefined; }'.
  Overload 2 of 2, '(values: { id: string | SQL<unknown> | Placeholder<string, any>; name: string | SQL<unknown> | Placeholder<string, any>; userId?: string | SQL<unknown> | Placeholder<string, any> | null | undefined; createdAt?: string | ... 3 more ... | undefined; color?: string | ... 2 more ... | undefined; }[]): SQLiteInsertBase<...>', gave the following error.
    Argument of type '{ name: string; userId?: string | null | undefined; color?: string | undefined; }' is not assignable to parameter of type '{ id: string | SQL<unknown> | Placeholder<string, any>; name: string | SQL<unknown> | Placeholder<string, any>; userId?: string | SQL<unknown> | Placeholder<string, any> | null | undefined; createdAt?: string | ... 3 more ... | undefined; color?: string | ... 2 more ... | undefined; }[]'.
      Type '{ name: string; userId?: string | null | undefined; color?: string | undefined; }' is missing the following properties from type '{ id: string | SQL<unknown> | Placeholder<string, any>; name: string | SQL<unknown> | Placeholder<string, any>; userId?: string | SQL<unknown> | Placeholder<string, any> | null | undefined; createdAt?: string | ... 3 more ... | undefined; color?: string | ... 2 more ... | undefined; }[]': length, pop, push, concat, and 35 more.
server/storage.ts(747,69): error TS2769: No overload matches this call.
  Overload 1 of 2, '(value: { id: string | SQL<unknown> | Placeholder<string, any>; emailId: string | SQL<unknown> | Placeholder<string, any>; labelId: string | SQL<unknown> | Placeholder<...>; assignedAt?: string | ... 3 more ... | undefined; }): SQLiteInsertBase<...>', gave the following error.
    Argument of type '{ emailId: string; labelId: string; }' is not assignable to parameter of type '{ id: string | SQL<unknown> | Placeholder<string, any>; emailId: string | SQL<unknown> | Placeholder<string, any>; labelId: string | SQL<unknown> | Placeholder<string, any>; assignedAt?: string | ... 3 more ... | undefined; }'.
      Property 'id' is missing in type '{ emailId: string; labelId: string; }' but required in type '{ id: string | SQL<unknown> | Placeholder<string, any>; emailId: string | SQL<unknown> | Placeholder<string, any>; labelId: string | SQL<unknown> | Placeholder<string, any>; assignedAt?: string | ... 3 more ... | undefined; }'.
  Overload 2 of 2, '(values: { id: string | SQL<unknown> | Placeholder<string, any>; emailId: string | SQL<unknown> | Placeholder<string, any>; labelId: string | SQL<unknown> | Placeholder<...>; assignedAt?: string | ... 3 more ... | undefined; }[]): SQLiteInsertBase<...>', gave the following error.
    Argument of type '{ emailId: string; labelId: string; }' is not assignable to parameter of type '{ id: string | SQL<unknown> | Placeholder<string, any>; emailId: string | SQL<unknown> | Placeholder<string, any>; labelId: string | SQL<unknown> | Placeholder<string, any>; assignedAt?: string | ... 3 more ... | undefined; }[]'.
      Type '{ emailId: string; labelId: string; }' is missing the following properties from type '{ id: string | SQL<unknown> | Placeholder<string, any>; emailId: string | SQL<unknown> | Placeholder<string, any>; labelId: string | SQL<unknown> | Placeholder<string, any>; assignedAt?: string | ... 3 more ... | undefined; }[]': length, pop, push, concat, and 35 more.
server/storage.ts(826,64): error TS2769: No overload matches this call.
  Overload 1 of 2, '(value: { id: string | SQL<unknown> | Placeholder<string, any>; emailCacheId: string | SQL<unknown> | Placeholder<string, any>; filename: string | SQL<unknown> | Placeholder<...>; ... 7 more ...; downloadedAt?: string | ... 3 more ... | undefined; }): SQLiteInsertBase<...>', gave the following error.
    Argument of type '{ emailCacheId: string; filename: string; mimeType?: string | null | undefined; size?: number | null | undefined; contentId?: string | null | undefined; isInline?: number | null | undefined; storagePath?: string | ... 1 more ... | undefined; downloaded?: number | ... 1 more ... | undefined; downloadedAt?: string | ....' is not assignable to parameter of type '{ id: string | SQL<unknown> | Placeholder<string, any>; emailCacheId: string | SQL<unknown> | Placeholder<string, any>; filename: string | SQL<unknown> | Placeholder<...>; ... 7 more ...; downloadedAt?: string | ... 3 more ... | undefined; }'.
      Property 'id' is missing in type '{ emailCacheId: string; filename: string; mimeType?: string | null | undefined; size?: number | null | undefined; contentId?: string | null | undefined; isInline?: number | null | undefined; storagePath?: string | ... 1 more ... | undefined; downloaded?: number | ... 1 more ... | undefined; downloadedAt?: string | ....' but required in type '{ id: string | SQL<unknown> | Placeholder<string, any>; emailCacheId: string | SQL<unknown> | Placeholder<string, any>; filename: string | SQL<unknown> | Placeholder<...>; ... 7 more ...; downloadedAt?: string | ... 3 more ... | undefined; }'.
  Overload 2 of 2, '(values: { id: string | SQL<unknown> | Placeholder<string, any>; emailCacheId: string | SQL<unknown> | Placeholder<string, any>; filename: string | SQL<unknown> | Placeholder<...>; ... 7 more ...; downloadedAt?: string | ... 3 more ... | undefined; }[]): SQLiteInsertBase<...>', gave the following error.
    Argument of type '{ emailCacheId: string; filename: string; mimeType?: string | null | undefined; size?: number | null | undefined; contentId?: string | null | undefined; isInline?: number | null | undefined; storagePath?: string | ... 1 more ... | undefined; downloaded?: number | ... 1 more ... | undefined; downloadedAt?: string | ....' is not assignable to parameter of type '{ id: string | SQL<unknown> | Placeholder<string, any>; emailCacheId: string | SQL<unknown> | Placeholder<string, any>; filename: string | SQL<unknown> | Placeholder<...>; ... 7 more ...; downloadedAt?: string | ... 3 more ... | undefined; }[]'.
      Type '{ emailCacheId: string; filename: string; mimeType?: string | null | undefined; size?: number | null | undefined; contentId?: string | null | undefined; isInline?: number | null | undefined; storagePath?: string | ... 1 more ... | undefined; downloaded?: number | ... 1 more ... | undefined; downloadedAt?: string | ....' is missing the following properties from type '{ id: string | SQL<unknown> | Placeholder<string, any>; emailCacheId: string | SQL<unknown> | Placeholder<string, any>; filename: string | SQL<unknown> | Placeholder<...>; ... 7 more ...; downloadedAt?: string | ... 3 more ... | undefined; }[]': length, pop, push, concat, and 35 more.
server/storage.ts(850,60): error TS2769: No overload matches this call.
  Overload 1 of 2, '(value: { path: string | SQL<unknown> | Placeholder<string, any>; id: string | SQL<unknown> | Placeholder<string, any>; name: string | SQL<unknown> | Placeholder<string, any>; ... 9 more ...; sortOrder?: number | ... 3 more ... | undefined; }): SQLiteInsertBase<...>', gave the following error.
    Argument of type '{ path: string; name: string; userId: string; type?: string | undefined; color?: string | null | undefined; icon?: string | null | undefined; parentId?: string | null | undefined; unreadCount?: number | ... 1 more ... | undefined; totalCount?: number | ... 1 more ... | undefined; isDefault?: number | ... 1 more ... ...' is not assignable to parameter of type '{ path: string | SQL<unknown> | Placeholder<string, any>; id: string | SQL<unknown> | Placeholder<string, any>; name: string | SQL<unknown> | Placeholder<string, any>; ... 9 more ...; sortOrder?: number | ... 3 more ... | undefined; }'.
      Property 'id' is missing in type '{ path: string; name: string; userId: string; type?: string | undefined; color?: string | null | undefined; icon?: string | null | undefined; parentId?: string | null | undefined; unreadCount?: number | ... 1 more ... | undefined; totalCount?: number | ... 1 more ... | undefined; isDefault?: number | ... 1 more ... ...' but required in type '{ path: string | SQL<unknown> | Placeholder<string, any>; id: string | SQL<unknown> | Placeholder<string, any>; name: string | SQL<unknown> | Placeholder<string, any>; ... 9 more ...; sortOrder?: number | ... 3 more ... | undefined; }'.
  Overload 2 of 2, '(values: { path: string | SQL<unknown> | Placeholder<string, any>; id: string | SQL<unknown> | Placeholder<string, any>; name: string | SQL<unknown> | Placeholder<string, any>; ... 9 more ...; sortOrder?: number | ... 3 more ... | undefined; }[]): SQLiteInsertBase<...>', gave the following error.
    Argument of type '{ path: string; name: string; userId: string; type?: string | undefined; color?: string | null | undefined; icon?: string | null | undefined; parentId?: string | null | undefined; unreadCount?: number | ... 1 more ... | undefined; totalCount?: number | ... 1 more ... | undefined; isDefault?: number | ... 1 more ... ...' is not assignable to parameter of type '{ path: string | SQL<unknown> | Placeholder<string, any>; id: string | SQL<unknown> | Placeholder<string, any>; name: string | SQL<unknown> | Placeholder<string, any>; ... 9 more ...; sortOrder?: number | ... 3 more ... | undefined; }[]'.
      Type '{ path: string; name: string; userId: string; type?: string | undefined; color?: string | null | undefined; icon?: string | null | undefined; parentId?: string | null | undefined; unreadCount?: number | ... 1 more ... | undefined; totalCount?: number | ... 1 more ... | undefined; isDefault?: number | ... 1 more ... ...' is missing the following properties from type '{ path: string | SQL<unknown> | Placeholder<string, any>; id: string | SQL<unknown> | Placeholder<string, any>; name: string | SQL<unknown> | Placeholder<string, any>; ... 9 more ...; sortOrder?: number | ... 3 more ... | undefined; }[]': length, pop, push, concat, and 35 more.
server/storage.ts(878,37): error TS2769: No overload matches this call.
  Overload 1 of 2, '(value: { path: string | SQL<unknown> | Placeholder<string, any>; id: string | SQL<unknown> | Placeholder<string, any>; name: string | SQL<unknown> | Placeholder<string, any>; ... 9 more ...; sortOrder?: number | ... 3 more ... | undefined; }): SQLiteInsertBase<...>', gave the following error.
    Argument of type '{ userId: string; name: string; path: string; type: string; icon: string; isDefault: boolean; sortOrder: number; }' is not assignable to parameter of type '{ path: string | SQL<unknown> | Placeholder<string, any>; id: string | SQL<unknown> | Placeholder<string, any>; name: string | SQL<unknown> | Placeholder<string, any>; ... 9 more ...; sortOrder?: number | ... 3 more ... | undefined; }'.
      Property 'id' is missing in type '{ userId: string; name: string; path: string; type: string; icon: string; isDefault: boolean; sortOrder: number; }' but required in type '{ path: string | SQL<unknown> | Placeholder<string, any>; id: string | SQL<unknown> | Placeholder<string, any>; name: string | SQL<unknown> | Placeholder<string, any>; ... 9 more ...; sortOrder?: number | ... 3 more ... | undefined; }'.
  Overload 2 of 2, '(values: { path: string | SQL<unknown> | Placeholder<string, any>; id: string | SQL<unknown> | Placeholder<string, any>; name: string | SQL<unknown> | Placeholder<string, any>; ... 9 more ...; sortOrder?: number | ... 3 more ... | undefined; }[]): SQLiteInsertBase<...>', gave the following error.
    Object literal may only specify known properties, and 'userId' does not exist in type '{ path: string | SQL<unknown> | Placeholder<string, any>; id: string | SQL<unknown> | Placeholder<string, any>; name: string | SQL<unknown> | Placeholder<string, any>; ... 9 more ...; sortOrder?: number | ... 3 more ... | undefined; }[]'.
server/storage.ts(893,26): error TS2322: Type 'Date' is not assignable to type 'string | SQL<unknown> | SQLiteColumn<ColumnBaseConfig<ColumnDataType, string>, {}, {}> | null | undefined'.
server/storage.ts(898,62): error TS2769: No overload matches this call.
  Overload 1 of 2, '(value: { id: string | SQL<unknown> | Placeholder<string, any>; userId: string | SQL<unknown> | Placeholder<string, any>; folder: string | SQL<unknown> | Placeholder<string, any>; ... 8 more ...; emailCount?: number | ... 3 more ... | undefined; }): SQLiteInsertBase<...>', gave the following error.
    Argument of type '{ userId: string; folder: string; lastSyncAt?: string | null | undefined; unreadCount?: number | null | undefined; lastUid?: number | null | undefined; uidValidity?: number | null | undefined; syncStatus?: string | ... 1 more ... | undefined; syncError?: string | ... 1 more ... | undefined; emailCount?: number | ......' is not assignable to parameter of type '{ id: string | SQL<unknown> | Placeholder<string, any>; userId: string | SQL<unknown> | Placeholder<string, any>; folder: string | SQL<unknown> | Placeholder<string, any>; ... 8 more ...; emailCount?: number | ... 3 more ... | undefined; }'.
      Property 'id' is missing in type '{ userId: string; folder: string; lastSyncAt?: string | null | undefined; unreadCount?: number | null | undefined; lastUid?: number | null | undefined; uidValidity?: number | null | undefined; syncStatus?: string | ... 1 more ... | undefined; syncError?: string | ... 1 more ... | undefined; emailCount?: number | ......' but required in type '{ id: string | SQL<unknown> | Placeholder<string, any>; userId: string | SQL<unknown> | Placeholder<string, any>; folder: string | SQL<unknown> | Placeholder<string, any>; ... 8 more ...; emailCount?: number | ... 3 more ... | undefined; }'.
  Overload 2 of 2, '(values: { id: string | SQL<unknown> | Placeholder<string, any>; userId: string | SQL<unknown> | Placeholder<string, any>; folder: string | SQL<unknown> | Placeholder<string, any>; ... 8 more ...; emailCount?: number | ... 3 more ... | undefined; }[]): SQLiteInsertBase<...>', gave the following error.
    Argument of type '{ userId: string; folder: string; lastSyncAt?: string | null | undefined; unreadCount?: number | null | undefined; lastUid?: number | null | undefined; uidValidity?: number | null | undefined; syncStatus?: string | ... 1 more ... | undefined; syncError?: string | ... 1 more ... | undefined; emailCount?: number | ......' is not assignable to parameter of type '{ id: string | SQL<unknown> | Placeholder<string, any>; userId: string | SQL<unknown> | Placeholder<string, any>; folder: string | SQL<unknown> | Placeholder<string, any>; ... 8 more ...; emailCount?: number | ... 3 more ... | undefined; }[]'.
      Type '{ userId: string; folder: string; lastSyncAt?: string | null | undefined; unreadCount?: number | null | undefined; lastUid?: number | null | undefined; uidValidity?: number | null | undefined; syncStatus?: string | ... 1 more ... | undefined; syncError?: string | ... 1 more ... | undefined; emailCount?: number | ......' is missing the following properties from type '{ id: string | SQL<unknown> | Placeholder<string, any>; userId: string | SQL<unknown> | Placeholder<string, any>; folder: string | SQL<unknown> | Placeholder<string, any>; ... 8 more ...; emailCount?: number | ... 3 more ... | undefined; }[]': length, pop, push, concat, and 35 more.
server/storage.ts(904,24): error TS2322: Type 'Date' is not assignable to type 'string | SQL<unknown> | SQLiteColumn<ColumnBaseConfig<ColumnDataType, string>, {}, {}> | null | undefined'.
server/storage.ts(936,57): error TS2769: No overload matches this call.
  Overload 1 of 2, '(value: { id: string | SQL<unknown> | Placeholder<string, any>; name: string | SQL<unknown> | Placeholder<string, any>; type?: string | SQL<unknown> | Placeholder<string, any> | undefined; ... 11 more ...; taskId?: string | ... 3 more ... | undefined; }): SQLiteInsertBase<...>', gave the following error.
    Argument of type '{ id: `${string}-${string}-${string}-${string}-${string}`; createdAt: string; name: string; type?: string | undefined; projectId?: string | null | undefined; createdBy?: string | null | undefined; color?: string | ... 1 more ... | undefined; ... 6 more ...; taskId?: string | ... 1 more ... | undefined; }' is not assignable to parameter of type '{ id: string | SQL<unknown> | Placeholder<string, any>; name: string | SQL<unknown> | Placeholder<string, any>; type?: string | SQL<unknown> | Placeholder<string, any> | undefined; ... 11 more ...; taskId?: string | ... 3 more ... | undefined; }'.
      Types of property 'members' are incompatible.
        Type '{ [x: number]: string; length: number; toString: () => string; toLocaleString: { (): string; (locales: string | string[], options?: (NumberFormatOptions & DateTimeFormatOptions) | undefined): string; }; ... 37 more ...; readonly [Symbol.unscopables]: { ...; }; } | null | undefined' is not assignable to type 'string[] | SQL<unknown> | Placeholder<string, any> | null | undefined'.
          Type '{ [x: number]: string; length: number; toString: () => string; toLocaleString: { (): string; (locales: string | string[], options?: (NumberFormatOptions & DateTimeFormatOptions) | undefined): string; }; ... 37 more ...; readonly [Symbol.unscopables]: { ...; }; }' is not assignable to type 'string[] | SQL<unknown> | Placeholder<string, any> | null | undefined'.
            Type '{ [x: number]: string; length: number; toString: () => string; toLocaleString: { (): string; (locales: string | string[], options?: (NumberFormatOptions & DateTimeFormatOptions) | undefined): string; }; ... 37 more ...; readonly [Symbol.unscopables]: { ...; }; }' is not assignable to type 'string[]'.
              The types returned by 'pop()' are incompatible between these types.
                Type 'unknown' is not assignable to type 'string | undefined'.
  Overload 2 of 2, '(values: { id: string | SQL<unknown> | Placeholder<string, any>; name: string | SQL<unknown> | Placeholder<string, any>; type?: string | SQL<unknown> | Placeholder<string, any> | undefined; ... 11 more ...; taskId?: string | ... 3 more ... | undefined; }[]): SQLiteInsertBase<...>', gave the following error.
    Argument of type '{ id: `${string}-${string}-${string}-${string}-${string}`; createdAt: string; name: string; type?: string | undefined; projectId?: string | null | undefined; createdBy?: string | null | undefined; color?: string | ... 1 more ... | undefined; ... 6 more ...; taskId?: string | ... 1 more ... | undefined; }' is not assignable to parameter of type '{ id: string | SQL<unknown> | Placeholder<string, any>; name: string | SQL<unknown> | Placeholder<string, any>; type?: string | SQL<unknown> | Placeholder<string, any> | undefined; ... 11 more ...; taskId?: string | ... 3 more ... | undefined; }[]'.
      Type '{ id: `${string}-${string}-${string}-${string}-${string}`; createdAt: string; name: string; type?: string | undefined; projectId?: string | null | undefined; createdBy?: string | null | undefined; color?: string | ... 1 more ... | undefined; ... 6 more ...; taskId?: string | ... 1 more ... | undefined; }' is missing the following properties from type '{ id: string | SQL<unknown> | Placeholder<string, any>; name: string | SQL<unknown> | Placeholder<string, any>; type?: string | SQL<unknown> | Placeholder<string, any> | undefined; ... 11 more ...; taskId?: string | ... 3 more ... | undefined; }[]': length, pop, push, concat, and 35 more.
server/storage.ts(941,54): error TS2345: Argument of type 'Partial<{ name: string; type?: string | undefined; projectId?: string | null | undefined; createdBy?: string | null | undefined; color?: string | null | undefined; unreadCount?: number | undefined; ... 5 more ...; taskId?: string | ... 1 more ... | undefined; }>' is not assignable to parameter of type '{ id?: string | SQL<unknown> | SQLiteColumn<ColumnBaseConfig<ColumnDataType, string>, {}, {}> | undefined; name?: string | SQL<...> | SQLiteColumn<...> | undefined; ... 12 more ...; taskId?: string | ... 3 more ... | undefined; }'.
  Types of property 'members' are incompatible.
    Type '{ [x: number]: string; length: number; toString: () => string; toLocaleString: { (): string; (locales: string | string[], options?: (NumberFormatOptions & DateTimeFormatOptions) | undefined): string; }; ... 37 more ...; readonly [Symbol.unscopables]: { ...; }; } | null | undefined' is not assignable to type 'string[] | SQL<unknown> | SQLiteColumn<ColumnBaseConfig<ColumnDataType, string>, {}, {}> | null | undefined'.
      Type '{ [x: number]: string; length: number; toString: () => string; toLocaleString: { (): string; (locales: string | string[], options?: (NumberFormatOptions & DateTimeFormatOptions) | undefined): string; }; ... 37 more ...; readonly [Symbol.unscopables]: { ...; }; }' is not assignable to type 'string[] | SQL<unknown> | SQLiteColumn<ColumnBaseConfig<ColumnDataType, string>, {}, {}> | null | undefined'.
        Type '{ [x: number]: string; length: number; toString: () => string; toLocaleString: { (): string; (locales: string | string[], options?: (NumberFormatOptions & DateTimeFormatOptions) | undefined): string; }; ... 37 more ...; readonly [Symbol.unscopables]: { ...; }; }' is not assignable to type 'string[]'.
          The types returned by 'pop()' are incompatible between these types.
            Type 'unknown' is not assignable to type 'string | undefined'.
server/storage.ts(998,67): error TS2769: No overload matches this call.
  Overload 1 of 2, '(value: { id: string | SQL<unknown> | Placeholder<string, any>; title: string | SQL<unknown> | Placeholder<string, any>; channelId: string | SQL<unknown> | Placeholder<...>; ... 8 more ...; dateTo?: string | ... 3 more ... | undefined; }): SQLiteInsertBase<...>', gave the following error.
    Argument of type '{ title: string; channelId: string; channelName: string; savedBy: string; savedByName: string; transcript: string; notes?: string | null | undefined; messageCount?: number | undefined; dateFrom?: string | ... 1 more ... | undefined; dateTo?: string | ... 1 more ... | undefined; }' is not assignable to parameter of type '{ id: string | SQL<unknown> | Placeholder<string, any>; title: string | SQL<unknown> | Placeholder<string, any>; channelId: string | SQL<unknown> | Placeholder<string, any>; ... 8 more ...; dateTo?: string | ... 3 more ... | undefined; }'.
      Property 'id' is missing in type '{ title: string; channelId: string; channelName: string; savedBy: string; savedByName: string; transcript: string; notes?: string | null | undefined; messageCount?: number | undefined; dateFrom?: string | ... 1 more ... | undefined; dateTo?: string | ... 1 more ... | undefined; }' but required in type '{ id: string | SQL<unknown> | Placeholder<string, any>; title: string | SQL<unknown> | Placeholder<string, any>; channelId: string | SQL<unknown> | Placeholder<string, any>; ... 8 more ...; dateTo?: string | ... 3 more ... | undefined; }'.
  Overload 2 of 2, '(values: { id: string | SQL<unknown> | Placeholder<string, any>; title: string | SQL<unknown> | Placeholder<string, any>; channelId: string | SQL<unknown> | Placeholder<...>; ... 8 more ...; dateTo?: string | ... 3 more ... | undefined; }[]): SQLiteInsertBase<...>', gave the following error.
    Argument of type '{ title: string; channelId: string; channelName: string; savedBy: string; savedByName: string; transcript: string; notes?: string | null | undefined; messageCount?: number | undefined; dateFrom?: string | ... 1 more ... | undefined; dateTo?: string | ... 1 more ... | undefined; }' is not assignable to parameter of type '{ id: string | SQL<unknown> | Placeholder<string, any>; title: string | SQL<unknown> | Placeholder<string, any>; channelId: string | SQL<unknown> | Placeholder<string, any>; ... 8 more ...; dateTo?: string | ... 3 more ... | undefined; }[]'.
      Type '{ title: string; channelId: string; channelName: string; savedBy: string; savedByName: string; transcript: string; notes?: string | null | undefined; messageCount?: number | undefined; dateFrom?: string | ... 1 more ... | undefined; dateTo?: string | ... 1 more ... | undefined; }' is missing the following properties from type '{ id: string | SQL<unknown> | Placeholder<string, any>; title: string | SQL<unknown> | Placeholder<string, any>; channelId: string | SQL<unknown> | Placeholder<string, any>; ... 8 more ...; dateTo?: string | ... 3 more ... | undefined; }[]': length, pop, push, concat, and 35 more.
server/storage.ts(1008,9): error TS2393: Duplicate function implementation.
server/storage.ts(1009,83): error TS2551: Property 'lastMessageAt' does not exist on type 'SQLiteTableWithColumns<{ name: "whatsapp_contacts"; schema: undefined; columns: { id: SQLiteColumn<{ name: "id"; tableName: "whatsapp_contacts"; dataType: "string"; columnType: "SQLiteText"; data: string; driverParam: string; ... 8 more ...; generated: undefined; }, {}, { ...; }>; ... 9 more ...; updatedAt: SQLiteCo...'. Did you mean 'lastMessageTime'?
server/storage.ts(1012,9): error TS2393: Duplicate function implementation.
server/storage.ts(1033,58): error TS2769: No overload matches this call.
  Overload 1 of 2, '(value: { id: string | SQL<unknown> | Placeholder<string, any>; chatId: string | SQL<unknown> | Placeholder<string, any>; username?: string | SQL<unknown> | Placeholder<...> | null | undefined; ... 4 more ...; lastName?: string | ... 3 more ... | undefined; }): SQLiteInsertBase<...>', gave the following error.
    Argument of type '{ chatId: string; username?: string | null | undefined; type?: string | undefined; unreadCount?: number | undefined; firstName?: string | null | undefined; lastName?: string | null | undefined; }' is not assignable to parameter of type '{ id: string | SQL<unknown> | Placeholder<string, any>; chatId: string | SQL<unknown> | Placeholder<string, any>; username?: string | SQL<unknown> | Placeholder<string, any> | null | undefined; ... 4 more ...; lastName?: string | ... 3 more ... | undefined; }'.
      Property 'id' is missing in type '{ chatId: string; username?: string | null | undefined; type?: string | undefined; unreadCount?: number | undefined; firstName?: string | null | undefined; lastName?: string | null | undefined; }' but required in type '{ id: string | SQL<unknown> | Placeholder<string, any>; chatId: string | SQL<unknown> | Placeholder<string, any>; username?: string | SQL<unknown> | Placeholder<string, any> | null | undefined; ... 4 more ...; lastName?: string | ... 3 more ... | undefined; }'.
  Overload 2 of 2, '(values: { id: string | SQL<unknown> | Placeholder<string, any>; chatId: string | SQL<unknown> | Placeholder<string, any>; username?: string | SQL<unknown> | Placeholder<...> | null | undefined; ... 4 more ...; lastName?: string | ... 3 more ... | undefined; }[]): SQLiteInsertBase<...>', gave the following error.
    Argument of type '{ chatId: string; username?: string | null | undefined; type?: string | undefined; unreadCount?: number | undefined; firstName?: string | null | undefined; lastName?: string | null | undefined; }' is not assignable to parameter of type '{ id: string | SQL<unknown> | Placeholder<string, any>; chatId: string | SQL<unknown> | Placeholder<string, any>; username?: string | SQL<unknown> | Placeholder<string, any> | null | undefined; ... 4 more ...; lastName?: string | ... 3 more ... | undefined; }[]'.
      Type '{ chatId: string; username?: string | null | undefined; type?: string | undefined; unreadCount?: number | undefined; firstName?: string | null | undefined; lastName?: string | null | undefined; }' is missing the following properties from type '{ id: string | SQL<unknown> | Placeholder<string, any>; chatId: string | SQL<unknown> | Placeholder<string, any>; username?: string | SQL<unknown> | Placeholder<string, any> | null | undefined; ... 4 more ...; lastName?: string | ... 3 more ... | undefined; }[]': length, pop, push, concat, and 35 more.
server/storage.ts(1051,61): error TS2769: No overload matches this call.
  Overload 1 of 2, '(value: { id: string | SQL<unknown> | Placeholder<string, any>; content: string | SQL<unknown> | Placeholder<string, any>; chatId: string | SQL<unknown> | Placeholder<...>; createdAt?: string | ... 3 more ... | undefined; direction?: string | ... 2 more ... | undefined; telegramMessageId?: string | ... 3 more ... | undefined; }): SQLiteInsertBase<...>', gave the following error.
    Argument of type '{ content: string; chatId: string; direction?: string | undefined; telegramMessageId?: string | null | undefined; }' is not assignable to parameter of type '{ id: string | SQL<unknown> | Placeholder<string, any>; content: string | SQL<unknown> | Placeholder<string, any>; chatId: string | SQL<unknown> | Placeholder<string, any>; createdAt?: string | ... 3 more ... | undefined; direction?: string | ... 2 more ... | undefined; telegramMessageId?: string | ... 3 more ... | ...'.
      Property 'id' is missing in type '{ content: string; chatId: string; direction?: string | undefined; telegramMessageId?: string | null | undefined; }' but required in type '{ id: string | SQL<unknown> | Placeholder<string, any>; content: string | SQL<unknown> | Placeholder<string, any>; chatId: string | SQL<unknown> | Placeholder<string, any>; createdAt?: string | ... 3 more ... | undefined; direction?: string | ... 2 more ... | undefined; telegramMessageId?: string | ... 3 more ... | ...'.
  Overload 2 of 2, '(values: { id: string | SQL<unknown> | Placeholder<string, any>; content: string | SQL<unknown> | Placeholder<string, any>; chatId: string | SQL<unknown> | Placeholder<...>; createdAt?: string | ... 3 more ... | undefined; direction?: string | ... 2 more ... | undefined; telegramMessageId?: string | ... 3 more ... | undefined; }[]): SQLiteInsertBase<...>', gave the following error.
    Argument of type '{ content: string; chatId: string; direction?: string | undefined; telegramMessageId?: string | null | undefined; }' is not assignable to parameter of type '{ id: string | SQL<unknown> | Placeholder<string, any>; content: string | SQL<unknown> | Placeholder<string, any>; chatId: string | SQL<unknown> | Placeholder<string, any>; createdAt?: string | ... 3 more ... | undefined; direction?: string | ... 2 more ... | undefined; telegramMessageId?: string | ... 3 more ... | ...'.
      Type '{ content: string; chatId: string; direction?: string | undefined; telegramMessageId?: string | null | undefined; }' is missing the following properties from type '{ id: string | SQL<unknown> | Placeholder<string, any>; content: string | SQL<unknown> | Placeholder<string, any>; chatId: string | SQL<unknown> | Placeholder<string, any>; createdAt?: string | ... 3 more ... | undefined; direction?: string | ... 2 more ... | undefined; telegramMessageId?: string | ... 3 more ... | ...': length, pop, push, concat, and 35 more.
server/storage.ts(1057,52): error TS2769: No overload matches this call.
  Overload 1 of 3, '(left: SQLiteColumn<{ name: "is_archived"; tableName: "documents"; dataType: "number"; columnType: "SQLiteInteger"; data: number; driverParam: number; notNull: true; hasDefault: true; isPrimaryKey: false; ... 5 more ...; generated: undefined; }, {}, {}>, right: number | SQLWrapper): SQL<...>', gave the following error.
    Argument of type 'boolean' is not assignable to parameter of type 'number | SQLWrapper'.
  Overload 2 of 3, '(left: Aliased<boolean>, right: boolean | SQLWrapper): SQL<unknown>', gave the following error.
    Argument of type 'SQLiteColumn<{ name: "is_archived"; tableName: "documents"; dataType: "number"; columnType: "SQLiteInteger"; data: number; driverParam: number; notNull: true; hasDefault: true; isPrimaryKey: false; isAutoincrement: false; ... 4 more ...; generated: undefined; }, {}, {}>' is not assignable to parameter of type 'Aliased<boolean>'.
      Type 'SQLiteColumn<{ name: "is_archived"; tableName: "documents"; dataType: "number"; columnType: "SQLiteInteger"; data: number; driverParam: number; notNull: true; hasDefault: true; isPrimaryKey: false; isAutoincrement: false; ... 4 more ...; generated: undefined; }, {}, {}>' is missing the following properties from type 'Aliased<boolean>': sql, fieldAlias
  Overload 3 of 3, '(left: never, right: unknown): SQL<unknown>', gave the following error.
    Argument of type 'SQLiteColumn<{ name: "is_archived"; tableName: "documents"; dataType: "number"; columnType: "SQLiteInteger"; data: number; driverParam: number; notNull: true; hasDefault: true; isPrimaryKey: false; isAutoincrement: false; ... 4 more ...; generated: undefined; }, {}, {}>' is not assignable to parameter of type 'never'.
server/storage.ts(1062,5): error TS2322: Type '{ id: string; title: string; description: any; type: any; fileName: any; filePath: any; ownerId: string | null; lastEditorId: string | null; version: any; isLocked: any; lockedBy: any; lastOpenedAt: any; createdAt: string | null; updatedAt: string | null; }[]' is not assignable to type 'Omit<{ id: string; title: string; createdAt: string | null; isPublic: number; updatedAt: string | null; tags: string | null; icon: string | null; parentId: string | null; isArchived: number; ... 6 more ...; needsReview: number; }, "content">[]'.
  Type '{ id: string; title: string; description: any; type: any; fileName: any; filePath: any; ownerId: string | null; lastEditorId: string | null; version: any; isLocked: any; lockedBy: any; lastOpenedAt: any; createdAt: string | null; updatedAt: string | null; }' is missing the following properties from type 'Omit<{ id: string; title: string; createdAt: string | null; isPublic: number; updatedAt: string | null; tags: string | null; icon: string | null; parentId: string | null; isArchived: number; ... 6 more ...; needsReview: number; }, "content">': isPublic, tags, icon, parentId, and 5 more.
server/storage.ts(1065,30): error TS2339: Property 'description' does not exist on type 'SQLiteTableWithColumns<{ name: "documents"; schema: undefined; columns: { id: SQLiteColumn<{ name: "id"; tableName: "documents"; dataType: "string"; columnType: "SQLiteText"; data: string; driverParam: string; notNull: true; hasDefault: false; ... 6 more ...; generated: undefined; }, {}, { ...; }>; ... 14 more ...; ...'.
server/storage.ts(1066,23): error TS2339: Property 'type' does not exist on type 'SQLiteTableWithColumns<{ name: "documents"; schema: undefined; columns: { id: SQLiteColumn<{ name: "id"; tableName: "documents"; dataType: "string"; columnType: "SQLiteText"; data: string; driverParam: string; notNull: true; hasDefault: false; ... 6 more ...; generated: undefined; }, {}, { ...; }>; ... 14 more ...; ...'.
server/storage.ts(1067,27): error TS2339: Property 'fileName' does not exist on type 'SQLiteTableWithColumns<{ name: "documents"; schema: undefined; columns: { id: SQLiteColumn<{ name: "id"; tableName: "documents"; dataType: "string"; columnType: "SQLiteText"; data: string; driverParam: string; notNull: true; hasDefault: false; ... 6 more ...; generated: undefined; }, {}, { ...; }>; ... 14 more ...; ...'.
server/storage.ts(1068,27): error TS2339: Property 'filePath' does not exist on type 'SQLiteTableWithColumns<{ name: "documents"; schema: undefined; columns: { id: SQLiteColumn<{ name: "id"; tableName: "documents"; dataType: "string"; columnType: "SQLiteText"; data: string; driverParam: string; notNull: true; hasDefault: false; ... 6 more ...; generated: undefined; }, {}, { ...; }>; ... 14 more ...; ...'.
server/storage.ts(1071,26): error TS2339: Property 'version' does not exist on type 'SQLiteTableWithColumns<{ name: "documents"; schema: undefined; columns: { id: SQLiteColumn<{ name: "id"; tableName: "documents"; dataType: "string"; columnType: "SQLiteText"; data: string; driverParam: string; notNull: true; hasDefault: false; ... 6 more ...; generated: undefined; }, {}, { ...; }>; ... 14 more ...; ...'.
server/storage.ts(1072,27): error TS2339: Property 'isLocked' does not exist on type 'SQLiteTableWithColumns<{ name: "documents"; schema: undefined; columns: { id: SQLiteColumn<{ name: "id"; tableName: "documents"; dataType: "string"; columnType: "SQLiteText"; data: string; driverParam: string; notNull: true; hasDefault: false; ... 6 more ...; generated: undefined; }, {}, { ...; }>; ... 14 more ...; ...'.
server/storage.ts(1073,27): error TS2339: Property 'lockedBy' does not exist on type 'SQLiteTableWithColumns<{ name: "documents"; schema: undefined; columns: { id: SQLiteColumn<{ name: "id"; tableName: "documents"; dataType: "string"; columnType: "SQLiteText"; data: string; driverParam: string; notNull: true; hasDefault: false; ... 6 more ...; generated: undefined; }, {}, { ...; }>; ... 14 more ...; ...'.
server/storage.ts(1074,31): error TS2339: Property 'lastOpenedAt' does not exist on type 'SQLiteTableWithColumns<{ name: "documents"; schema: undefined; columns: { id: SQLiteColumn<{ name: "id"; tableName: "documents"; dataType: "string"; columnType: "SQLiteText"; data: string; driverParam: string; notNull: true; hasDefault: false; ... 6 more ...; generated: undefined; }, {}, { ...; }>; ... 14 more ...; ...'.
server/storage.ts(1081,9): error TS2393: Duplicate function implementation.
server/storage.ts(1090,9): error TS2393: Duplicate function implementation.
server/storage.ts(1121,9): error TS2393: Duplicate function implementation.
server/storage.ts(1147,60): error TS2304: Cannot find name 'IndirizzoSpedizione'.
server/storage.ts(1148,35): error TS2304: Cannot find name 'indirizziSpedizione'.
server/storage.ts(1148,65): error TS2304: Cannot find name 'indirizziSpedizione'.
server/storage.ts(1151,9): error TS2393: Duplicate function implementation.
server/storage.ts(1151,46): error TS2552: Cannot find name 'InsertIndirizzoSpedizione'. Did you mean 'InsertIndirizzoSpedizioneCliente'?
server/storage.ts(1151,82): error TS2304: Cannot find name 'IndirizzoSpedizione'.
server/storage.ts(1153,44): error TS2304: Cannot find name 'indirizziSpedizione'.
server/storage.ts(1157,9): error TS2393: Duplicate function implementation.
server/storage.ts(1157,66): error TS2552: Cannot find name 'InsertIndirizzoSpedizione'. Did you mean 'InsertIndirizzoSpedizioneCliente'?
server/storage.ts(1157,103): error TS2304: Cannot find name 'IndirizzoSpedizione'.
server/storage.ts(1158,39): error TS2304: Cannot find name 'indirizziSpedizione'.
server/storage.ts(1158,84): error TS2304: Cannot find name 'indirizziSpedizione'.
server/storage.ts(1162,9): error TS2393: Duplicate function implementation.
server/storage.ts(1163,39): error TS2304: Cannot find name 'indirizziSpedizione'.
server/storage.ts(1163,69): error TS2304: Cannot find name 'indirizziSpedizione'.
server/storage.ts(1221,50): error TS2769: No overload matches this call.
  Overload 1 of 3, '(left: SQLiteColumn<{ name: "is_archived"; tableName: "documents"; dataType: "number"; columnType: "SQLiteInteger"; data: number; driverParam: number; notNull: true; hasDefault: true; isPrimaryKey: false; ... 5 more ...; generated: undefined; }, {}, {}>, right: number | SQLWrapper): SQL<...>', gave the following error.
    Argument of type 'boolean' is not assignable to parameter of type 'number | SQLWrapper'.
  Overload 2 of 3, '(left: Aliased<boolean>, right: boolean | SQLWrapper): SQL<unknown>', gave the following error.
    Argument of type 'SQLiteColumn<{ name: "is_archived"; tableName: "documents"; dataType: "number"; columnType: "SQLiteInteger"; data: number; driverParam: number; notNull: true; hasDefault: true; isPrimaryKey: false; isAutoincrement: false; ... 4 more ...; generated: undefined; }, {}, {}>' is not assignable to parameter of type 'Aliased<boolean>'.
      Type 'SQLiteColumn<{ name: "is_archived"; tableName: "documents"; dataType: "number"; columnType: "SQLiteInteger"; data: number; driverParam: number; notNull: true; hasDefault: true; isPrimaryKey: false; isAutoincrement: false; ... 4 more ...; generated: undefined; }, {}, {}>' is missing the following properties from type 'Aliased<boolean>': sql, fieldAlias
  Overload 3 of 3, '(left: never, right: unknown): SQL<unknown>', gave the following error.
    Argument of type 'SQLiteColumn<{ name: "is_archived"; tableName: "documents"; dataType: "number"; columnType: "SQLiteInteger"; data: number; driverParam: number; notNull: true; hasDefault: true; isPrimaryKey: false; isAutoincrement: false; ... 4 more ...; generated: undefined; }, {}, {}>' is not assignable to parameter of type 'never'.
server/storage.ts(1230,49): error TS2769: No overload matches this call.
  Overload 1 of 3, '(left: SQLiteColumn<{ name: "is_archived"; tableName: "documents"; dataType: "number"; columnType: "SQLiteInteger"; data: number; driverParam: number; notNull: true; hasDefault: true; isPrimaryKey: false; ... 5 more ...; generated: undefined; }, {}, {}>, right: number | SQLWrapper): SQL<...>', gave the following error.
    Argument of type 'boolean' is not assignable to parameter of type 'number | SQLWrapper'.
  Overload 2 of 3, '(left: Aliased<boolean>, right: boolean | SQLWrapper): SQL<unknown>', gave the following error.
    Argument of type 'SQLiteColumn<{ name: "is_archived"; tableName: "documents"; dataType: "number"; columnType: "SQLiteInteger"; data: number; driverParam: number; notNull: true; hasDefault: true; isPrimaryKey: false; isAutoincrement: false; ... 4 more ...; generated: undefined; }, {}, {}>' is not assignable to parameter of type 'Aliased<boolean>'.
      Type 'SQLiteColumn<{ name: "is_archived"; tableName: "documents"; dataType: "number"; columnType: "SQLiteInteger"; data: number; driverParam: number; notNull: true; hasDefault: true; isPrimaryKey: false; isAutoincrement: false; ... 4 more ...; generated: undefined; }, {}, {}>' is missing the following properties from type 'Aliased<boolean>': sql, fieldAlias
  Overload 3 of 3, '(left: never, right: unknown): SQL<unknown>', gave the following error.
    Argument of type 'SQLiteColumn<{ name: "is_archived"; tableName: "documents"; dataType: "number"; columnType: "SQLiteInteger"; data: number; driverParam: number; notNull: true; hasDefault: true; isPrimaryKey: false; isAutoincrement: false; ... 4 more ...; generated: undefined; }, {}, {}>' is not assignable to parameter of type 'never'.
server/storage.ts(1307,9): error TS2393: Duplicate function implementation.
server/storage.ts(1311,9): error TS2393: Duplicate function implementation.
server/storage.ts(1323,9): error TS2393: Duplicate function implementation.
server/storage.ts(1333,9): error TS2393: Duplicate function implementation.
server/storage.ts(1338,9): error TS2393: Duplicate function implementation.
server/storage.ts(1379,10): error TS2769: No overload matches this call.
  Overload 1 of 2, '(value: { id: string | SQL<unknown> | Placeholder<string, any>; role: string | SQL<unknown> | Placeholder<string, any>; module: string | SQL<unknown> | Placeholder<string, any>; canView?: boolean | ... 2 more ... | undefined; canCreate?: boolean | ... 2 more ... | undefined; canEdit?: boolean | ... 2 more ... | undefined; canDelete?: boolean | ... 2 more ... | undefined; }): SQLiteInsertBase<...>', gave the following error.
    Argument of type '{ canView: boolean; canCreate: boolean; canEdit: boolean; canDelete: boolean; role: string; module: string; }' is not assignable to parameter of type '{ id: string | SQL<unknown> | Placeholder<string, any>; role: string | SQL<unknown> | Placeholder<string, any>; module: string | SQL<unknown> | Placeholder<string, any>; canView?: boolean | ... 2 more ... | undefined; canCreate?: boolean | ... 2 more ... | undefined; canEdit?: boolean | ... 2 more ... | undefined; c...'.
      Property 'id' is missing in type '{ canView: boolean; canCreate: boolean; canEdit: boolean; canDelete: boolean; role: string; module: string; }' but required in type '{ id: string | SQL<unknown> | Placeholder<string, any>; role: string | SQL<unknown> | Placeholder<string, any>; module: string | SQL<unknown> | Placeholder<string, any>; canView?: boolean | ... 2 more ... | undefined; canCreate?: boolean | ... 2 more ... | undefined; canEdit?: boolean | ... 2 more ... | undefined; c...'.
  Overload 2 of 2, '(values: { id: string | SQL<unknown> | Placeholder<string, any>; role: string | SQL<unknown> | Placeholder<string, any>; module: string | SQL<unknown> | Placeholder<string, any>; canView?: boolean | ... 2 more ... | undefined; canCreate?: boolean | ... 2 more ... | undefined; canEdit?: boolean | ... 2 more ... | undefined; canDelete?: boolean | ... 2 more ... | undefined; }[]): SQLiteInsertBase<...>', gave the following error.
    Object literal may only specify known properties, and 'role' does not exist in type '{ id: string | SQL<unknown> | Placeholder<string, any>; role: string | SQL<unknown> | Placeholder<string, any>; module: string | SQL<unknown> | Placeholder<string, any>; canView?: boolean | ... 2 more ... | undefined; canCreate?: boolean | ... 2 more ... | undefined; canEdit?: boolean | ... 2 more ... | undefined; c...'.
server/storage.ts(1440,45): error TS2769: No overload matches this call.
  Overload 1 of 2, '(value: { id: string | SQL<unknown> | Placeholder<string, any>; role: string | SQL<unknown> | Placeholder<string, any>; module: string | SQL<unknown> | Placeholder<string, any>; canView?: boolean | ... 2 more ... | undefined; canCreate?: boolean | ... 2 more ... | undefined; canEdit?: boolean | ... 2 more ... | undefined; canDelete?: boolean | ... 2 more ... | undefined; }): SQLiteInsertBase<...>', gave the following error.
    Argument of type '{ role: string; module: string; canView?: boolean | undefined; canCreate?: boolean | undefined; canEdit?: boolean | undefined; canDelete?: boolean | undefined; }[]' is not assignable to parameter of type '{ id: string | SQL<unknown> | Placeholder<string, any>; role: string | SQL<unknown> | Placeholder<string, any>; module: string | SQL<unknown> | Placeholder<string, any>; canView?: boolean | ... 2 more ... | undefined; canCreate?: boolean | ... 2 more ... | undefined; canEdit?: boolean | ... 2 more ... | undefined; c...'.
      Type '{ role: string; module: string; canView?: boolean | undefined; canCreate?: boolean | undefined; canEdit?: boolean | undefined; canDelete?: boolean | undefined; }[]' is missing the following properties from type '{ id: string | SQL<unknown> | Placeholder<string, any>; role: string | SQL<unknown> | Placeholder<string, any>; module: string | SQL<unknown> | Placeholder<string, any>; canView?: boolean | ... 2 more ... | undefined; canCreate?: boolean | ... 2 more ... | undefined; canEdit?: boolean | ... 2 more ... | undefined; c...': id, role, module
  Overload 2 of 2, '(values: { id: string | SQL<unknown> | Placeholder<string, any>; role: string | SQL<unknown> | Placeholder<string, any>; module: string | SQL<unknown> | Placeholder<string, any>; canView?: boolean | ... 2 more ... | undefined; canCreate?: boolean | ... 2 more ... | undefined; canEdit?: boolean | ... 2 more ... | undefined; canDelete?: boolean | ... 2 more ... | undefined; }[]): SQLiteInsertBase<...>', gave the following error.
    Argument of type '{ role: string; module: string; canView?: boolean | undefined; canCreate?: boolean | undefined; canEdit?: boolean | undefined; canDelete?: boolean | undefined; }[]' is not assignable to parameter of type '{ id: string | SQL<unknown> | Placeholder<string, any>; role: string | SQL<unknown> | Placeholder<string, any>; module: string | SQL<unknown> | Placeholder<string, any>; canView?: boolean | ... 2 more ... | undefined; canCreate?: boolean | ... 2 more ... | undefined; canEdit?: boolean | ... 2 more ... | undefined; c...'.
      Property 'id' is missing in type '{ role: string; module: string; canView?: boolean | undefined; canCreate?: boolean | undefined; canEdit?: boolean | undefined; canDelete?: boolean | undefined; }' but required in type '{ id: string | SQL<unknown> | Placeholder<string, any>; role: string | SQL<unknown> | Placeholder<string, any>; module: string | SQL<unknown> | Placeholder<string, any>; canView?: boolean | ... 2 more ... | undefined; canCreate?: boolean | ... 2 more ... | undefined; canEdit?: boolean | ... 2 more ... | undefined; c...'.
server/storage.ts(1549,53): error TS2769: No overload matches this call.
  Overload 1 of 2, '(value: { id: string | SQL<unknown> | Placeholder<string, any>; userId: string | SQL<unknown> | Placeholder<string, any>; module: string | SQL<unknown> | Placeholder<string, any>; canView?: number | ... 2 more ... | undefined; canCreate?: number | ... 2 more ... | undefined; canEdit?: number | ... 2 more ... | undefined; canDelete?: number | ... 2 more ... | undefined; }): SQLiteInsertBase<...>', gave the following error.
    Argument of type '{ canView: number; canCreate: number; canEdit: number; canDelete: number; userId: string; module: string; }' is not assignable to parameter of type '{ id: string | SQL<unknown> | Placeholder<string, any>; userId: string | SQL<unknown> | Placeholder<string, any>; module: string | SQL<unknown> | Placeholder<string, any>; canView?: number | ... 2 more ... | undefined; canCreate?: number | ... 2 more ... | undefined; canEdit?: number | ... 2 more ... | undefined; ca...'.
      Property 'id' is missing in type '{ canView: number; canCreate: number; canEdit: number; canDelete: number; userId: string; module: string; }' but required in type '{ id: string | SQL<unknown> | Placeholder<string, any>; userId: string | SQL<unknown> | Placeholder<string, any>; module: string | SQL<unknown> | Placeholder<string, any>; canView?: number | ... 2 more ... | undefined; canCreate?: number | ... 2 more ... | undefined; canEdit?: number | ... 2 more ... | undefined; ca...'.
  Overload 2 of 2, '(values: { id: string | SQL<unknown> | Placeholder<string, any>; userId: string | SQL<unknown> | Placeholder<string, any>; module: string | SQL<unknown> | Placeholder<string, any>; canView?: number | ... 2 more ... | undefined; canCreate?: number | ... 2 more ... | undefined; canEdit?: number | ... 2 more ... | undefined; canDelete?: number | ... 2 more ... | undefined; }[]): SQLiteInsertBase<...>', gave the following error.
    Object literal may only specify known properties, and 'userId' does not exist in type '{ id: string | SQL<unknown> | Placeholder<string, any>; userId: string | SQL<unknown> | Placeholder<string, any>; module: string | SQL<unknown> | Placeholder<string, any>; canView?: number | ... 2 more ... | undefined; canCreate?: number | ... 2 more ... | undefined; canEdit?: number | ... 2 more ... | undefined; ca...'.
server/storage.ts(1565,11): error TS2322: Type 'boolean' is not assignable to type 'number'.
server/storage.ts(1566,11): error TS2322: Type 'boolean' is not assignable to type 'number'.
server/storage.ts(1567,11): error TS2322: Type 'boolean' is not assignable to type 'number'.
server/storage.ts(1568,11): error TS2322: Type 'boolean' is not assignable to type 'number'.
server/storage.ts(1574,11): error TS2322: Type 'boolean' is not assignable to type 'number'.
server/storage.ts(1575,11): error TS2322: Type 'boolean' is not assignable to type 'number'.
server/storage.ts(1576,11): error TS2322: Type 'boolean' is not assignable to type 'number'.
server/storage.ts(1577,11): error TS2322: Type 'boolean' is not assignable to type 'number'.
server/storage.ts(1651,58): error TS2769: No overload matches this call.
  Overload 1 of 2, '(value: { id: string | SQL<unknown> | Placeholder<string, any>; title: string | SQL<unknown> | Placeholder<string, any>; userId?: string | SQL<unknown> | Placeholder<string, any> | null | undefined; ... 16 more ...; googleCalendarId?: string | ... 3 more ... | undefined; }): SQLiteInsertBase<...>', gave the following error.
    Argument of type '{ id: `${string}-${string}-${string}-${string}-${string}`; created_at: string; title: string; userId?: string | null | undefined; priority?: string | undefined; dueDate?: string | null | undefined; projectId?: string | ... 1 more ... | undefined; ... 12 more ...; googleCalendarId?: string | ... 1 more ... | undefine...' is not assignable to parameter of type '{ id: string | SQL<unknown> | Placeholder<string, any>; title: string | SQL<unknown> | Placeholder<string, any>; userId?: string | SQL<unknown> | Placeholder<string, any> | null | undefined; ... 16 more ...; googleCalendarId?: string | ... 3 more ... | undefined; }'.
      Types of property 'dependsOn' are incompatible.
        Type '{ [x: number]: string; length: number; toString: () => string; toLocaleString: { (): string; (locales: string | string[], options?: (NumberFormatOptions & DateTimeFormatOptions) | undefined): string; }; ... 37 more ...; readonly [Symbol.unscopables]: { ...; }; } | null | undefined' is not assignable to type 'string[] | SQL<unknown> | Placeholder<string, any> | null | undefined'.
          Type '{ [x: number]: string; length: number; toString: () => string; toLocaleString: { (): string; (locales: string | string[], options?: (NumberFormatOptions & DateTimeFormatOptions) | undefined): string; }; ... 37 more ...; readonly [Symbol.unscopables]: { ...; }; }' is not assignable to type 'string[] | SQL<unknown> | Placeholder<string, any> | null | undefined'.
            Type '{ [x: number]: string; length: number; toString: () => string; toLocaleString: { (): string; (locales: string | string[], options?: (NumberFormatOptions & DateTimeFormatOptions) | undefined): string; }; ... 37 more ...; readonly [Symbol.unscopables]: { ...; }; }' is not assignable to type 'string[]'.
              The types returned by 'pop()' are incompatible between these types.
                Type 'unknown' is not assignable to type 'string | undefined'.
  Overload 2 of 2, '(values: { id: string | SQL<unknown> | Placeholder<string, any>; title: string | SQL<unknown> | Placeholder<string, any>; userId?: string | SQL<unknown> | Placeholder<string, any> | null | undefined; ... 16 more ...; googleCalendarId?: string | ... 3 more ... | undefined; }[]): SQLiteInsertBase<...>', gave the following error.
    Argument of type '{ id: `${string}-${string}-${string}-${string}-${string}`; created_at: string; title: string; userId?: string | null | undefined; priority?: string | undefined; dueDate?: string | null | undefined; projectId?: string | ... 1 more ... | undefined; ... 12 more ...; googleCalendarId?: string | ... 1 more ... | undefine...' is not assignable to parameter of type '{ id: string | SQL<unknown> | Placeholder<string, any>; title: string | SQL<unknown> | Placeholder<string, any>; userId?: string | SQL<unknown> | Placeholder<string, any> | null | undefined; ... 16 more ...; googleCalendarId?: string | ... 3 more ... | undefined; }[]'.
      Type '{ id: `${string}-${string}-${string}-${string}-${string}`; created_at: string; title: string; userId?: string | null | undefined; priority?: string | undefined; dueDate?: string | null | undefined; projectId?: string | ... 1 more ... | undefined; ... 12 more ...; googleCalendarId?: string | ... 1 more ... | undefine...' is missing the following properties from type '{ id: string | SQL<unknown> | Placeholder<string, any>; title: string | SQL<unknown> | Placeholder<string, any>; userId?: string | SQL<unknown> | Placeholder<string, any> | null | undefined; ... 16 more ...; googleCalendarId?: string | ... 3 more ... | undefined; }[]': length, pop, push, concat, and 35 more.
server/storage.ts(1656,55): error TS2345: Argument of type 'Partial<{ title: string; userId?: string | null | undefined; priority?: string | undefined; dueDate?: string | null | undefined; projectId?: string | null | undefined; starred?: boolean | undefined; ... 11 more ...; googleCalendarId?: string | ... 1 more ... | undefined; }>' is not assignable to parameter of type '{ id?: string | SQL<unknown> | SQLiteColumn<ColumnBaseConfig<ColumnDataType, string>, {}, {}> | undefined; title?: string | SQL<...> | SQLiteColumn<...> | undefined; ... 17 more ...; googleCalendarId?: string | ... 3 more ... | undefined; }'.
  Types of property 'dependsOn' are incompatible.
    Type '{ [x: number]: string; length: number; toString: () => string; toLocaleString: { (): string; (locales: string | string[], options?: (NumberFormatOptions & DateTimeFormatOptions) | undefined): string; }; ... 37 more ...; readonly [Symbol.unscopables]: { ...; }; } | null | undefined' is not assignable to type 'string[] | SQL<unknown> | SQLiteColumn<ColumnBaseConfig<ColumnDataType, string>, {}, {}> | null | undefined'.
      Type '{ [x: number]: string; length: number; toString: () => string; toLocaleString: { (): string; (locales: string | string[], options?: (NumberFormatOptions & DateTimeFormatOptions) | undefined): string; }; ... 37 more ...; readonly [Symbol.unscopables]: { ...; }; }' is not assignable to type 'string[] | SQL<unknown> | SQLiteColumn<ColumnBaseConfig<ColumnDataType, string>, {}, {}> | null | undefined'.
        Type '{ [x: number]: string; length: number; toString: () => string; toLocaleString: { (): string; (locales: string | string[], options?: (NumberFormatOptions & DateTimeFormatOptions) | undefined): string; }; ... 37 more ...; readonly [Symbol.unscopables]: { ...; }; }' is not assignable to type 'string[]'.
          The types returned by 'pop()' are incompatible between these types.
            Type 'unknown' is not assignable to type 'string | undefined'.
server/storage.ts(1691,57): error TS2769: No overload matches this call.
  Overload 1 of 2, '(value: { id: string | SQL<unknown> | Placeholder<string, any>; userId: string | SQL<unknown> | Placeholder<string, any>; taskId: string | SQL<unknown> | Placeholder<string, any>; content: string | ... 1 more ... | Placeholder<...>; createdAt?: string | ... 3 more ... | undefined; mentions?: string | ... 3 more ... | undefined; }): SQLiteInsertBase<...>', gave the following error.
    Argument of type '{ userId: string; taskId: string; content: string; mentions?: string | null | undefined; }' is not assignable to parameter of type '{ id: string | SQL<unknown> | Placeholder<string, any>; userId: string | SQL<unknown> | Placeholder<string, any>; taskId: string | SQL<unknown> | Placeholder<string, any>; content: string | ... 1 more ... | Placeholder<...>; createdAt?: string | ... 3 more ... | undefined; mentions?: string | ... 3 more ... | undefi...'.
      Property 'id' is missing in type '{ userId: string; taskId: string; content: string; mentions?: string | null | undefined; }' but required in type '{ id: string | SQL<unknown> | Placeholder<string, any>; userId: string | SQL<unknown> | Placeholder<string, any>; taskId: string | SQL<unknown> | Placeholder<string, any>; content: string | ... 1 more ... | Placeholder<...>; createdAt?: string | ... 3 more ... | undefined; mentions?: string | ... 3 more ... | undefi...'.
  Overload 2 of 2, '(values: { id: string | SQL<unknown> | Placeholder<string, any>; userId: string | SQL<unknown> | Placeholder<string, any>; taskId: string | SQL<unknown> | Placeholder<string, any>; content: string | ... 1 more ... | Placeholder<...>; createdAt?: string | ... 3 more ... | undefined; mentions?: string | ... 3 more ... | undefined; }[]): SQLiteInsertBase<...>', gave the following error.
    Argument of type '{ userId: string; taskId: string; content: string; mentions?: string | null | undefined; }' is not assignable to parameter of type '{ id: string | SQL<unknown> | Placeholder<string, any>; userId: string | SQL<unknown> | Placeholder<string, any>; taskId: string | SQL<unknown> | Placeholder<string, any>; content: string | ... 1 more ... | Placeholder<...>; createdAt?: string | ... 3 more ... | undefined; mentions?: string | ... 3 more ... | undefi...'.
      Type '{ userId: string; taskId: string; content: string; mentions?: string | null | undefined; }' is missing the following properties from type '{ id: string | SQL<unknown> | Placeholder<string, any>; userId: string | SQL<unknown> | Placeholder<string, any>; taskId: string | SQL<unknown> | Placeholder<string, any>; content: string | ... 1 more ... | Placeholder<...>; createdAt?: string | ... 3 more ... | undefined; mentions?: string | ... 3 more ... | undefi...': length, pop, push, concat, and 35 more.
server/storage.ts(1706,57): error TS2769: No overload matches this call.
  Overload 1 of 2, '(value: { id: string | SQL<unknown> | Placeholder<string, any>; userId: string | SQL<unknown> | Placeholder<string, any>; action: string | SQL<unknown> | Placeholder<string, any>; ... 4 more ...; details?: string | ... 3 more ... | undefined; }): SQLiteInsertBase<...>', gave the following error.
    Argument of type '{ userId: string; action: string; entityType: string; entityId?: string | null | undefined; entityTitle?: string | null | undefined; details?: string | null | undefined; }' is not assignable to parameter of type '{ id: string | SQL<unknown> | Placeholder<string, any>; userId: string | SQL<unknown> | Placeholder<string, any>; action: string | SQL<unknown> | Placeholder<string, any>; ... 4 more ...; details?: string | ... 3 more ... | undefined; }'.
      Property 'id' is missing in type '{ userId: string; action: string; entityType: string; entityId?: string | null | undefined; entityTitle?: string | null | undefined; details?: string | null | undefined; }' but required in type '{ id: string | SQL<unknown> | Placeholder<string, any>; userId: string | SQL<unknown> | Placeholder<string, any>; action: string | SQL<unknown> | Placeholder<string, any>; ... 4 more ...; details?: string | ... 3 more ... | undefined; }'.
  Overload 2 of 2, '(values: { id: string | SQL<unknown> | Placeholder<string, any>; userId: string | SQL<unknown> | Placeholder<string, any>; action: string | SQL<unknown> | Placeholder<string, any>; ... 4 more ...; details?: string | ... 3 more ... | undefined; }[]): SQLiteInsertBase<...>', gave the following error.
    Argument of type '{ userId: string; action: string; entityType: string; entityId?: string | null | undefined; entityTitle?: string | null | undefined; details?: string | null | undefined; }' is not assignable to parameter of type '{ id: string | SQL<unknown> | Placeholder<string, any>; userId: string | SQL<unknown> | Placeholder<string, any>; action: string | SQL<unknown> | Placeholder<string, any>; ... 4 more ...; details?: string | ... 3 more ... | undefined; }[]'.
      Type '{ userId: string; action: string; entityType: string; entityId?: string | null | undefined; entityTitle?: string | null | undefined; details?: string | null | undefined; }' is missing the following properties from type '{ id: string | SQL<unknown> | Placeholder<string, any>; userId: string | SQL<unknown> | Placeholder<string, any>; action: string | SQL<unknown> | Placeholder<string, any>; ... 4 more ...; details?: string | ... 3 more ... | undefined; }[]': length, pop, push, concat, and 35 more.
server/storage.ts(1720,94): error TS2769: No overload matches this call.
  Overload 1 of 3, '(left: SQLiteColumn<{ name: "read"; tableName: "notifications"; dataType: "number"; columnType: "SQLiteInteger"; data: number; driverParam: number; notNull: true; hasDefault: true; isPrimaryKey: false; isAutoincrement: false; ... 4 more ...; generated: undefined; }, {}, {}>, right: number | SQLWrapper): SQL<...>', gave the following error.
    Argument of type 'boolean' is not assignable to parameter of type 'number | SQLWrapper'.
  Overload 2 of 3, '(left: Aliased<boolean>, right: boolean | SQLWrapper): SQL<unknown>', gave the following error.
    Argument of type 'SQLiteColumn<{ name: "read"; tableName: "notifications"; dataType: "number"; columnType: "SQLiteInteger"; data: number; driverParam: number; notNull: true; hasDefault: true; isPrimaryKey: false; isAutoincrement: false; ... 4 more ...; generated: undefined; }, {}, {}>' is not assignable to parameter of type 'Aliased<boolean>'.
      Type 'SQLiteColumn<{ name: "read"; tableName: "notifications"; dataType: "number"; columnType: "SQLiteInteger"; data: number; driverParam: number; notNull: true; hasDefault: true; isPrimaryKey: false; isAutoincrement: false; ... 4 more ...; generated: undefined; }, {}, {}>' is missing the following properties from type 'Aliased<boolean>': sql, fieldAlias
  Overload 3 of 3, '(left: never, right: unknown): SQL<unknown>', gave the following error.
    Argument of type 'SQLiteColumn<{ name: "read"; tableName: "notifications"; dataType: "number"; columnType: "SQLiteInteger"; data: number; driverParam: number; notNull: true; hasDefault: true; isPrimaryKey: false; isAutoincrement: false; ... 4 more ...; generated: undefined; }, {}, {}>' is not assignable to parameter of type 'never'.
server/storage.ts(1724,58): error TS2769: No overload matches this call.
  Overload 1 of 2, '(value: { id: string | SQL<unknown> | Placeholder<string, any>; message: string | SQL<unknown> | Placeholder<string, any>; type: string | SQL<unknown> | Placeholder<string, any>; ... 6 more ...; read?: number | ... 2 more ... | undefined; }): SQLiteInsertBase<...>', gave the following error.
    Argument of type '{ message: string; type: string; userId: string; title: string; resourceType?: string | null | undefined; resourceId?: string | null | undefined; fromUserId?: string | null | undefined; read?: number | undefined; }' is not assignable to parameter of type '{ id: string | SQL<unknown> | Placeholder<string, any>; message: string | SQL<unknown> | Placeholder<string, any>; type: string | SQL<unknown> | Placeholder<string, any>; ... 6 more ...; read?: number | ... 2 more ... | undefined; }'.
      Property 'id' is missing in type '{ message: string; type: string; userId: string; title: string; resourceType?: string | null | undefined; resourceId?: string | null | undefined; fromUserId?: string | null | undefined; read?: number | undefined; }' but required in type '{ id: string | SQL<unknown> | Placeholder<string, any>; message: string | SQL<unknown> | Placeholder<string, any>; type: string | SQL<unknown> | Placeholder<string, any>; ... 6 more ...; read?: number | ... 2 more ... | undefined; }'.
  Overload 2 of 2, '(values: { id: string | SQL<unknown> | Placeholder<string, any>; message: string | SQL<unknown> | Placeholder<string, any>; type: string | SQL<unknown> | Placeholder<string, any>; ... 6 more ...; read?: number | ... 2 more ... | undefined; }[]): SQLiteInsertBase<...>', gave the following error.
    Argument of type '{ message: string; type: string; userId: string; title: string; resourceType?: string | null | undefined; resourceId?: string | null | undefined; fromUserId?: string | null | undefined; read?: number | undefined; }' is not assignable to parameter of type '{ id: string | SQL<unknown> | Placeholder<string, any>; message: string | SQL<unknown> | Placeholder<string, any>; type: string | SQL<unknown> | Placeholder<string, any>; ... 6 more ...; read?: number | ... 2 more ... | undefined; }[]'.
      Type '{ message: string; type: string; userId: string; title: string; resourceType?: string | null | undefined; resourceId?: string | null | undefined; fromUserId?: string | null | undefined; read?: number | undefined; }' is missing the following properties from type '{ id: string | SQL<unknown> | Placeholder<string, any>; message: string | SQL<unknown> | Placeholder<string, any>; type: string | SQL<unknown> | Placeholder<string, any>; ... 6 more ...; read?: number | ... 2 more ... | undefined; }[]': length, pop, push, concat, and 35 more.
server/storage.ts(1729,57): error TS2322: Type 'true' is not assignable to type 'number | SQL<unknown> | SQLiteColumn<ColumnBaseConfig<ColumnDataType, string>, {}, {}> | undefined'.
server/storage.ts(1734,42): error TS2322: Type 'true' is not assignable to type 'number | SQL<unknown> | SQLiteColumn<ColumnBaseConfig<ColumnDataType, string>, {}, {}> | undefined'.
server/storage.ts(1748,32): error TS2339: Property 'getSetting' does not exist on type 'DatabaseStorage'.
server/storage.ts(2011,23): error TS2322: Type 'Date' is not assignable to type 'string | SQL<unknown> | SQLiteColumn<ColumnBaseConfig<ColumnDataType, string>, {}, {}> | null | undefined'.
server/storage.ts(2024,59): error TS2769: No overload matches this call.
  Overload 1 of 3, '(left: SQLiteColumn<{ name: "attivo"; tableName: "turni_predefiniti"; dataType: "number"; columnType: "SQLiteInteger"; data: number; driverParam: number; notNull: false; hasDefault: true; isPrimaryKey: false; ... 5 more ...; generated: undefined; }, {}, {}>, right: number | SQLWrapper): SQL<...>', gave the following error.
    Argument of type 'boolean' is not assignable to parameter of type 'number | SQLWrapper'.
  Overload 2 of 3, '(left: Aliased<boolean>, right: boolean | SQLWrapper): SQL<unknown>', gave the following error.
    Argument of type 'SQLiteColumn<{ name: "attivo"; tableName: "turni_predefiniti"; dataType: "number"; columnType: "SQLiteInteger"; data: number; driverParam: number; notNull: false; hasDefault: true; isPrimaryKey: false; ... 5 more ...; generated: undefined; }, {}, {}>' is not assignable to parameter of type 'Aliased<boolean>'.
      Type 'SQLiteColumn<{ name: "attivo"; tableName: "turni_predefiniti"; dataType: "number"; columnType: "SQLiteInteger"; data: number; driverParam: number; notNull: false; hasDefault: true; isPrimaryKey: false; ... 5 more ...; generated: undefined; }, {}, {}>' is missing the following properties from type 'Aliased<boolean>': sql, fieldAlias
  Overload 3 of 3, '(left: never, right: unknown): SQL<unknown>', gave the following error.
    Argument of type 'SQLiteColumn<{ name: "attivo"; tableName: "turni_predefiniti"; dataType: "number"; columnType: "SQLiteInteger"; data: number; driverParam: number; notNull: false; hasDefault: true; isPrimaryKey: false; ... 5 more ...; generated: undefined; }, {}, {}>' is not assignable to parameter of type 'never'.
server/storage.ts(2064,57): error TS2769: No overload matches this call.
  Overload 1 of 2, '(value: { id: string | SQL<unknown> | Placeholder<string, any>; data: string | SQL<unknown> | Placeholder<string, any>; personaleId: string | SQL<unknown> | Placeholder<...>; ... 7 more ...; noteApprovazione?: string | ... 3 more ... | undefined; }): SQLiteInsertBase<...>', gave the following error.
    Argument of type '{ data: string; personaleId: string; ore: string; stato?: string | undefined; motivo?: string | null | undefined; }' is not assignable to parameter of type '{ id: string | SQL<unknown> | Placeholder<string, any>; data: string | SQL<unknown> | Placeholder<string, any>; personaleId: string | SQL<unknown> | Placeholder<string, any>; ... 7 more ...; noteApprovazione?: string | ... 3 more ... | undefined; }'.
      Property 'id' is missing in type '{ data: string; personaleId: string; ore: string; stato?: string | undefined; motivo?: string | null | undefined; }' but required in type '{ id: string | SQL<unknown> | Placeholder<string, any>; data: string | SQL<unknown> | Placeholder<string, any>; personaleId: string | SQL<unknown> | Placeholder<string, any>; ... 7 more ...; noteApprovazione?: string | ... 3 more ... | undefined; }'.
  Overload 2 of 2, '(values: { id: string | SQL<unknown> | Placeholder<string, any>; data: string | SQL<unknown> | Placeholder<string, any>; personaleId: string | SQL<unknown> | Placeholder<...>; ... 7 more ...; noteApprovazione?: string | ... 3 more ... | undefined; }[]): SQLiteInsertBase<...>', gave the following error.
    Argument of type '{ data: string; personaleId: string; ore: string; stato?: string | undefined; motivo?: string | null | undefined; }' is not assignable to parameter of type '{ id: string | SQL<unknown> | Placeholder<string, any>; data: string | SQL<unknown> | Placeholder<string, any>; personaleId: string | SQL<unknown> | Placeholder<string, any>; ... 7 more ...; noteApprovazione?: string | ... 3 more ... | undefined; }[]'.
      Type '{ data: string; personaleId: string; ore: string; stato?: string | undefined; motivo?: string | null | undefined; }' is missing the following properties from type '{ id: string | SQL<unknown> | Placeholder<string, any>; data: string | SQL<unknown> | Placeholder<string, any>; personaleId: string | SQL<unknown> | Placeholder<string, any>; ... 7 more ...; noteApprovazione?: string | ... 3 more ... | undefined; }[]': length, pop, push, concat, and 35 more.
server/storage.ts(2070,23): error TS2322: Type 'Date' is not assignable to type 'string | SQL<unknown> | SQLiteColumn<ColumnBaseConfig<ColumnDataType, string>, {}, {}> | null | undefined'.
server/storage.ts(2099,61): error TS2769: No overload matches this call.
  Overload 1 of 2, '(value: { id: string | SQL<unknown> | Placeholder<string, any>; personaleId: string | SQL<unknown> | Placeholder<string, any>; dataInizio: string | SQL<unknown> | Placeholder<...>; ... 11 more ...; noteApprovazione?: string | ... 3 more ... | undefined; }): SQLiteInsertBase<...>', gave the following error.
    Argument of type '{ personaleId: string; dataInizio: string; dataFine: string; stato?: string | undefined; tipo?: string | undefined; allegato?: string | null | undefined; giorniTotali?: string | undefined; oreTotali?: string | ... 1 more ... | undefined; motivo?: string | ... 1 more ... | undefined; }' is not assignable to parameter of type '{ id: string | SQL<unknown> | Placeholder<string, any>; personaleId: string | SQL<unknown> | Placeholder<string, any>; dataInizio: string | SQL<unknown> | Placeholder<...>; ... 11 more ...; noteApprovazione?: string | ... 3 more ... | undefined; }'.
      Property 'id' is missing in type '{ personaleId: string; dataInizio: string; dataFine: string; stato?: string | undefined; tipo?: string | undefined; allegato?: string | null | undefined; giorniTotali?: string | undefined; oreTotali?: string | ... 1 more ... | undefined; motivo?: string | ... 1 more ... | undefined; }' but required in type '{ id: string | SQL<unknown> | Placeholder<string, any>; personaleId: string | SQL<unknown> | Placeholder<string, any>; dataInizio: string | SQL<unknown> | Placeholder<...>; ... 11 more ...; noteApprovazione?: string | ... 3 more ... | undefined; }'.
  Overload 2 of 2, '(values: { id: string | SQL<unknown> | Placeholder<string, any>; personaleId: string | SQL<unknown> | Placeholder<string, any>; dataInizio: string | SQL<unknown> | Placeholder<...>; ... 11 more ...; noteApprovazione?: string | ... 3 more ... | undefined; }[]): SQLiteInsertBase<...>', gave the following error.
    Argument of type '{ personaleId: string; dataInizio: string; dataFine: string; stato?: string | undefined; tipo?: string | undefined; allegato?: string | null | undefined; giorniTotali?: string | undefined; oreTotali?: string | ... 1 more ... | undefined; motivo?: string | ... 1 more ... | undefined; }' is not assignable to parameter of type '{ id: string | SQL<unknown> | Placeholder<string, any>; personaleId: string | SQL<unknown> | Placeholder<string, any>; dataInizio: string | SQL<unknown> | Placeholder<...>; ... 11 more ...; noteApprovazione?: string | ... 3 more ... | undefined; }[]'.
      Type '{ personaleId: string; dataInizio: string; dataFine: string; stato?: string | undefined; tipo?: string | undefined; allegato?: string | null | undefined; giorniTotali?: string | undefined; oreTotali?: string | ... 1 more ... | undefined; motivo?: string | ... 1 more ... | undefined; }' is missing the following properties from type '{ id: string | SQL<unknown> | Placeholder<string, any>; personaleId: string | SQL<unknown> | Placeholder<string, any>; dataInizio: string | SQL<unknown> | Placeholder<...>; ... 11 more ...; noteApprovazione?: string | ... 3 more ... | undefined; }[]': length, pop, push, concat, and 35 more.
server/storage.ts(2105,23): error TS2322: Type 'Date' is not assignable to type 'string | SQL<unknown> | SQLiteColumn<ColumnBaseConfig<ColumnDataType, string>, {}, {}> | null | undefined'.
server/storage.ts(2129,63): error TS2769: No overload matches this call.
  Overload 1 of 2, '(value: { id: string | SQL<unknown> | Placeholder<string, any>; personaleId: string | SQL<unknown> | Placeholder<string, any>; anno: number | SQL<unknown> | Placeholder<...>; ... 7 more ...; malattiaGiorni?: string | ... 3 more ... | undefined; }): SQLiteInsertBase<...>', gave the following error.
    Argument of type '{ personaleId: string; anno: number; ferieTotali?: string | undefined; ferieGodute?: string | undefined; ferieResidueAnnoPrec?: string | null | undefined; permessiTotali?: string | undefined; permessiGoduti?: string | undefined; malattiaGiorni?: string | ... 1 more ... | undefined; }' is not assignable to parameter of type '{ id: string | SQL<unknown> | Placeholder<string, any>; personaleId: string | SQL<unknown> | Placeholder<string, any>; anno: number | SQL<unknown> | Placeholder<string, any>; ... 7 more ...; malattiaGiorni?: string | ... 3 more ... | undefined; }'.
      Property 'id' is missing in type '{ personaleId: string; anno: number; ferieTotali?: string | undefined; ferieGodute?: string | undefined; ferieResidueAnnoPrec?: string | null | undefined; permessiTotali?: string | undefined; permessiGoduti?: string | undefined; malattiaGiorni?: string | ... 1 more ... | undefined; }' but required in type '{ id: string | SQL<unknown> | Placeholder<string, any>; personaleId: string | SQL<unknown> | Placeholder<string, any>; anno: number | SQL<unknown> | Placeholder<string, any>; ... 7 more ...; malattiaGiorni?: string | ... 3 more ... | undefined; }'.
  Overload 2 of 2, '(values: { id: string | SQL<unknown> | Placeholder<string, any>; personaleId: string | SQL<unknown> | Placeholder<string, any>; anno: number | SQL<unknown> | Placeholder<...>; ... 7 more ...; malattiaGiorni?: string | ... 3 more ... | undefined; }[]): SQLiteInsertBase<...>', gave the following error.
    Argument of type '{ personaleId: string; anno: number; ferieTotali?: string | undefined; ferieGodute?: string | undefined; ferieResidueAnnoPrec?: string | null | undefined; permessiTotali?: string | undefined; permessiGoduti?: string | undefined; malattiaGiorni?: string | ... 1 more ... | undefined; }' is not assignable to parameter of type '{ id: string | SQL<unknown> | Placeholder<string, any>; personaleId: string | SQL<unknown> | Placeholder<string, any>; anno: number | SQL<unknown> | Placeholder<string, any>; ... 7 more ...; malattiaGiorni?: string | ... 3 more ... | undefined; }[]'.
      Type '{ personaleId: string; anno: number; ferieTotali?: string | undefined; ferieGodute?: string | undefined; ferieResidueAnnoPrec?: string | null | undefined; permessiTotali?: string | undefined; permessiGoduti?: string | undefined; malattiaGiorni?: string | ... 1 more ... | undefined; }' is missing the following properties from type '{ id: string | SQL<unknown> | Placeholder<string, any>; personaleId: string | SQL<unknown> | Placeholder<string, any>; anno: number | SQL<unknown> | Placeholder<string, any>; ... 7 more ...; malattiaGiorni?: string | ... 3 more ... | undefined; }[]': length, pop, push, concat, and 35 more.
server/storage.ts(2135,23): error TS2322: Type 'Date' is not assignable to type 'string | SQL<unknown> | SQLiteColumn<ColumnBaseConfig<ColumnDataType, string>, {}, {}> | null | undefined'.
server/storage.ts(2160,55): error TS2769: No overload matches this call.
  Overload 1 of 2, '(value: { id: string | SQL<unknown> | Placeholder<string, any>; dataScadenza: string | SQL<unknown> | Placeholder<string, any>; personaleId: string | SQL<unknown> | Placeholder<...>; ... 11 more ...; dataCompletamento?: string | ... 3 more ... | undefined; }): SQLiteInsertBase<...>', gave the following error.
    Argument of type '{ dataScadenza: string; personaleId: string; titolo: string; note?: string | null | undefined; descrizione?: string | null | undefined; tipo?: string | undefined; priorita?: string | null | undefined; allegato?: string | ... 1 more ... | undefined; dataAvviso?: string | ... 1 more ... | undefined; giorniAnticipo?: n...' is not assignable to parameter of type '{ id: string | SQL<unknown> | Placeholder<string, any>; dataScadenza: string | SQL<unknown> | Placeholder<string, any>; personaleId: string | SQL<unknown> | Placeholder<...>; ... 11 more ...; dataCompletamento?: string | ... 3 more ... | undefined; }'.
      Property 'id' is missing in type '{ dataScadenza: string; personaleId: string; titolo: string; note?: string | null | undefined; descrizione?: string | null | undefined; tipo?: string | undefined; priorita?: string | null | undefined; allegato?: string | ... 1 more ... | undefined; dataAvviso?: string | ... 1 more ... | undefined; giorniAnticipo?: n...' but required in type '{ id: string | SQL<unknown> | Placeholder<string, any>; dataScadenza: string | SQL<unknown> | Placeholder<string, any>; personaleId: string | SQL<unknown> | Placeholder<...>; ... 11 more ...; dataCompletamento?: string | ... 3 more ... | undefined; }'.
  Overload 2 of 2, '(values: { id: string | SQL<unknown> | Placeholder<string, any>; dataScadenza: string | SQL<unknown> | Placeholder<string, any>; personaleId: string | SQL<unknown> | Placeholder<...>; ... 11 more ...; dataCompletamento?: string | ... 3 more ... | undefined; }[]): SQLiteInsertBase<...>', gave the following error.
    Argument of type '{ dataScadenza: string; personaleId: string; titolo: string; note?: string | null | undefined; descrizione?: string | null | undefined; tipo?: string | undefined; priorita?: string | null | undefined; allegato?: string | ... 1 more ... | undefined; dataAvviso?: string | ... 1 more ... | undefined; giorniAnticipo?: n...' is not assignable to parameter of type '{ id: string | SQL<unknown> | Placeholder<string, any>; dataScadenza: string | SQL<unknown> | Placeholder<string, any>; personaleId: string | SQL<unknown> | Placeholder<...>; ... 11 more ...; dataCompletamento?: string | ... 3 more ... | undefined; }[]'.
      Type '{ dataScadenza: string; personaleId: string; titolo: string; note?: string | null | undefined; descrizione?: string | null | undefined; tipo?: string | undefined; priorita?: string | null | undefined; allegato?: string | ... 1 more ... | undefined; dataAvviso?: string | ... 1 more ... | undefined; giorniAnticipo?: n...' is missing the following properties from type '{ id: string | SQL<unknown> | Placeholder<string, any>; dataScadenza: string | SQL<unknown> | Placeholder<string, any>; personaleId: string | SQL<unknown> | Placeholder<...>; ... 11 more ...; dataCompletamento?: string | ... 3 more ... | undefined; }[]': length, pop, push, concat, and 35 more.
server/storage.ts(2166,23): error TS2322: Type 'Date' is not assignable to type 'string | SQL<unknown> | SQLiteColumn<ColumnBaseConfig<ColumnDataType, string>, {}, {}> | null | undefined'.
server/storage.ts(2178,9): error TS2393: Duplicate function implementation.
server/storage.ts(2199,23): error TS2322: Type 'Date' is not assignable to type 'string | SQL<unknown> | SQLiteColumn<ColumnBaseConfig<ColumnDataType, string>, {}, {}> | null | undefined'.
server/storage.ts(2210,9): error TS2393: Duplicate function implementation.
server/storage.ts(2258,9): error TS2393: Duplicate function implementation.
server/storage.ts(2262,16): error TS2322: Type 'false' is not assignable to type 'number | SQL<unknown> | SQLiteColumn<ColumnBaseConfig<ColumnDataType, string>, {}, {}> | null | undefined'.
server/storage.ts(2265,71): error TS2769: No overload matches this call.
  Overload 1 of 2, '(value: { id: string | SQL<unknown> | Placeholder<string, any>; indirizzo: string | SQL<unknown> | Placeholder<string, any>; clienteId: string | SQL<unknown> | Placeholder<...>; ... 22 more ...; googlePlaceId?: string | ... 3 more ... | undefined; }): SQLiteInsertBase<...>', gave the following error.
    Argument of type '{ indirizzo: string; clienteId: string; nome: string; email?: string | null | undefined; ragioneSociale?: string | null | undefined; citta?: string | null | undefined; cap?: string | null | undefined; ... 15 more ...; googlePlaceId?: string | ... 1 more ... | undefined; }' is not assignable to parameter of type '{ id: string | SQL<unknown> | Placeholder<string, any>; indirizzo: string | SQL<unknown> | Placeholder<string, any>; clienteId: string | SQL<unknown> | Placeholder<...>; ... 22 more ...; googlePlaceId?: string | ... 3 more ... | undefined; }'.
      Property 'id' is missing in type '{ indirizzo: string; clienteId: string; nome: string; email?: string | null | undefined; ragioneSociale?: string | null | undefined; citta?: string | null | undefined; cap?: string | null | undefined; ... 15 more ...; googlePlaceId?: string | ... 1 more ... | undefined; }' but required in type '{ id: string | SQL<unknown> | Placeholder<string, any>; indirizzo: string | SQL<unknown> | Placeholder<string, any>; clienteId: string | SQL<unknown> | Placeholder<...>; ... 22 more ...; googlePlaceId?: string | ... 3 more ... | undefined; }'.
  Overload 2 of 2, '(values: { id: string | SQL<unknown> | Placeholder<string, any>; indirizzo: string | SQL<unknown> | Placeholder<string, any>; clienteId: string | SQL<unknown> | Placeholder<...>; ... 22 more ...; googlePlaceId?: string | ... 3 more ... | undefined; }[]): SQLiteInsertBase<...>', gave the following error.
    Argument of type '{ indirizzo: string; clienteId: string; nome: string; email?: string | null | undefined; ragioneSociale?: string | null | undefined; citta?: string | null | undefined; cap?: string | null | undefined; ... 15 more ...; googlePlaceId?: string | ... 1 more ... | undefined; }' is not assignable to parameter of type '{ id: string | SQL<unknown> | Placeholder<string, any>; indirizzo: string | SQL<unknown> | Placeholder<string, any>; clienteId: string | SQL<unknown> | Placeholder<...>; ... 22 more ...; googlePlaceId?: string | ... 3 more ... | undefined; }[]'.
      Type '{ indirizzo: string; clienteId: string; nome: string; email?: string | null | undefined; ragioneSociale?: string | null | undefined; citta?: string | null | undefined; cap?: string | null | undefined; ... 15 more ...; googlePlaceId?: string | ... 1 more ... | undefined; }' is missing the following properties from type '{ id: string | SQL<unknown> | Placeholder<string, any>; indirizzo: string | SQL<unknown> | Placeholder<string, any>; clienteId: string | SQL<unknown> | Placeholder<...>; ... 22 more ...; googlePlaceId?: string | ... 3 more ... | undefined; }[]': length, pop, push, concat, and 35 more.
server/storage.ts(2269,9): error TS2393: Duplicate function implementation.
server/storage.ts(2275,18): error TS2322: Type 'false' is not assignable to type 'number | SQL<unknown> | SQLiteColumn<ColumnBaseConfig<ColumnDataType, string>, {}, {}> | null | undefined'.
server/storage.ts(2280,23): error TS2322: Type 'Date' is not assignable to type 'string | SQL<unknown> | SQLiteColumn<ColumnBaseConfig<ColumnDataType, string>, {}, {}> | null | undefined'.
server/storage.ts(2286,9): error TS2393: Duplicate function implementation.
server/storage.ts(2292,9): error TS2393: Duplicate function implementation.
server/storage.ts(2302,64): error TS2769: No overload matches this call.
  Overload 1 of 2, '(value: { id: string | SQL<unknown> | Placeholder<string, any>; ragioneSociale: string | SQL<unknown> | Placeholder<string, any>; email?: string | SQL<unknown> | Placeholder<...> | null | undefined; ... 24 more ...; iban?: string | ... 3 more ... | undefined; }): SQLiteInsertBase<...>', gave the following error.
    Argument of type '{ ragioneSociale: string; email?: string | null | undefined; partitaIva?: string | null | undefined; codiceFiscale?: string | null | undefined; indirizzo?: string | null | undefined; ... 19 more ...; iban?: string | ... 1 more ... | undefined; }' is not assignable to parameter of type '{ id: string | SQL<unknown> | Placeholder<string, any>; ragioneSociale: string | SQL<unknown> | Placeholder<string, any>; email?: string | SQL<unknown> | Placeholder<...> | null | undefined; ... 24 more ...; iban?: string | ... 3 more ... | undefined; }'.
      Property 'id' is missing in type '{ ragioneSociale: string; email?: string | null | undefined; partitaIva?: string | null | undefined; codiceFiscale?: string | null | undefined; indirizzo?: string | null | undefined; ... 19 more ...; iban?: string | ... 1 more ... | undefined; }' but required in type '{ id: string | SQL<unknown> | Placeholder<string, any>; ragioneSociale: string | SQL<unknown> | Placeholder<string, any>; email?: string | SQL<unknown> | Placeholder<...> | null | undefined; ... 24 more ...; iban?: string | ... 3 more ... | undefined; }'.
  Overload 2 of 2, '(values: { id: string | SQL<unknown> | Placeholder<string, any>; ragioneSociale: string | SQL<unknown> | Placeholder<string, any>; email?: string | SQL<unknown> | Placeholder<...> | null | undefined; ... 24 more ...; iban?: string | ... 3 more ... | undefined; }[]): SQLiteInsertBase<...>', gave the following error.
    Argument of type '{ ragioneSociale: string; email?: string | null | undefined; partitaIva?: string | null | undefined; codiceFiscale?: string | null | undefined; indirizzo?: string | null | undefined; ... 19 more ...; iban?: string | ... 1 more ... | undefined; }' is not assignable to parameter of type '{ id: string | SQL<unknown> | Placeholder<string, any>; ragioneSociale: string | SQL<unknown> | Placeholder<string, any>; email?: string | SQL<unknown> | Placeholder<...> | null | undefined; ... 24 more ...; iban?: string | ... 3 more ... | undefined; }[]'.
      Type '{ ragioneSociale: string; email?: string | null | undefined; partitaIva?: string | null | undefined; codiceFiscale?: string | null | undefined; indirizzo?: string | null | undefined; ... 19 more ...; iban?: string | ... 1 more ... | undefined; }' is missing the following properties from type '{ id: string | SQL<unknown> | Placeholder<string, any>; ragioneSociale: string | SQL<unknown> | Placeholder<string, any>; email?: string | SQL<unknown> | Placeholder<...> | null | undefined; ... 24 more ...; iban?: string | ... 3 more ... | undefined; }[]': length, pop, push, concat, and 35 more.
server/storage.ts(2308,23): error TS2322: Type 'Date' is not assignable to type 'string | SQL<unknown> | SQLiteColumn<ColumnBaseConfig<ColumnDataType, string>, {}, {}> | null | undefined'.
server/storage.ts(2400,23): error TS2322: Type 'Date' is not assignable to type 'string | SQL<unknown> | SQLiteColumn<ColumnBaseConfig<ColumnDataType, string>, {}, {}> | null | undefined'.
server/storage.ts(2426,60): error TS2769: No overload matches this call.
  Overload 1 of 2, '(value: { id: string | SQL<unknown> | Placeholder<string, any>; nome: string | SQL<unknown> | Placeholder<string, any>; createdAt?: string | SQL<unknown> | Placeholder<...> | null | undefined; ... 12 more ...; predefinito?: number | ... 2 more ... | undefined; }): SQLiteInsertBase<...>', gave the following error.
    Argument of type '{ nome: string; note?: string | null | undefined; attivo?: number | undefined; valuta?: string | null | undefined; tipo?: string | undefined; iban?: string | null | undefined; bic?: string | null | undefined; ... 5 more ...; predefinito?: number | undefined; }' is not assignable to parameter of type '{ id: string | SQL<unknown> | Placeholder<string, any>; nome: string | SQL<unknown> | Placeholder<string, any>; createdAt?: string | SQL<unknown> | Placeholder<string, any> | null | undefined; ... 12 more ...; predefinito?: number | ... 2 more ... | undefined; }'.
      Property 'id' is missing in type '{ nome: string; note?: string | null | undefined; attivo?: number | undefined; valuta?: string | null | undefined; tipo?: string | undefined; iban?: string | null | undefined; bic?: string | null | undefined; ... 5 more ...; predefinito?: number | undefined; }' but required in type '{ id: string | SQL<unknown> | Placeholder<string, any>; nome: string | SQL<unknown> | Placeholder<string, any>; createdAt?: string | SQL<unknown> | Placeholder<string, any> | null | undefined; ... 12 more ...; predefinito?: number | ... 2 more ... | undefined; }'.
  Overload 2 of 2, '(values: { id: string | SQL<unknown> | Placeholder<string, any>; nome: string | SQL<unknown> | Placeholder<string, any>; createdAt?: string | SQL<unknown> | Placeholder<...> | null | undefined; ... 12 more ...; predefinito?: number | ... 2 more ... | undefined; }[]): SQLiteInsertBase<...>', gave the following error.
    Argument of type '{ nome: string; note?: string | null | undefined; attivo?: number | undefined; valuta?: string | null | undefined; tipo?: string | undefined; iban?: string | null | undefined; bic?: string | null | undefined; ... 5 more ...; predefinito?: number | undefined; }' is not assignable to parameter of type '{ id: string | SQL<unknown> | Placeholder<string, any>; nome: string | SQL<unknown> | Placeholder<string, any>; createdAt?: string | SQL<unknown> | Placeholder<string, any> | null | undefined; ... 12 more ...; predefinito?: number | ... 2 more ... | undefined; }[]'.
      Type '{ nome: string; note?: string | null | undefined; attivo?: number | undefined; valuta?: string | null | undefined; tipo?: string | undefined; iban?: string | null | undefined; bic?: string | null | undefined; ... 5 more ...; predefinito?: number | undefined; }' is missing the following properties from type '{ id: string | SQL<unknown> | Placeholder<string, any>; nome: string | SQL<unknown> | Placeholder<string, any>; createdAt?: string | SQL<unknown> | Placeholder<string, any> | null | undefined; ... 12 more ...; predefinito?: number | ... 2 more ... | undefined; }[]': length, pop, push, concat, and 35 more.
server/storage.ts(2432,23): error TS2322: Type 'Date' is not assignable to type 'string | SQL<unknown> | SQLiteColumn<ColumnBaseConfig<ColumnDataType, string>, {}, {}> | null | undefined'.
server/storage.ts(2454,62): error TS2769: No overload matches this call.
  Overload 1 of 2, '(value: { id: string | SQL<unknown> | Placeholder<string, any>; nome: string | SQL<unknown> | Placeholder<string, any>; tipo: string | SQL<unknown> | Placeholder<string, any>; ... 5 more ...; ordine?: number | ... 3 more ... | undefined; }): SQLiteInsertBase<...>', gave the following error.
    Argument of type '{ nome: string; tipo: string; attivo?: number | undefined; colore?: string | null | undefined; icona?: string | null | undefined; parentId?: string | null | undefined; ordine?: number | null | undefined; }' is not assignable to parameter of type '{ id: string | SQL<unknown> | Placeholder<string, any>; nome: string | SQL<unknown> | Placeholder<string, any>; tipo: string | SQL<unknown> | Placeholder<string, any>; ... 5 more ...; ordine?: number | ... 3 more ... | undefined; }'.
      Property 'id' is missing in type '{ nome: string; tipo: string; attivo?: number | undefined; colore?: string | null | undefined; icona?: string | null | undefined; parentId?: string | null | undefined; ordine?: number | null | undefined; }' but required in type '{ id: string | SQL<unknown> | Placeholder<string, any>; nome: string | SQL<unknown> | Placeholder<string, any>; tipo: string | SQL<unknown> | Placeholder<string, any>; ... 5 more ...; ordine?: number | ... 3 more ... | undefined; }'.
  Overload 2 of 2, '(values: { id: string | SQL<unknown> | Placeholder<string, any>; nome: string | SQL<unknown> | Placeholder<string, any>; tipo: string | SQL<unknown> | Placeholder<string, any>; ... 5 more ...; ordine?: number | ... 3 more ... | undefined; }[]): SQLiteInsertBase<...>', gave the following error.
    Argument of type '{ nome: string; tipo: string; attivo?: number | undefined; colore?: string | null | undefined; icona?: string | null | undefined; parentId?: string | null | undefined; ordine?: number | null | undefined; }' is not assignable to parameter of type '{ id: string | SQL<unknown> | Placeholder<string, any>; nome: string | SQL<unknown> | Placeholder<string, any>; tipo: string | SQL<unknown> | Placeholder<string, any>; ... 5 more ...; ordine?: number | ... 3 more ... | undefined; }[]'.
      Type '{ nome: string; tipo: string; attivo?: number | undefined; colore?: string | null | undefined; icona?: string | null | undefined; parentId?: string | null | undefined; ordine?: number | null | undefined; }' is missing the following properties from type '{ id: string | SQL<unknown> | Placeholder<string, any>; nome: string | SQL<unknown> | Placeholder<string, any>; tipo: string | SQL<unknown> | Placeholder<string, any>; ... 5 more ...; ordine?: number | ... 3 more ... | undefined; }[]': length, pop, push, concat, and 35 more.
server/storage.ts(2472,9): error TS2393: Duplicate function implementation.
server/storage.ts(2485,9): error TS2393: Duplicate function implementation.
server/storage.ts(2495,9): error TS2393: Duplicate function implementation.
server/storage.ts(2497,23): error TS2322: Type 'Date' is not assignable to type 'string | SQL<unknown> | SQLiteColumn<ColumnBaseConfig<ColumnDataType, string>, {}, {}> | null | undefined'.
server/storage.ts(2532,9): error TS2393: Duplicate function implementation.
server/storage.ts(2541,9): error TS2393: Duplicate function implementation.
server/storage.ts(2551,9): error TS2393: Duplicate function implementation.
server/storage.ts(2553,23): error TS2322: Type 'Date' is not assignable to type 'string | SQL<unknown> | SQLiteColumn<ColumnBaseConfig<ColumnDataType, string>, {}, {}> | null | undefined'.
server/storage.ts(2609,23): error TS2322: Type 'Date' is not assignable to type 'string | SQL<unknown> | SQLiteColumn<ColumnBaseConfig<ColumnDataType, string>, {}, {}> | null | undefined'.
server/storage.ts(2662,64): error TS2769: No overload matches this call.
  Overload 1 of 2, '(value: { id: string | SQL<unknown> | Placeholder<string, any>; data: string | SQL<unknown> | Placeholder<string, any>; descrizione: string | SQL<unknown> | Placeholder<...>; ... 15 more ...; allegato?: string | ... 3 more ... | undefined; }): SQLiteInsertBase<...>', gave the following error.
    Argument of type '{ data: string; descrizione: string; tipo: string; importo: string; projectId?: string | null | undefined; note?: string | null | undefined; clienteId?: string | null | undefined; fornitoreId?: string | ... 1 more ... | undefined; ... 6 more ...; allegato?: string | ... 1 more ... | undefined; }' is not assignable to parameter of type '{ id: string | SQL<unknown> | Placeholder<string, any>; data: string | SQL<unknown> | Placeholder<string, any>; descrizione: string | SQL<unknown> | Placeholder<string, any>; ... 15 more ...; allegato?: string | ... 3 more ... | undefined; }'.
      Property 'id' is missing in type '{ data: string; descrizione: string; tipo: string; importo: string; projectId?: string | null | undefined; note?: string | null | undefined; clienteId?: string | null | undefined; fornitoreId?: string | ... 1 more ... | undefined; ... 6 more ...; allegato?: string | ... 1 more ... | undefined; }' but required in type '{ id: string | SQL<unknown> | Placeholder<string, any>; data: string | SQL<unknown> | Placeholder<string, any>; descrizione: string | SQL<unknown> | Placeholder<string, any>; ... 15 more ...; allegato?: string | ... 3 more ... | undefined; }'.
  Overload 2 of 2, '(values: { id: string | SQL<unknown> | Placeholder<string, any>; data: string | SQL<unknown> | Placeholder<string, any>; descrizione: string | SQL<unknown> | Placeholder<...>; ... 15 more ...; allegato?: string | ... 3 more ... | undefined; }[]): SQLiteInsertBase<...>', gave the following error.
    Argument of type '{ data: string; descrizione: string; tipo: string; importo: string; projectId?: string | null | undefined; note?: string | null | undefined; clienteId?: string | null | undefined; fornitoreId?: string | ... 1 more ... | undefined; ... 6 more ...; allegato?: string | ... 1 more ... | undefined; }' is not assignable to parameter of type '{ id: string | SQL<unknown> | Placeholder<string, any>; data: string | SQL<unknown> | Placeholder<string, any>; descrizione: string | SQL<unknown> | Placeholder<string, any>; ... 15 more ...; allegato?: string | ... 3 more ... | undefined; }[]'.
      Type '{ data: string; descrizione: string; tipo: string; importo: string; projectId?: string | null | undefined; note?: string | null | undefined; clienteId?: string | null | undefined; fornitoreId?: string | ... 1 more ... | undefined; ... 6 more ...; allegato?: string | ... 1 more ... | undefined; }' is missing the following properties from type '{ id: string | SQL<unknown> | Placeholder<string, any>; data: string | SQL<unknown> | Placeholder<string, any>; descrizione: string | SQL<unknown> | Placeholder<string, any>; ... 15 more ...; allegato?: string | ... 3 more ... | undefined; }[]': length, pop, push, concat, and 35 more.
server/storage.ts(2668,23): error TS2322: Type 'Date' is not assignable to type 'string | SQL<unknown> | SQLiteColumn<ColumnBaseConfig<ColumnDataType, string>, {}, {}> | null | undefined'.
server/storage.ts(2677,14): error TS2322: Type 'Date' is not assignable to type 'string | SQL<unknown> | SQLiteColumn<ColumnBaseConfig<ColumnDataType, string>, {}, {}> | null | undefined'.
server/storage.ts(2714,52): error TS2769: No overload matches this call.
  Overload 1 of 2, '(value: { id: string | SQL<unknown> | Placeholder<string, any>; nome: string | SQL<unknown> | Placeholder<string, any>; dataInizio: string | SQL<unknown> | Placeholder<...>; ... 11 more ...; alertSoglia?: number | ... 3 more ... | undefined; }): SQLiteInsertBase<...>', gave the following error.
    Argument of type '{ nome: string; dataInizio: string; dataFine: string; importoPrevisto: string; projectId?: string | null | undefined; note?: string | null | undefined; attivo?: number | undefined; tipo?: string | undefined; createdBy?: string | ... 1 more ... | undefined; categoriaId?: string | ... 1 more ... | undefined; importoSp...' is not assignable to parameter of type '{ id: string | SQL<unknown> | Placeholder<string, any>; nome: string | SQL<unknown> | Placeholder<string, any>; dataInizio: string | SQL<unknown> | Placeholder<string, any>; ... 11 more ...; alertSoglia?: number | ... 3 more ... | undefined; }'.
      Property 'id' is missing in type '{ nome: string; dataInizio: string; dataFine: string; importoPrevisto: string; projectId?: string | null | undefined; note?: string | null | undefined; attivo?: number | undefined; tipo?: string | undefined; createdBy?: string | ... 1 more ... | undefined; categoriaId?: string | ... 1 more ... | undefined; importoSp...' but required in type '{ id: string | SQL<unknown> | Placeholder<string, any>; nome: string | SQL<unknown> | Placeholder<string, any>; dataInizio: string | SQL<unknown> | Placeholder<string, any>; ... 11 more ...; alertSoglia?: number | ... 3 more ... | undefined; }'.
  Overload 2 of 2, '(values: { id: string | SQL<unknown> | Placeholder<string, any>; nome: string | SQL<unknown> | Placeholder<string, any>; dataInizio: string | SQL<unknown> | Placeholder<...>; ... 11 more ...; alertSoglia?: number | ... 3 more ... | undefined; }[]): SQLiteInsertBase<...>', gave the following error.
    Argument of type '{ nome: string; dataInizio: string; dataFine: string; importoPrevisto: string; projectId?: string | null | undefined; note?: string | null | undefined; attivo?: number | undefined; tipo?: string | undefined; createdBy?: string | ... 1 more ... | undefined; categoriaId?: string | ... 1 more ... | undefined; importoSp...' is not assignable to parameter of type '{ id: string | SQL<unknown> | Placeholder<string, any>; nome: string | SQL<unknown> | Placeholder<string, any>; dataInizio: string | SQL<unknown> | Placeholder<string, any>; ... 11 more ...; alertSoglia?: number | ... 3 more ... | undefined; }[]'.
      Type '{ nome: string; dataInizio: string; dataFine: string; importoPrevisto: string; projectId?: string | null | undefined; note?: string | null | undefined; attivo?: number | undefined; tipo?: string | undefined; createdBy?: string | ... 1 more ... | undefined; categoriaId?: string | ... 1 more ... | undefined; importoSp...' is missing the following properties from type '{ id: string | SQL<unknown> | Placeholder<string, any>; nome: string | SQL<unknown> | Placeholder<string, any>; dataInizio: string | SQL<unknown> | Placeholder<string, any>; ... 11 more ...; alertSoglia?: number | ... 3 more ... | undefined; }[]': length, pop, push, concat, and 35 more.
server/storage.ts(2720,23): error TS2322: Type 'Date' is not assignable to type 'string | SQL<unknown> | SQLiteColumn<ColumnBaseConfig<ColumnDataType, string>, {}, {}> | null | undefined'.
server/storage.ts(2742,61): error TS2769: No overload matches this call.
  Overload 1 of 2, '(value: { id: string | SQL<unknown> | Placeholder<string, any>; tipo: string | SQL<unknown> | Placeholder<string, any>; dataScadenza: string | SQL<unknown> | Placeholder<...>; ... 10 more ...; frequenzaRicorrenza?: string | ... 3 more ... | undefined; }): SQLiteInsertBase<...>', gave the following error.
    Argument of type '{ tipo: string; dataScadenza: string; importo: string; titolo: string; note?: string | null | undefined; stato?: string | undefined; clienteId?: string | null | undefined; fornitoreId?: string | null | undefined; createdBy?: string | ... 1 more ... | undefined; invoiceId?: string | ... 1 more ... | undefined; ricorr...' is not assignable to parameter of type '{ id: string | SQL<unknown> | Placeholder<string, any>; tipo: string | SQL<unknown> | Placeholder<string, any>; dataScadenza: string | SQL<unknown> | Placeholder<...>; ... 10 more ...; frequenzaRicorrenza?: string | ... 3 more ... | undefined; }'.
      Property 'id' is missing in type '{ tipo: string; dataScadenza: string; importo: string; titolo: string; note?: string | null | undefined; stato?: string | undefined; clienteId?: string | null | undefined; fornitoreId?: string | null | undefined; createdBy?: string | ... 1 more ... | undefined; invoiceId?: string | ... 1 more ... | undefined; ricorr...' but required in type '{ id: string | SQL<unknown> | Placeholder<string, any>; tipo: string | SQL<unknown> | Placeholder<string, any>; dataScadenza: string | SQL<unknown> | Placeholder<...>; ... 10 more ...; frequenzaRicorrenza?: string | ... 3 more ... | undefined; }'.
  Overload 2 of 2, '(values: { id: string | SQL<unknown> | Placeholder<string, any>; tipo: string | SQL<unknown> | Placeholder<string, any>; dataScadenza: string | SQL<unknown> | Placeholder<...>; ... 10 more ...; frequenzaRicorrenza?: string | ... 3 more ... | undefined; }[]): SQLiteInsertBase<...>', gave the following error.
    Argument of type '{ tipo: string; dataScadenza: string; importo: string; titolo: string; note?: string | null | undefined; stato?: string | undefined; clienteId?: string | null | undefined; fornitoreId?: string | null | undefined; createdBy?: string | ... 1 more ... | undefined; invoiceId?: string | ... 1 more ... | undefined; ricorr...' is not assignable to parameter of type '{ id: string | SQL<unknown> | Placeholder<string, any>; tipo: string | SQL<unknown> | Placeholder<string, any>; dataScadenza: string | SQL<unknown> | Placeholder<...>; ... 10 more ...; frequenzaRicorrenza?: string | ... 3 more ... | undefined; }[]'.
      Type '{ tipo: string; dataScadenza: string; importo: string; titolo: string; note?: string | null | undefined; stato?: string | undefined; clienteId?: string | null | undefined; fornitoreId?: string | null | undefined; createdBy?: string | ... 1 more ... | undefined; invoiceId?: string | ... 1 more ... | undefined; ricorr...' is missing the following properties from type '{ id: string | SQL<unknown> | Placeholder<string, any>; tipo: string | SQL<unknown> | Placeholder<string, any>; dataScadenza: string | SQL<unknown> | Placeholder<...>; ... 10 more ...; frequenzaRicorrenza?: string | ... 3 more ... | undefined; }[]': length, pop, push, concat, and 35 more.
server/storage.ts(2775,64): error TS2769: No overload matches this call.
  Overload 1 of 2, '(value: { id: string | SQL<unknown> | Placeholder<string, any>; nome: string | SQL<unknown> | Placeholder<string, any>; tipo: string | SQL<unknown> | Placeholder<string, any>; ... 12 more ...; configurazione?: string | ... 3 more ... | undefined; }): SQLiteInsertBase<...>', gave the following error.
    Argument of type '{ nome: string; tipo: string; partitaIva?: string | null | undefined; attivo?: number | undefined; configurato?: number | undefined; ambiente?: string | null | undefined; clientId?: string | null | undefined; ... 5 more ...; configurazione?: string | ... 1 more ... | undefined; }' is not assignable to parameter of type '{ id: string | SQL<unknown> | Placeholder<string, any>; nome: string | SQL<unknown> | Placeholder<string, any>; tipo: string | SQL<unknown> | Placeholder<string, any>; ... 12 more ...; configurazione?: string | ... 3 more ... | undefined; }'.
      Property 'id' is missing in type '{ nome: string; tipo: string; partitaIva?: string | null | undefined; attivo?: number | undefined; configurato?: number | undefined; ambiente?: string | null | undefined; clientId?: string | null | undefined; ... 5 more ...; configurazione?: string | ... 1 more ... | undefined; }' but required in type '{ id: string | SQL<unknown> | Placeholder<string, any>; nome: string | SQL<unknown> | Placeholder<string, any>; tipo: string | SQL<unknown> | Placeholder<string, any>; ... 12 more ...; configurazione?: string | ... 3 more ... | undefined; }'.
  Overload 2 of 2, '(values: { id: string | SQL<unknown> | Placeholder<string, any>; nome: string | SQL<unknown> | Placeholder<string, any>; tipo: string | SQL<unknown> | Placeholder<string, any>; ... 12 more ...; configurazione?: string | ... 3 more ... | undefined; }[]): SQLiteInsertBase<...>', gave the following error.
    Argument of type '{ nome: string; tipo: string; partitaIva?: string | null | undefined; attivo?: number | undefined; configurato?: number | undefined; ambiente?: string | null | undefined; clientId?: string | null | undefined; ... 5 more ...; configurazione?: string | ... 1 more ... | undefined; }' is not assignable to parameter of type '{ id: string | SQL<unknown> | Placeholder<string, any>; nome: string | SQL<unknown> | Placeholder<string, any>; tipo: string | SQL<unknown> | Placeholder<string, any>; ... 12 more ...; configurazione?: string | ... 3 more ... | undefined; }[]'.
      Type '{ nome: string; tipo: string; partitaIva?: string | null | undefined; attivo?: number | undefined; configurato?: number | undefined; ambiente?: string | null | undefined; clientId?: string | null | undefined; ... 5 more ...; configurazione?: string | ... 1 more ... | undefined; }' is missing the following properties from type '{ id: string | SQL<unknown> | Placeholder<string, any>; nome: string | SQL<unknown> | Placeholder<string, any>; tipo: string | SQL<unknown> | Placeholder<string, any>; ... 12 more ...; configurazione?: string | ... 3 more ... | undefined; }[]': length, pop, push, concat, and 35 more.
server/storage.ts(2781,23): error TS2322: Type 'Date' is not assignable to type 'string | SQL<unknown> | SQLiteColumn<ColumnBaseConfig<ColumnDataType, string>, {}, {}> | null | undefined'.
server/storage.ts(2794,62): error TS2769: No overload matches this call.
  Overload 1 of 2, '(value: { id: string | SQL<unknown> | Placeholder<string, any>; tipo: string | SQL<unknown> | Placeholder<string, any>; resourceId: string | SQL<unknown> | Placeholder<...>; ... 10 more ...; lastViewedIp?: string | ... 3 more ... | undefined; }): SQLiteInsertBase<...>', gave the following error.
    Argument of type '{ tipo: string; resourceId: string; token: string; password?: string | null | undefined; isActive?: number | undefined; note?: string | null | undefined; createdBy?: string | null | undefined; expiresAt?: string | ... 1 more ... | undefined; maxViews?: number | ... 1 more ... | undefined; lastViewedAt?: string | ......' is not assignable to parameter of type '{ id: string | SQL<unknown> | Placeholder<string, any>; tipo: string | SQL<unknown> | Placeholder<string, any>; resourceId: string | SQL<unknown> | Placeholder<string, any>; ... 10 more ...; lastViewedIp?: string | ... 3 more ... | undefined; }'.
      Property 'id' is missing in type '{ tipo: string; resourceId: string; token: string; password?: string | null | undefined; isActive?: number | undefined; note?: string | null | undefined; createdBy?: string | null | undefined; expiresAt?: string | ... 1 more ... | undefined; maxViews?: number | ... 1 more ... | undefined; lastViewedAt?: string | ......' but required in type '{ id: string | SQL<unknown> | Placeholder<string, any>; tipo: string | SQL<unknown> | Placeholder<string, any>; resourceId: string | SQL<unknown> | Placeholder<string, any>; ... 10 more ...; lastViewedIp?: string | ... 3 more ... | undefined; }'.
  Overload 2 of 2, '(values: { id: string | SQL<unknown> | Placeholder<string, any>; tipo: string | SQL<unknown> | Placeholder<string, any>; resourceId: string | SQL<unknown> | Placeholder<...>; ... 10 more ...; lastViewedIp?: string | ... 3 more ... | undefined; }[]): SQLiteInsertBase<...>', gave the following error.
    Argument of type '{ tipo: string; resourceId: string; token: string; password?: string | null | undefined; isActive?: number | undefined; note?: string | null | undefined; createdBy?: string | null | undefined; expiresAt?: string | ... 1 more ... | undefined; maxViews?: number | ... 1 more ... | undefined; lastViewedAt?: string | ......' is not assignable to parameter of type '{ id: string | SQL<unknown> | Placeholder<string, any>; tipo: string | SQL<unknown> | Placeholder<string, any>; resourceId: string | SQL<unknown> | Placeholder<string, any>; ... 10 more ...; lastViewedIp?: string | ... 3 more ... | undefined; }[]'.
      Type '{ tipo: string; resourceId: string; token: string; password?: string | null | undefined; isActive?: number | undefined; note?: string | null | undefined; createdBy?: string | null | undefined; expiresAt?: string | ... 1 more ... | undefined; maxViews?: number | ... 1 more ... | undefined; lastViewedAt?: string | ......' is missing the following properties from type '{ id: string | SQL<unknown> | Placeholder<string, any>; tipo: string | SQL<unknown> | Placeholder<string, any>; resourceId: string | SQL<unknown> | Placeholder<string, any>; ... 10 more ...; lastViewedIp?: string | ... 3 more ... | undefined; }[]': length, pop, push, concat, and 35 more.
server/storage.ts(2824,11): error TS2322: Type 'Date' is not assignable to type 'string | SQL<unknown> | SQLiteColumn<ColumnBaseConfig<ColumnDataType, string>, {}, {}> | null | undefined'.
server/storage.ts(2838,14): error TS2322: Type 'boolean' is not assignable to type 'number | SQL<unknown> | SQLiteColumn<ColumnBaseConfig<ColumnDataType, string>, {}, {}> | undefined'.
server/storage.ts(2851,61): error TS2769: No overload matches this call.
  Overload 1 of 2, '(value: { id: string | SQL<unknown> | Placeholder<string, any>; subject: string | SQL<unknown> | Placeholder<string, any>; body: string | SQL<unknown> | Placeholder<string, any>; ... 12 more ...; lastOpenUserAgent?: string | ... 3 more ... | undefined; }): SQLiteInsertBase<...>', gave the following error.
    Argument of type '{ subject: string; body: string; invoiceId: string; trackingToken: string; recipientEmail: string; sentAt?: string | null | undefined; recipientName?: string | null | undefined; sentBy?: string | null | undefined; ... 4 more ...; lastOpenUserAgent?: string | ... 1 more ... | undefined; }' is not assignable to parameter of type '{ id: string | SQL<unknown> | Placeholder<string, any>; subject: string | SQL<unknown> | Placeholder<string, any>; body: string | SQL<unknown> | Placeholder<string, any>; ... 12 more ...; lastOpenUserAgent?: string | ... 3 more ... | undefined; }'.
      Property 'id' is missing in type '{ subject: string; body: string; invoiceId: string; trackingToken: string; recipientEmail: string; sentAt?: string | null | undefined; recipientName?: string | null | undefined; sentBy?: string | null | undefined; ... 4 more ...; lastOpenUserAgent?: string | ... 1 more ... | undefined; }' but required in type '{ id: string | SQL<unknown> | Placeholder<string, any>; subject: string | SQL<unknown> | Placeholder<string, any>; body: string | SQL<unknown> | Placeholder<string, any>; ... 12 more ...; lastOpenUserAgent?: string | ... 3 more ... | undefined; }'.
  Overload 2 of 2, '(values: { id: string | SQL<unknown> | Placeholder<string, any>; subject: string | SQL<unknown> | Placeholder<string, any>; body: string | SQL<unknown> | Placeholder<string, any>; ... 12 more ...; lastOpenUserAgent?: string | ... 3 more ... | undefined; }[]): SQLiteInsertBase<...>', gave the following error.
    Argument of type '{ subject: string; body: string; invoiceId: string; trackingToken: string; recipientEmail: string; sentAt?: string | null | undefined; recipientName?: string | null | undefined; sentBy?: string | null | undefined; ... 4 more ...; lastOpenUserAgent?: string | ... 1 more ... | undefined; }' is not assignable to parameter of type '{ id: string | SQL<unknown> | Placeholder<string, any>; subject: string | SQL<unknown> | Placeholder<string, any>; body: string | SQL<unknown> | Placeholder<string, any>; ... 12 more ...; lastOpenUserAgent?: string | ... 3 more ... | undefined; }[]'.
      Type '{ subject: string; body: string; invoiceId: string; trackingToken: string; recipientEmail: string; sentAt?: string | null | undefined; recipientName?: string | null | undefined; sentBy?: string | null | undefined; ... 4 more ...; lastOpenUserAgent?: string | ... 1 more ... | undefined; }' is missing the following properties from type '{ id: string | SQL<unknown> | Placeholder<string, any>; subject: string | SQL<unknown> | Placeholder<string, any>; body: string | SQL<unknown> | Placeholder<string, any>; ... 12 more ...; lastOpenUserAgent?: string | ... 3 more ... | undefined; }[]': length, pop, push, concat, and 35 more.
server/storage.ts(2872,9): error TS2322: Type 'Date | undefined' is not assignable to type 'string | SQL<unknown> | SQLiteColumn<ColumnBaseConfig<ColumnDataType, string>, {}, {}> | null | undefined'.
  Type 'Date' is not assignable to type 'string | SQL<unknown> | SQLiteColumn<ColumnBaseConfig<ColumnDataType, string>, {}, {}> | null | undefined'.
server/storage.ts(2973,70): error TS2322: Type 'Date' is not assignable to type 'string | SQL<unknown> | SQLiteColumn<ColumnBaseConfig<ColumnDataType, string>, {}, {}> | null | undefined'.
server/storage.ts(3018,60): error TS2769: No overload matches this call.
  Overload 1 of 2, '(value: { id: string | SQL<unknown> | Placeholder<string, any>; nome: string | SQL<unknown> | Placeholder<string, any>; prodottoFinito: string | SQL<unknown> | Placeholder<...>; ... 8 more ...; attiva?: number | ... 2 more ... | undefined; }): SQLiteInsertBase<...>', gave the following error.
    Argument of type '{ nome: string; prodottoFinito: string; note?: string | null | undefined; descrizione?: string | null | undefined; createdBy?: string | null | undefined; costo?: string | null | undefined; versione?: string | ... 1 more ... | undefined; tempoLavorazione?: number | ... 1 more ... | undefined; attiva?: number | undefi...' is not assignable to parameter of type '{ id: string | SQL<unknown> | Placeholder<string, any>; nome: string | SQL<unknown> | Placeholder<string, any>; prodottoFinito: string | SQL<unknown> | Placeholder<...>; ... 8 more ...; attiva?: number | ... 2 more ... | undefined; }'.
      Property 'id' is missing in type '{ nome: string; prodottoFinito: string; note?: string | null | undefined; descrizione?: string | null | undefined; createdBy?: string | null | undefined; costo?: string | null | undefined; versione?: string | ... 1 more ... | undefined; tempoLavorazione?: number | ... 1 more ... | undefined; attiva?: number | undefi...' but required in type '{ id: string | SQL<unknown> | Placeholder<string, any>; nome: string | SQL<unknown> | Placeholder<string, any>; prodottoFinito: string | SQL<unknown> | Placeholder<...>; ... 8 more ...; attiva?: number | ... 2 more ... | undefined; }'.
  Overload 2 of 2, '(values: { id: string | SQL<unknown> | Placeholder<string, any>; nome: string | SQL<unknown> | Placeholder<string, any>; prodottoFinito: string | SQL<unknown> | Placeholder<...>; ... 8 more ...; attiva?: number | ... 2 more ... | undefined; }[]): SQLiteInsertBase<...>', gave the following error.
    Argument of type '{ nome: string; prodottoFinito: string; note?: string | null | undefined; descrizione?: string | null | undefined; createdBy?: string | null | undefined; costo?: string | null | undefined; versione?: string | ... 1 more ... | undefined; tempoLavorazione?: number | ... 1 more ... | undefined; attiva?: number | undefi...' is not assignable to parameter of type '{ id: string | SQL<unknown> | Placeholder<string, any>; nome: string | SQL<unknown> | Placeholder<string, any>; prodottoFinito: string | SQL<unknown> | Placeholder<...>; ... 8 more ...; attiva?: number | ... 2 more ... | undefined; }[]'.
      Type '{ nome: string; prodottoFinito: string; note?: string | null | undefined; descrizione?: string | null | undefined; createdBy?: string | null | undefined; costo?: string | null | undefined; versione?: string | ... 1 more ... | undefined; tempoLavorazione?: number | ... 1 more ... | undefined; attiva?: number | undefi...' is missing the following properties from type '{ id: string | SQL<unknown> | Placeholder<string, any>; nome: string | SQL<unknown> | Placeholder<string, any>; prodottoFinito: string | SQL<unknown> | Placeholder<...>; ... 8 more ...; attiva?: number | ... 2 more ... | undefined; }[]': length, pop, push, concat, and 35 more.
server/storage.ts(3023,68): error TS2322: Type 'Date' is not assignable to type 'string | SQL<unknown> | SQLiteColumn<ColumnBaseConfig<ColumnDataType, string>, {}, {}> | null | undefined'.
server/storage.ts(3041,58): error TS2769: No overload matches this call.
  Overload 1 of 2, '(value: { id: string | SQL<unknown> | Placeholder<string, any>; quantita: string | SQL<unknown> | Placeholder<string, any>; bomId: string | SQL<unknown> | Placeholder<...>; componenteId: string | ... 1 more ... | Placeholder<...>; note?: string | ... 3 more ... | undefined; ordine?: number | ... 3 more ... | undefined; unitaMisura?: string | ... 3 more ... | undefined; }): SQLiteInsertBase<...>', gave the following error.
    Argument of type '{ quantita: string; bomId: string; componenteId: string; note?: string | null | undefined; ordine?: number | null | undefined; unitaMisura?: string | null | undefined; }' is not assignable to parameter of type '{ id: string | SQL<unknown> | Placeholder<string, any>; quantita: string | SQL<unknown> | Placeholder<string, any>; bomId: string | SQL<unknown> | Placeholder<string, any>; componenteId: string | ... 1 more ... | Placeholder<...>; note?: string | ... 3 more ... | undefined; ordine?: number | ... 3 more ... | undefin...'.
      Property 'id' is missing in type '{ quantita: string; bomId: string; componenteId: string; note?: string | null | undefined; ordine?: number | null | undefined; unitaMisura?: string | null | undefined; }' but required in type '{ id: string | SQL<unknown> | Placeholder<string, any>; quantita: string | SQL<unknown> | Placeholder<string, any>; bomId: string | SQL<unknown> | Placeholder<string, any>; componenteId: string | ... 1 more ... | Placeholder<...>; note?: string | ... 3 more ... | undefined; ordine?: number | ... 3 more ... | undefin...'.
  Overload 2 of 2, '(values: { id: string | SQL<unknown> | Placeholder<string, any>; quantita: string | SQL<unknown> | Placeholder<string, any>; bomId: string | SQL<unknown> | Placeholder<...>; componenteId: string | ... 1 more ... | Placeholder<...>; note?: string | ... 3 more ... | undefined; ordine?: number | ... 3 more ... | undefined; unitaMisura?: string | ... 3 more ... | undefined; }[]): SQLiteInsertBase<...>', gave the following error.
    Argument of type '{ quantita: string; bomId: string; componenteId: string; note?: string | null | undefined; ordine?: number | null | undefined; unitaMisura?: string | null | undefined; }' is not assignable to parameter of type '{ id: string | SQL<unknown> | Placeholder<string, any>; quantita: string | SQL<unknown> | Placeholder<string, any>; bomId: string | SQL<unknown> | Placeholder<string, any>; componenteId: string | ... 1 more ... | Placeholder<...>; note?: string | ... 3 more ... | undefined; ordine?: number | ... 3 more ... | undefin...'.
      Type '{ quantita: string; bomId: string; componenteId: string; note?: string | null | undefined; ordine?: number | null | undefined; unitaMisura?: string | null | undefined; }' is missing the following properties from type '{ id: string | SQL<unknown> | Placeholder<string, any>; quantita: string | SQL<unknown> | Placeholder<string, any>; bomId: string | SQL<unknown> | Placeholder<string, any>; componenteId: string | ... 1 more ... | Placeholder<...>; note?: string | ... 3 more ... | undefined; ordine?: number | ... 3 more ... | undefin...': length, pop, push, concat, and 35 more.
server/storage.ts(3078,69): error TS2322: Type 'Date' is not assignable to type 'string | SQL<unknown> | SQLiteColumn<ColumnBaseConfig<ColumnDataType, string>, {}, {}> | null | undefined'.
server/storage.ts(3139,61): error TS2322: Type 'Date' is not assignable to type 'string | SQL<unknown> | SQLiteColumn<ColumnBaseConfig<ColumnDataType, string>, {}, {}> | null | undefined'.
server/storage.ts(3171,67): error TS2322: Type 'Date' is not assignable to type 'string | SQL<unknown> | SQLiteColumn<ColumnBaseConfig<ColumnDataType, string>, {}, {}> | null | undefined'.
server/storage.ts(3208,64): error TS2322: Type 'Date' is not assignable to type 'string | SQL<unknown> | SQLiteColumn<ColumnBaseConfig<ColumnDataType, string>, {}, {}> | null | undefined'.
server/storage.ts(3238,21): error TS2339: Property 'dataOra' does not exist on type '{ tipo: string; clienteId?: string | null | undefined; oggetto?: string | null | undefined; createdBy?: string | null | undefined; emailId?: string | null | undefined; leadId?: string | null | undefined; ... 7 more ...; direzione?: string | ... 1 more ... | undefined; }'.
server/storage.ts(3257,53): error TS2769: No overload matches this call.
  Overload 1 of 2, '(value: { id: string | SQL<unknown> | Placeholder<string, any>; nome: string | SQL<unknown> | Placeholder<string, any>; email?: string | SQL<unknown> | Placeholder<string, any> | null | undefined; ... 7 more ...; costoBase?: string | ... 3 more ... | undefined; }): SQLiteInsertBase<...>', gave the following error.
    Argument of type '{ nome: string; email?: string | null | undefined; telefono?: string | null | undefined; website?: string | null | undefined; note?: string | null | undefined; attivo?: number | null | undefined; codice?: string | ... 1 more ... | undefined; urlTracking?: string | ... 1 more ... | undefined; costoBase?: string | ......' is not assignable to parameter of type '{ id: string | SQL<unknown> | Placeholder<string, any>; nome: string | SQL<unknown> | Placeholder<string, any>; email?: string | SQL<unknown> | Placeholder<string, any> | null | undefined; ... 7 more ...; costoBase?: string | ... 3 more ... | undefined; }'.
      Property 'id' is missing in type '{ nome: string; email?: string | null | undefined; telefono?: string | null | undefined; website?: string | null | undefined; note?: string | null | undefined; attivo?: number | null | undefined; codice?: string | ... 1 more ... | undefined; urlTracking?: string | ... 1 more ... | undefined; costoBase?: string | ......' but required in type '{ id: string | SQL<unknown> | Placeholder<string, any>; nome: string | SQL<unknown> | Placeholder<string, any>; email?: string | SQL<unknown> | Placeholder<string, any> | null | undefined; ... 7 more ...; costoBase?: string | ... 3 more ... | undefined; }'.
  Overload 2 of 2, '(values: { id: string | SQL<unknown> | Placeholder<string, any>; nome: string | SQL<unknown> | Placeholder<string, any>; email?: string | SQL<unknown> | Placeholder<string, any> | null | undefined; ... 7 more ...; costoBase?: string | ... 3 more ... | undefined; }[]): SQLiteInsertBase<...>', gave the following error.
    Argument of type '{ nome: string; email?: string | null | undefined; telefono?: string | null | undefined; website?: string | null | undefined; note?: string | null | undefined; attivo?: number | null | undefined; codice?: string | ... 1 more ... | undefined; urlTracking?: string | ... 1 more ... | undefined; costoBase?: string | ......' is not assignable to parameter of type '{ id: string | SQL<unknown> | Placeholder<string, any>; nome: string | SQL<unknown> | Placeholder<string, any>; email?: string | SQL<unknown> | Placeholder<string, any> | null | undefined; ... 7 more ...; costoBase?: string | ... 3 more ... | undefined; }[]'.
      Type '{ nome: string; email?: string | null | undefined; telefono?: string | null | undefined; website?: string | null | undefined; note?: string | null | undefined; attivo?: number | null | undefined; codice?: string | ... 1 more ... | undefined; urlTracking?: string | ... 1 more ... | undefined; costoBase?: string | ......' is missing the following properties from type '{ id: string | SQL<unknown> | Placeholder<string, any>; nome: string | SQL<unknown> | Placeholder<string, any>; email?: string | SQL<unknown> | Placeholder<string, any> | null | undefined; ... 7 more ...; costoBase?: string | ... 3 more ... | undefined; }[]': length, pop, push, concat, and 35 more.
server/storage.ts(3284,55): error TS2769: No overload matches this call.
  Overload 1 of 2, '(value: { id: string | SQL<unknown> | Placeholder<string, any>; data: string | SQL<unknown> | Placeholder<string, any>; numero: string | SQL<unknown> | Placeholder<string, any>; ... 33 more ...; dataNotificaConsegna?: string | ... 3 more ... | undefined; }): SQLiteInsertBase<...>', gave the following error.
    Argument of type '{ data: string; numero: string; stato?: string | undefined; clienteId?: string | null | undefined; dataConsegnaEffettiva?: string | null | undefined; createdBy?: string | null | undefined; ... 27 more ...; dataNotificaConsegna?: string | ... 1 more ... | undefined; }' is not assignable to parameter of type '{ id: string | SQL<unknown> | Placeholder<string, any>; data: string | SQL<unknown> | Placeholder<string, any>; numero: string | SQL<unknown> | Placeholder<string, any>; ... 33 more ...; dataNotificaConsegna?: string | ... 3 more ... | undefined; }'.
      Property 'id' is missing in type '{ data: string; numero: string; stato?: string | undefined; clienteId?: string | null | undefined; dataConsegnaEffettiva?: string | null | undefined; createdBy?: string | null | undefined; ... 27 more ...; dataNotificaConsegna?: string | ... 1 more ... | undefined; }' but required in type '{ id: string | SQL<unknown> | Placeholder<string, any>; data: string | SQL<unknown> | Placeholder<string, any>; numero: string | SQL<unknown> | Placeholder<string, any>; ... 33 more ...; dataNotificaConsegna?: string | ... 3 more ... | undefined; }'.
  Overload 2 of 2, '(values: { id: string | SQL<unknown> | Placeholder<string, any>; data: string | SQL<unknown> | Placeholder<string, any>; numero: string | SQL<unknown> | Placeholder<string, any>; ... 33 more ...; dataNotificaConsegna?: string | ... 3 more ... | undefined; }[]): SQLiteInsertBase<...>', gave the following error.
    Argument of type '{ data: string; numero: string; stato?: string | undefined; clienteId?: string | null | undefined; dataConsegnaEffettiva?: string | null | undefined; createdBy?: string | null | undefined; ... 27 more ...; dataNotificaConsegna?: string | ... 1 more ... | undefined; }' is not assignable to parameter of type '{ id: string | SQL<unknown> | Placeholder<string, any>; data: string | SQL<unknown> | Placeholder<string, any>; numero: string | SQL<unknown> | Placeholder<string, any>; ... 33 more ...; dataNotificaConsegna?: string | ... 3 more ... | undefined; }[]'.
      Type '{ data: string; numero: string; stato?: string | undefined; clienteId?: string | null | undefined; dataConsegnaEffettiva?: string | null | undefined; createdBy?: string | null | undefined; ... 27 more ...; dataNotificaConsegna?: string | ... 1 more ... | undefined; }' is missing the following properties from type '{ id: string | SQL<unknown> | Placeholder<string, any>; data: string | SQL<unknown> | Placeholder<string, any>; numero: string | SQL<unknown> | Placeholder<string, any>; ... 33 more ...; dataNotificaConsegna?: string | ... 3 more ... | undefined; }[]': length, pop, push, concat, and 35 more.
server/storage.ts(3289,63): error TS2322: Type 'Date' is not assignable to type 'string | SQL<unknown> | SQLiteColumn<ColumnBaseConfig<ColumnDataType, string>, {}, {}> | null | undefined'.
server/storage.ts(3313,60): error TS2769: No overload matches this call.
  Overload 1 of 2, '(value: { id: string | SQL<unknown> | Placeholder<string, any>; descrizione: string | SQL<unknown> | Placeholder<string, any>; spedizioneId: string | SQL<unknown> | Placeholder<...>; ... 6 more ...; prelevato?: number | ... 3 more ... | undefined; }): SQLiteInsertBase<...>', gave the following error.
    Argument of type '{ descrizione: string; spedizioneId: string; note?: string | null | undefined; quantita?: string | undefined; unitaMisura?: string | null | undefined; prodottoId?: string | null | undefined; peso?: string | ... 1 more ... | undefined; prelevato?: number | ... 1 more ... | undefined; }' is not assignable to parameter of type '{ id: string | SQL<unknown> | Placeholder<string, any>; descrizione: string | SQL<unknown> | Placeholder<string, any>; spedizioneId: string | SQL<unknown> | Placeholder<...>; ... 6 more ...; prelevato?: number | ... 3 more ... | undefined; }'.
      Property 'id' is missing in type '{ descrizione: string; spedizioneId: string; note?: string | null | undefined; quantita?: string | undefined; unitaMisura?: string | null | undefined; prodottoId?: string | null | undefined; peso?: string | ... 1 more ... | undefined; prelevato?: number | ... 1 more ... | undefined; }' but required in type '{ id: string | SQL<unknown> | Placeholder<string, any>; descrizione: string | SQL<unknown> | Placeholder<string, any>; spedizioneId: string | SQL<unknown> | Placeholder<...>; ... 6 more ...; prelevato?: number | ... 3 more ... | undefined; }'.
  Overload 2 of 2, '(values: { id: string | SQL<unknown> | Placeholder<string, any>; descrizione: string | SQL<unknown> | Placeholder<string, any>; spedizioneId: string | SQL<unknown> | Placeholder<...>; ... 6 more ...; prelevato?: number | ... 3 more ... | undefined; }[]): SQLiteInsertBase<...>', gave the following error.
    Argument of type '{ descrizione: string; spedizioneId: string; note?: string | null | undefined; quantita?: string | undefined; unitaMisura?: string | null | undefined; prodottoId?: string | null | undefined; peso?: string | ... 1 more ... | undefined; prelevato?: number | ... 1 more ... | undefined; }' is not assignable to parameter of type '{ id: string | SQL<unknown> | Placeholder<string, any>; descrizione: string | SQL<unknown> | Placeholder<string, any>; spedizioneId: string | SQL<unknown> | Placeholder<...>; ... 6 more ...; prelevato?: number | ... 3 more ... | undefined; }[]'.
      Type '{ descrizione: string; spedizioneId: string; note?: string | null | undefined; quantita?: string | undefined; unitaMisura?: string | null | undefined; prodottoId?: string | null | undefined; peso?: string | ... 1 more ... | undefined; prelevato?: number | ... 1 more ... | undefined; }' is missing the following properties from type '{ id: string | SQL<unknown> | Placeholder<string, any>; descrizione: string | SQL<unknown> | Placeholder<string, any>; spedizioneId: string | SQL<unknown> | Placeholder<...>; ... 6 more ...; prelevato?: number | ... 3 more ... | undefined; }[]': length, pop, push, concat, and 35 more.
server/storage.ts(3378,70): error TS2769: No overload matches this call.
  Overload 1 of 3, '(left: SQLiteColumn<{ name: "principale"; tableName: "azienda_conti_bancari"; dataType: "number"; columnType: "SQLiteInteger"; data: number; driverParam: number; notNull: false; hasDefault: true; isPrimaryKey: false; ... 5 more ...; generated: undefined; }, {}, {}>, right: number | SQLWrapper): SQL<...>', gave the following error.
    Argument of type 'boolean' is not assignable to parameter of type 'number | SQLWrapper'.
  Overload 2 of 3, '(left: Aliased<boolean>, right: boolean | SQLWrapper): SQL<unknown>', gave the following error.
    Argument of type 'SQLiteColumn<{ name: "principale"; tableName: "azienda_conti_bancari"; dataType: "number"; columnType: "SQLiteInteger"; data: number; driverParam: number; notNull: false; hasDefault: true; isPrimaryKey: false; ... 5 more ...; generated: undefined; }, {}, {}>' is not assignable to parameter of type 'Aliased<boolean>'.
      Type 'SQLiteColumn<{ name: "principale"; tableName: "azienda_conti_bancari"; dataType: "number"; columnType: "SQLiteInteger"; data: number; driverParam: number; notNull: false; hasDefault: true; isPrimaryKey: false; ... 5 more ...; generated: undefined; }, {}, {}>' is missing the following properties from type 'Aliased<boolean>': sql, fieldAlias
  Overload 3 of 3, '(left: never, right: unknown): SQL<unknown>', gave the following error.
    Argument of type 'SQLiteColumn<{ name: "principale"; tableName: "azienda_conti_bancari"; dataType: "number"; columnType: "SQLiteInteger"; data: number; driverParam: number; notNull: false; hasDefault: true; isPrimaryKey: false; ... 5 more ...; generated: undefined; }, {}, {}>' is not assignable to parameter of type 'never'.
server/storage.ts(3385,50): error TS2322: Type 'false' is not assignable to type 'number | SQL<unknown> | SQLiteColumn<ColumnBaseConfig<ColumnDataType, string>, {}, {}> | null | undefined'.
server/storage.ts(3385,77): error TS2769: No overload matches this call.
  Overload 1 of 3, '(left: SQLiteColumn<{ name: "principale"; tableName: "azienda_conti_bancari"; dataType: "number"; columnType: "SQLiteInteger"; data: number; driverParam: number; notNull: false; hasDefault: true; isPrimaryKey: false; ... 5 more ...; generated: undefined; }, {}, {}>, right: number | SQLWrapper): SQL<...>', gave the following error.
    Argument of type 'boolean' is not assignable to parameter of type 'number | SQLWrapper'.
  Overload 2 of 3, '(left: Aliased<boolean>, right: boolean | SQLWrapper): SQL<unknown>', gave the following error.
    Argument of type 'SQLiteColumn<{ name: "principale"; tableName: "azienda_conti_bancari"; dataType: "number"; columnType: "SQLiteInteger"; data: number; driverParam: number; notNull: false; hasDefault: true; isPrimaryKey: false; ... 5 more ...; generated: undefined; }, {}, {}>' is not assignable to parameter of type 'Aliased<boolean>'.
      Type 'SQLiteColumn<{ name: "principale"; tableName: "azienda_conti_bancari"; dataType: "number"; columnType: "SQLiteInteger"; data: number; driverParam: number; notNull: false; hasDefault: true; isPrimaryKey: false; ... 5 more ...; generated: undefined; }, {}, {}>' is missing the following properties from type 'Aliased<boolean>': sql, fieldAlias
  Overload 3 of 3, '(left: never, right: unknown): SQL<unknown>', gave the following error.
    Argument of type 'SQLiteColumn<{ name: "principale"; tableName: "azienda_conti_bancari"; dataType: "number"; columnType: "SQLiteInteger"; data: number; driverParam: number; notNull: false; hasDefault: true; isPrimaryKey: false; ... 5 more ...; generated: undefined; }, {}, {}>' is not assignable to parameter of type 'never'.
server/storage.ts(3399,50): error TS2322: Type 'false' is not assignable to type 'number | SQL<unknown> | SQLiteColumn<ColumnBaseConfig<ColumnDataType, string>, {}, {}> | null | undefined'.
server/storage.ts(3399,77): error TS2769: No overload matches this call.
  Overload 1 of 3, '(left: SQLiteColumn<{ name: "principale"; tableName: "azienda_conti_bancari"; dataType: "number"; columnType: "SQLiteInteger"; data: number; driverParam: number; notNull: false; hasDefault: true; isPrimaryKey: false; ... 5 more ...; generated: undefined; }, {}, {}>, right: number | SQLWrapper): SQL<...>', gave the following error.
    Argument of type 'boolean' is not assignable to parameter of type 'number | SQLWrapper'.
  Overload 2 of 3, '(left: Aliased<boolean>, right: boolean | SQLWrapper): SQL<unknown>', gave the following error.
    Argument of type 'SQLiteColumn<{ name: "principale"; tableName: "azienda_conti_bancari"; dataType: "number"; columnType: "SQLiteInteger"; data: number; driverParam: number; notNull: false; hasDefault: true; isPrimaryKey: false; ... 5 more ...; generated: undefined; }, {}, {}>' is not assignable to parameter of type 'Aliased<boolean>'.
      Type 'SQLiteColumn<{ name: "principale"; tableName: "azienda_conti_bancari"; dataType: "number"; columnType: "SQLiteInteger"; data: number; driverParam: number; notNull: false; hasDefault: true; isPrimaryKey: false; ... 5 more ...; generated: undefined; }, {}, {}>' is missing the following properties from type 'Aliased<boolean>': sql, fieldAlias
  Overload 3 of 3, '(left: never, right: unknown): SQL<unknown>', gave the following error.
    Argument of type 'SQLiteColumn<{ name: "principale"; tableName: "azienda_conti_bancari"; dataType: "number"; columnType: "SQLiteInteger"; data: number; driverParam: number; notNull: false; hasDefault: true; isPrimaryKey: false; ... 5 more ...; generated: undefined; }, {}, {}>' is not assignable to parameter of type 'never'.
server/storage.ts(3401,72): error TS2322: Type 'Date' is not assignable to type 'string | SQL<unknown> | SQLiteColumn<ColumnBaseConfig<ColumnDataType, string>, {}, {}> | null | undefined'.
server/storage.ts(3486,69): error TS2322: Type 'Date' is not assignable to type 'string | SQL<unknown> | SQLiteColumn<ColumnBaseConfig<ColumnDataType, string>, {}, {}> | null | undefined'.
server/storage.ts(3597,68): error TS2322: Type 'Date' is not assignable to type 'string | SQL<unknown> | SQLiteColumn<ColumnBaseConfig<ColumnDataType, string>, {}, {}> | null | undefined'.
server/storage.ts(3629,66): error TS2322: Type 'Date' is not assignable to type 'string | SQL<unknown> | SQLiteColumn<ColumnBaseConfig<ColumnDataType, string>, {}, {}> | null | undefined'.
server/storage.ts(3695,47): error TS2769: No overload matches this call.
  Overload 1 of 2, '(value: { id: string | SQL<unknown> | Placeholder<string, any>; userId: string | SQL<unknown> | Placeholder<string, any>; title?: string | SQL<unknown> | Placeholder<string, any> | null | undefined; ... 12 more ...; orderIndex?: number | ... 3 more ... | undefined; }): SQLiteInsertBase<...>', gave the following error.
    Argument of type '{ id: `${string}-${string}-${string}-${string}-${string}`; createdAt: string; updatedAt: string; userId: string; title?: string | null | undefined; color?: string | null | undefined; deleted?: boolean | undefined; ... 8 more ...; orderIndex?: number | ... 1 more ... | undefined; }' is not assignable to parameter of type '{ id: string | SQL<unknown> | Placeholder<string, any>; userId: string | SQL<unknown> | Placeholder<string, any>; title?: string | SQL<unknown> | Placeholder<string, any> | null | undefined; ... 12 more ...; orderIndex?: number | ... 3 more ... | undefined; }'.
      Types of property 'labels' are incompatible.
        Type '{ [x: number]: string; length: number; toString: () => string; toLocaleString: { (): string; (locales: string | string[], options?: (NumberFormatOptions & DateTimeFormatOptions) | undefined): string; }; ... 37 more ...; readonly [Symbol.unscopables]: { ...; }; } | null | undefined' is not assignable to type 'string[] | SQL<unknown> | Placeholder<string, any> | null | undefined'.
          Type '{ [x: number]: string; length: number; toString: () => string; toLocaleString: { (): string; (locales: string | string[], options?: (NumberFormatOptions & DateTimeFormatOptions) | undefined): string; }; ... 37 more ...; readonly [Symbol.unscopables]: { ...; }; }' is not assignable to type 'string[] | SQL<unknown> | Placeholder<string, any> | null | undefined'.
            Type '{ [x: number]: string; length: number; toString: () => string; toLocaleString: { (): string; (locales: string | string[], options?: (NumberFormatOptions & DateTimeFormatOptions) | undefined): string; }; ... 37 more ...; readonly [Symbol.unscopables]: { ...; }; }' is not assignable to type 'string[]'.
              The types returned by 'pop()' are incompatible between these types.
                Type 'unknown' is not assignable to type 'string | undefined'.
  Overload 2 of 2, '(values: { id: string | SQL<unknown> | Placeholder<string, any>; userId: string | SQL<unknown> | Placeholder<string, any>; title?: string | SQL<unknown> | Placeholder<string, any> | null | undefined; ... 12 more ...; orderIndex?: number | ... 3 more ... | undefined; }[]): SQLiteInsertBase<...>', gave the following error.
    Object literal may only specify known properties, and 'id' does not exist in type '{ id: string | SQL<unknown> | Placeholder<string, any>; userId: string | SQL<unknown> | Placeholder<string, any>; title?: string | SQL<unknown> | Placeholder<string, any> | null | undefined; ... 12 more ...; orderIndex?: number | ... 3 more ... | undefined; }[]'.
server/storage.ts(3705,51): error TS2345: Argument of type '{ updatedAt: string; userId?: string | undefined; title?: string | null | undefined; color?: string | null | undefined; deleted?: boolean | undefined; content?: string | null | undefined; ... 7 more ...; orderIndex?: number | ... 1 more ... | undefined; }' is not assignable to parameter of type '{ id?: string | SQL<unknown> | SQLiteColumn<ColumnBaseConfig<ColumnDataType, string>, {}, {}> | undefined; userId?: string | SQL<...> | SQLiteColumn<...> | undefined; ... 13 more ...; orderIndex?: number | ... 3 more ... | undefined; }'.
  Types of property 'labels' are incompatible.
    Type '{ [x: number]: string; length: number; toString: () => string; toLocaleString: { (): string; (locales: string | string[], options?: (NumberFormatOptions & DateTimeFormatOptions) | undefined): string; }; ... 37 more ...; readonly [Symbol.unscopables]: { ...; }; } | null | undefined' is not assignable to type 'string[] | SQL<unknown> | SQLiteColumn<ColumnBaseConfig<ColumnDataType, string>, {}, {}> | null | undefined'.
      Type '{ [x: number]: string; length: number; toString: () => string; toLocaleString: { (): string; (locales: string | string[], options?: (NumberFormatOptions & DateTimeFormatOptions) | undefined): string; }; ... 37 more ...; readonly [Symbol.unscopables]: { ...; }; }' is not assignable to type 'string[] | SQL<unknown> | SQLiteColumn<ColumnBaseConfig<ColumnDataType, string>, {}, {}> | null | undefined'.
        Type '{ [x: number]: string; length: number; toString: () => string; toLocaleString: { (): string; (locales: string | string[], options?: (NumberFormatOptions & DateTimeFormatOptions) | undefined): string; }; ... 37 more ...; readonly [Symbol.unscopables]: { ...; }; }' is not assignable to type 'string[]'.
          The types returned by 'pop()' are incompatible between these types.
            Type 'unknown' is not assignable to type 'string | undefined'.
server/storage.ts(3779,9): error TS2393: Duplicate function implementation.
server/storage.ts(3792,9): error TS2393: Duplicate function implementation.
server/storage.ts(3802,9): error TS2393: Duplicate function implementation.
server/storage.ts(3808,9): error TS2393: Duplicate function implementation.
server/storage.ts(3821,9): error TS2393: Duplicate function implementation.
server/storage.ts(3831,9): error TS2393: Duplicate function implementation.
server/storage.ts(3838,89): error TS2339: Property 'date' does not exist on type 'SQLiteTableWithColumns<{ name: "finance_transactions"; schema: undefined; columns: { id: SQLiteColumn<{ name: "id"; tableName: "finance_transactions"; dataType: "string"; columnType: "SQLiteText"; data: string; driverParam: string; ... 8 more ...; generated: undefined; }, {}, { ...; }>; ... 17 more ...; updatedAt: S...'.
server/storage.ts(3847,141): error TS2339: Property 'date' does not exist on type 'SQLiteTableWithColumns<{ name: "finance_transactions"; schema: undefined; columns: { id: SQLiteColumn<{ name: "id"; tableName: "finance_transactions"; dataType: "string"; columnType: "SQLiteText"; data: string; driverParam: string; ... 8 more ...; generated: undefined; }, {}, { ...; }>; ... 17 more ...; updatedAt: S...'.
server/storage.ts(3897,9): error TS2393: Duplicate function implementation.
server/storage.ts(3898,83): error TS2551: Property 'lastMessageAt' does not exist on type 'SQLiteTableWithColumns<{ name: "whatsapp_contacts"; schema: undefined; columns: { id: SQLiteColumn<{ name: "id"; tableName: "whatsapp_contacts"; dataType: "string"; columnType: "SQLiteText"; data: string; driverParam: string; ... 8 more ...; generated: undefined; }, {}, { ...; }>; ... 9 more ...; updatedAt: SQLiteCo...'. Did you mean 'lastMessageTime'?
server/storage.ts(3901,9): error TS2393: Duplicate function implementation.
server/storage.ts(3937,9): error TS2393: Duplicate function implementation.
server/storage.ts(3941,9): error TS2393: Duplicate function implementation.
server/storage.ts(3952,9): error TS2393: Duplicate function implementation.
server/storage.ts(3962,9): error TS2393: Duplicate function implementation.
server/storage.ts(3967,9): error TS2393: Duplicate function implementation.
server/whatsappService.ts(161,45): error TS2345: Argument of type '{ contactId: string; content: any; type: string; }' is not assignable to parameter of type '{ timestamp: string; contactId: string; direction: string; status?: string | null | undefined; type?: string | null | undefined; content?: string | null | undefined; mediaUrl?: string | null | undefined; whatsappId?: string | ... 1 more ... | undefined; isDeleted?: number | ... 1 more ... | undefined; }'.
  Type '{ contactId: string; content: any; type: string; }' is missing the following properties from type '{ timestamp: string; contactId: string; direction: string; status?: string | null | undefined; type?: string | null | undefined; content?: string | null | undefined; mediaUrl?: string | null | undefined; whatsappId?: string | ... 1 more ... | undefined; isDeleted?: number | ... 1 more ... | undefined; }': timestamp, direction
server/whatsappService.ts(218,43): error TS2345: Argument of type '{ contactId: string; content: string; type: string; }' is not assignable to parameter of type '{ timestamp: string; contactId: string; direction: string; status?: string | null | undefined; type?: string | null | undefined; content?: string | null | undefined; mediaUrl?: string | null | undefined; whatsappId?: string | ... 1 more ... | undefined; isDeleted?: number | ... 1 more ... | undefined; }'.
  Type '{ contactId: string; content: string; type: string; }' is missing the following properties from type '{ timestamp: string; contactId: string; direction: string; status?: string | null | undefined; type?: string | null | undefined; content?: string | null | undefined; mediaUrl?: string | null | undefined; whatsappId?: string | ... 1 more ... | undefined; isDeleted?: number | ... 1 more ... | undefined; }': timestamp, direction
shared/schema.ts(50,81): error TS2345: Argument of type 'string' is not assignable to parameter of type 'string[] | SQL<unknown>'.
shared/schema.ts(54,68): error TS2345: Argument of type 'string' is not assignable to parameter of type 'string[] | SQL<unknown>'.
shared/schema.ts(148,72): error TS2345: Argument of type 'string' is not assignable to parameter of type 'string[] | SQL<unknown>'.
shared/schema.ts(440,77): error TS2345: Argument of type 'string' is not assignable to parameter of type 'string[] | SQL<unknown>'.
shared/schema.ts(637,70): error TS2345: Argument of type 'string' is not assignable to parameter of type 'string[] | SQL<unknown>'.
shared/schema.ts(638,84): error TS2345: Argument of type 'string' is not assignable to parameter of type 'any[] | SQL<unknown>'.
shared/schema.ts(2511,70): error TS2345: Argument of type 'string' is not assignable to parameter of type 'string[] | SQL<unknown>'.
shared/schema.ts(2534,74): error TS2345: Argument of type 'string' is not assignable to parameter of type 'string[] | SQL<unknown>'.
shared/schema.ts(2555,66): error TS2345: Argument of type 'string' is not assignable to parameter of type 'string[] | SQL<unknown>'.
